Component: ARM Compiler 5.05 update 1 (build 106) Tool: armlink [4d0efa]

==============================================================================

Section Cross References

    main.o(.text) refers to gui_core.o(i.GUI_Init) for GUI_Init
    main.o(.text) refers to gui_setfont.o(i.GUI_SetFont) for GUI_SetFont
    main.o(.text) refers to gui_curs1.o(i.GUI_CURSOR_Show) for GUI_CURSOR_Show
    main.o(.text) refers to gui_curs1.o(i.GUI_CURSOR_Select) for GUI_CURSOR_Select
    main.o(.text) refers to gui_setcolor.o(i.GUI_SetBkColor) for GUI_SetBkColor
    main.o(.text) refers to gui_setcolor.o(i.GUI_SetColor) for GUI_SetColor
    main.o(.text) refers to gui_core.o(i.GUI_Clear) for GUI_Clear
    main.o(.text) refers to gui_dispstring.o(i.GUI_DispString) for GUI_DispString
    main.o(.text) refers to gui_touch.o(i.GUI_TOUCH_GetState) for GUI_TOUCH_GetState
    main.o(.text) refers to gui_touch_driveranalog.o(i.GUI_TOUCH_GetxPhys) for GUI_TOUCH_GetxPhys
    main.o(.text) refers to gui_touch_driveranalog.o(i.GUI_TOUCH_GetyPhys) for GUI_TOUCH_GetyPhys
    main.o(.text) refers to gui_dispstringat.o(i.GUI_DispStringAt) for GUI_DispStringAt
    main.o(.text) refers to gui_getdisppos.o(i.GUI_GetDispPosY) for GUI_GetDispPosY
    main.o(.text) refers to gui_goto.o(i.GUI_GotoY) for GUI_GotoY
    main.o(.text) refers to gui_val.o(i.GUI_DispDec) for GUI_DispDec
    main.o(.text) refers to delay.o(.text) for delay_ms
    main.o(.text) refers to misc.o(.text) for NVIC_PriorityGroupConfig
    main.o(.text) refers to usart.o(.text) for uart_init
    main.o(.text) refers to led.o(.text) for LED_Init
    main.o(.text) refers to key.o(.text) for KEY_Init
    main.o(.text) refers to my_lcd.o(.text) for MY_LCD_Init
    main.o(.text) refers to touch.o(.text) for TP_Init
    main.o(.text) refers to sram.o(.text) for FSMC_SRAM_Init
    main.o(.text) refers to malloc.o(.text) for my_mem_init
    main.o(.text) refers to stm32f10x_rcc.o(.text) for RCC_AHBPeriphClockCmd
    main.o(.text) refers to guidemo.o(.text) for GUIDEMO_Main
    main.o(.text) refers to f20_ascii.o(.constdata) for GUI_Font20_ASCII
    main.o(.text) refers to gui_cursorcrossl.o(.constdata) for GUI_CursorCrossL
    system_stm32f10x.o(.text) refers to system_stm32f10x.o(.data) for SystemCoreClock
    led.o(.text) refers to stm32f10x_rcc.o(.text) for RCC_APB2PeriphClockCmd
    led.o(.text) refers to stm32f10x_gpio.o(.text) for GPIO_Init
    key.o(.text) refers to stm32f10x_rcc.o(.text) for RCC_APB2PeriphClockCmd
    key.o(.text) refers to stm32f10x_gpio.o(.text) for GPIO_Init
    key.o(.text) refers to delay.o(.text) for delay_ms
    key.o(.text) refers to key.o(.data) for key_up
    sram.o(.text) refers to stm32f10x_rcc.o(.text) for RCC_APB2PeriphClockCmd
    sram.o(.text) refers to stm32f10x_gpio.o(.text) for GPIO_Init
    sram.o(.text) refers to stm32f10x_fsmc.o(.text) for FSMC_NORSRAMInit
    my_lcd.o(.text) refers to _printf_percent.o(.ARM.Collect$$_printf_percent$$00000000) for _printf_percent
    my_lcd.o(.text) refers to _printf_x.o(.ARM.Collect$$_printf_percent$$0000000C) for _printf_x
    my_lcd.o(.text) refers to _printf_hex_int.o(.text) for _printf_longlong_hex
    my_lcd.o(.text) refers to delay.o(.text) for delay_us
    my_lcd.o(.text) refers to my_lcd.o(.bss) for lcddev
    my_lcd.o(.text) refers to my_lcd.o(.data) for POINT_COLOR
    my_lcd.o(.text) refers to dflt_clz.o(x$fpl$dfltu) for __aeabi_ui2d
    my_lcd.o(.text) refers to dmul.o(x$fpl$dmul) for __aeabi_dmul
    my_lcd.o(.text) refers to dfixu.o(x$fpl$dfixu) for __aeabi_d2uiz
    my_lcd.o(.text) refers to stm32f10x_rcc.o(.text) for RCC_AHBPeriphClockCmd
    my_lcd.o(.text) refers to stm32f10x_gpio.o(.text) for GPIO_Init
    my_lcd.o(.text) refers to stm32f10x_fsmc.o(.text) for FSMC_NORSRAMInit
    my_lcd.o(.text) refers to noretval__2printf.o(.text) for __2printf
    my_lcd.o(.text) refers to my_lcd.o(.constdata) for asc2_1206
    24cxx.o(.text) refers to myiic.o(.text) for IIC_Init
    24cxx.o(.text) refers to delay.o(.text) for delay_ms
    flash.o(.text) refers to spi.o(.text) for SPI2_ReadWriteByte
    flash.o(.text) refers to stm32f10x_rcc.o(.text) for RCC_APB2PeriphClockCmd
    flash.o(.text) refers to stm32f10x_gpio.o(.text) for GPIO_Init
    flash.o(.text) refers to delay.o(.text) for delay_us
    flash.o(.text) refers to flash.o(.data) for SPI_FLASH_TYPE
    flash.o(.text) refers to flash.o(.bss) for SPI_FLASH_BUF
    myiic.o(.text) refers to stm32f10x_rcc.o(.text) for RCC_APB2PeriphClockCmd
    myiic.o(.text) refers to stm32f10x_gpio.o(.text) for GPIO_Init
    myiic.o(.text) refers to delay.o(.text) for delay_us
    ctiic.o(.text) refers to delay.o(.text) for delay_us
    ft5206.o(.text) refers to _printf_percent.o(.ARM.Collect$$_printf_percent$$00000000) for _printf_percent
    ft5206.o(.text) refers to _printf_x.o(.ARM.Collect$$_printf_percent$$0000000C) for _printf_x
    ft5206.o(.text) refers to _printf_hex_int.o(.text) for _printf_longlong_hex
[...]
    treeview_image.o(.constdata) refers to treeview_image.o(.constdata) for PalPlusMinus
    widget_effect_none.o(.constdata) refers to widget_effect_none.o(i._DrawUp) for _DrawUp
    widget_effect_none.o(.constdata) refers to widget_effect_none.o(i._DrawUpRect) for _DrawUpRect
    widget_effect_none.o(.constdata) refers to widget_effect_none.o(i._DrawDown) for _DrawDown
    widget_effect_none.o(.constdata) refers to widget_effect_none.o(i._DrawDownRect) for _DrawDownRect
    widget_effect_none.o(.constdata) refers to widget_effect_none.o(i._DrawFlat) for _DrawFlat
    widget_seteffect.o(i.WIDGET_SetEffect) refers to wm.o(i.WM_SendMessage) for WM_SendMessage
    wm__getorg_aa.o(i.WM__GetOrgX_AA) refers to gui_core.o(.data) for GUI_pContext
    wm__getorg_aa.o(i.WM__GetOrgY_AA) refers to gui_core.o(.data) for GUI_pContext
    wm__getprevsibling.o(i.WM__GetPrevSibling) refers to wm__getfirstsibling.o(i.WM__GetFirstSibling) for WM__GetFirstSibling
    wm__getprevsibling.o(i.WM__GetPrevSibling) refers to gui_alloc.o(i.GUI_ALLOC_h2p) for GUI_ALLOC_h2p
    wm__isancestor.o(i.WM__IsAncestor) refers to gui_alloc.o(i.GUI_ALLOC_h2p) for GUI_ALLOC_h2p
    wm__isancestor.o(i.WM__IsAncestorOrSelf) refers to wm__isancestor.o(i.WM__IsAncestor) for WM__IsAncestor
    wm__isenabled.o(i.WM__IsEnabled) refers to gui_alloc.o(i.GUI_ALLOC_h2p) for GUI_ALLOC_h2p
    wm__screen2client.o(i.WM__Screen2Client) refers to gui_moverect.o(i.GUI_MoveRect) for GUI_MoveRect
    wm__sendmessage.o(i.WM__SendMessage) refers to gui_alloc.o(i.GUI_ALLOC_h2p) for GUI_ALLOC_h2p
    wm__sendmessage.o(i.WM__SendMessage) refers to wm.o(i.WM_DefaultProc) for WM_DefaultProc
    wm__sendmessage.o(i.WM__SendMessage) refers to wm__sendmessage.o(.data) for .data
    wm__sendmessagenopara.o(i.WM__SendMessageNoPara) refers to gui_alloc.o(i.GUI_ALLOC_h2p) for GUI_ALLOC_h2p
    wm__updatechildpositions.o(i.WM__UpdateChildPositions) refers to gui_alloc.o(i.GUI_ALLOC_LockH) for GUI_ALLOC_LockH
    wm__updatechildpositions.o(i.WM__UpdateChildPositions) refers to wm_move.o(i.WM_MoveWindow) for WM_MoveWindow
    wm__updatechildpositions.o(i.WM__UpdateChildPositions) refers to wm_resizewindow.o(i.WM_ResizeWindow) for WM_ResizeWindow
    wm__updatechildpositions.o(i.WM__UpdateChildPositions) refers to gui_alloc.o(i.GUI_ALLOC_UnlockH) for GUI_ALLOC_UnlockH
    wm_bringtotop.o(i.WM_BringToTop) refers to gui_task.o(i.GUI_Lock) for GUI_Lock
    wm_bringtotop.o(i.WM_BringToTop) refers to wm_bringtotop.o(i._BringToTop) for _BringToTop
    wm_bringtotop.o(i.WM_BringToTop) refers to gui_task.o(i.GUI_Unlock) for GUI_Unlock
    wm_bringtotop.o(i._BringToTop) refers to gui_alloc.o(i.GUI_ALLOC_LockH) for GUI_ALLOC_LockH
    wm_bringtotop.o(i._BringToTop) refers to gui_alloc.o(i.GUI_ALLOC_UnlockH) for GUI_ALLOC_UnlockH
    wm_bringtotop.o(i._BringToTop) refers to wm.o(i.WM__RemoveWindowFromList) for WM__RemoveWindowFromList
    wm_bringtotop.o(i._BringToTop) refers to wm.o(i.WM__InsertWindowIntoList) for WM__InsertWindowIntoList
    wm_bringtotop.o(i._BringToTop) refers to wm.o(i.WM_InvalidateWindow) for WM_InvalidateWindow
    wm_bringtotop.o(i._BringToTop) refers to wm_foreachdesc.o(i.WM_ForEachDesc) for WM_ForEachDesc
    wm_bringtotop.o(i._BringToTop) refers to wm_bringtotop.o(i._cbInvalidateOne) for _cbInvalidateOne
    wm_bringtotop.o(i._cbInvalidateOne) refers to wm.o(i.WM_InvalidateWindow) for WM_InvalidateWindow
    wm_checkscrollpos.o(i.WM_CheckScrollPos) refers to wm_checkscrollpos.o(i.WM_CheckScrollBounds) for WM_CheckScrollBounds
    wm_checkscrollpos.o(i.WM_SetScrollValue) refers to wm_checkscrollpos.o(i.WM_CheckScrollBounds) for WM_CheckScrollBounds
    wm_criticalhandle.o(i.WM__AddCriticalHandle) refers to wm.o(.data) for WM__pFirstCriticalHandle
    wm_criticalhandle.o(i.WM__RemoveCriticalHandle) refers to wm.o(.data) for WM__pFirstCriticalHandle
    wm_getbkcolor.o(i.WM_GetBkColor) refers to wm.o(i.WM_SendMessage) for WM_SendMessage
    wm_getclientrect.o(i.WM_GetClientRect) refers to gui_task.o(i.GUI_Lock) for GUI_Lock
    wm_getclientrect.o(i.WM_GetClientRect) refers to wm_getclientrect.o(i.WM_GetClientRectEx) for WM_GetClientRectEx
    wm_getclientrect.o(i.WM_GetClientRect) refers to gui_task.o(i.GUI_Unlock) for GUI_Unlock
    wm_getclientrect.o(i.WM_GetClientRect) refers to wm.o(.data) for WM__hATransWindow
    wm_getclientrect.o(i.WM_GetClientRect) refers to gui_core.o(.data) for GUI_pContext
    wm_getclientrect.o(i.WM_GetClientRectEx) refers to gui_task.o(i.GUI_Lock) for GUI_Lock
    wm_getclientrect.o(i.WM_GetClientRectEx) refers to wm_getclientrect.o(i.WM__GetClientRectEx) for WM__GetClientRectEx
    wm_getclientrect.o(i.WM_GetClientRectEx) refers to gui_task.o(i.GUI_Unlock) for GUI_Unlock
    wm_getclientrect.o(i.WM__GetClientRectEx) refers to gui_alloc.o(i.GUI_ALLOC_LockH) for GUI_ALLOC_LockH
    wm_getclientrect.o(i.WM__GetClientRectEx) refers to wm.o(i.WM__GetClientRectWin) for WM__GetClientRectWin
    wm_getclientrect.o(i.WM__GetClientRectEx) refers to gui_alloc.o(i.GUI_ALLOC_UnlockH) for GUI_ALLOC_UnlockH
    wm_getfirstchild.o(i.WM_GetFirstChild) refers to gui_task.o(i.GUI_Lock) for GUI_Lock
    wm_getfirstchild.o(i.WM_GetFirstChild) refers to gui_alloc.o(i.GUI_ALLOC_h2p) for GUI_ALLOC_h2p
    wm_getfirstchild.o(i.WM_GetFirstChild) refers to gui_task.o(i.GUI_Unlock) for GUI_Unlock
    wm_getfocussedwindow.o(i.WM_GetFocussedWindow) refers to gui_task.o(i.GUI_Lock) for GUI_Lock
    wm_getfocussedwindow.o(i.WM_GetFocussedWindow) refers to gui_task.o(i.GUI_Unlock) for GUI_Unlock
    wm_getfocussedwindow.o(i.WM_GetFocussedWindow) refers to wm.o(.data) for WM__ahWinFocus
    wm_getinsiderectexscrollbar.o(i.WM_GetInsideRectExScrollbar) refers to wm_getdialogitem.o(i.WM_GetDialogItem) for WM_GetDialogItem
    wm_getinsiderectexscrollbar.o(i.WM_GetInsideRectExScrollbar) refers to wm_getwindowrect.o(i.WM_GetWindowRectEx) for WM_GetWindowRectEx
    wm_getinsiderectexscrollbar.o(i.WM_GetInsideRectExScrollbar) refers to wm_getinsiderect.o(i.WM_GetInsideRectEx) for WM_GetInsideRectEx
    wm_getinsiderectexscrollbar.o(i.WM_GetInsideRectExScrollbar) refers to gui_moverect.o(i.GUI_MoveRect) for GUI_MoveRect
    wm_getinsiderectexscrollbar.o(i.WM_GetInsideRectExScrollbar) refers to wm_getflags.o(i.WM_GetFlags) for WM_GetFlags
    wm_getnextsibling.o(i.WM_GetNextSibling) refers to gui_task.o(i.GUI_Lock) for GUI_Lock
    wm_getnextsibling.o(i.WM_GetNextSibling) refers to gui_alloc.o(i.GUI_ALLOC_h2p) for GUI_ALLOC_h2p
    wm_getnextsibling.o(i.WM_GetNextSibling) refers to gui_task.o(i.GUI_Unlock) for GUI_Unlock
    wm_getorg.o(i.WM_GetOrgX) refers to wm_getorg.o(i.WM_GetWindowOrgX) for WM_GetWindowOrgX
    wm_getorg.o(i.WM_GetOrgX) refers to gui_core.o(.data) for GUI_pContext
    wm_getorg.o(i.WM_GetOrgY) refers to wm_getorg.o(i.WM_GetWindowOrgY) for WM_GetWindowOrgY
    wm_getorg.o(i.WM_GetOrgY) refers to gui_core.o(.data) for GUI_pContext
    wm_getorg.o(i.WM_GetWindowOrgX) refers to gui_task.o(i.GUI_Lock) for GUI_Lock
    wm_getorg.o(i.WM_GetWindowOrgX) refers to gui_alloc.o(i.GUI_ALLOC_h2p) for GUI_ALLOC_h2p
    wm_getorg.o(i.WM_GetWindowOrgX) refers to gui_task.o(i.GUI_Unlock) for GUI_Unlock
    wm_getorg.o(i.WM_GetWindowOrgY) refers to gui_task.o(i.GUI_Lock) for GUI_Lock
    wm_getorg.o(i.WM_GetWindowOrgY) refers to gui_alloc.o(i.GUI_ALLOC_h2p) for GUI_ALLOC_h2p
    wm_getorg.o(i.WM_GetWindowOrgY) refers to gui_task.o(i.GUI_Unlock) for GUI_Unlock
    wm_getscrollbar.o(i.WM_GetScrollbarH) refers to gui_task.o(i.GUI_Lock) for GUI_Lock
    wm_getscrollbar.o(i.WM_GetScrollbarH) refers to wm_getscrollbar.o(i._GetDialogItem) for _GetDialogItem
    wm_getscrollbar.o(i.WM_GetScrollbarH) refers to gui_task.o(i.GUI_Unlock) for GUI_Unlock
    wm_getscrollbar.o(i.WM_GetScrollbarV) refers to gui_task.o(i.GUI_Lock) for GUI_Lock
    wm_getscrollbar.o(i.WM_GetScrollbarV) refers to wm_getscrollbar.o(i._GetDialogItem) for _GetDialogItem
    wm_getscrollbar.o(i.WM_GetScrollbarV) refers to gui_task.o(i.GUI_Unlock) for GUI_Unlock
    wm_getscrollbar.o(i._GetDialogItem) refers to gui_alloc.o(i.GUI_ALLOC_h2p) for GUI_ALLOC_h2p
    wm_getscrollbar.o(i._GetDialogItem) refers to wm_getid.o(i.WM_GetId) for WM_GetId
    wm_getscrollstate.o(i.WM_GetScrollState) refers to wm.o(i.WM_SendMessage) for WM_SendMessage
    wm_getwindowrect.o(i.WM_GetWindowRect) refers to gui_task.o(i.GUI_Lock) for GUI_Lock
    wm_getwindowrect.o(i.WM_GetWindowRect) refers to gui_alloc.o(i.GUI_ALLOC_h2p) for GUI_ALLOC_h2p
    wm_getwindowrect.o(i.WM_GetWindowRect) refers to gui_task.o(i.GUI_Unlock) for GUI_Unlock
    wm_getwindowrect.o(i.WM_GetWindowRect) refers to wm.o(.data) for WM__hATransWindow
    wm_getwindowrect.o(i.WM_GetWindowRect) refers to gui_core.o(.data) for GUI_pContext
    wm_getwindowrect.o(i.WM_GetWindowRectEx) refers to gui_task.o(i.GUI_Lock) for GUI_Lock
    wm_getwindowrect.o(i.WM_GetWindowRectEx) refers to gui_alloc.o(i.GUI_ALLOC_h2p) for GUI_ALLOC_h2p
    wm_getwindowrect.o(i.WM_GetWindowRectEx) refers to gui_task.o(i.GUI_Unlock) for GUI_Unlock
    wm_hascaptured.o(i.WM_HasCaptured) refers to wm.o(.data) for WM__ahCapture
    wm_hasfocus.o(i.WM_HasFocus) refers to wm.o(.data) for WM__ahWinFocus
    wm_isfocussable.o(i.WM_IsFocussable) refers to gui_task.o(i.GUI_Lock) for GUI_Lock
    wm_isfocussable.o(i.WM_IsFocussable) refers to gui_alloc.o(i.GUI_ALLOC_h2p) for GUI_ALLOC_h2p
    wm_isfocussable.o(i.WM_IsFocussable) refers to gui_task.o(i.GUI_Unlock) for GUI_Unlock
    wm_isfocussable.o(i.WM_IsFocussable) refers to wm.o(i.WM_SendMessage) for WM_SendMessage
    wm_iswindow.o(i.WM_IsWindow) refers to gui_task.o(i.GUI_Lock) for GUI_Lock
    wm_iswindow.o(i.WM_IsWindow) refers to wm.o(i.WM__IsWindow) for WM__IsWindow
    wm_iswindow.o(i.WM_IsWindow) refers to gui_task.o(i.GUI_Unlock) for GUI_Unlock
    wm_move.o(i.WM_MoveTo) refers to gui_task.o(i.GUI_Lock) for GUI_Lock
    wm_move.o(i.WM_MoveTo) refers to wm_move.o(i.WM__MoveTo) for WM__MoveTo
    wm_move.o(i.WM_MoveTo) refers to gui_task.o(i.GUI_Unlock) for GUI_Unlock
    wm_move.o(i.WM_MoveWindow) refers to gui_task.o(i.GUI_Lock) for GUI_Lock
    wm_move.o(i.WM_MoveWindow) refers to wm_move.o(i.WM__MoveWindow) for WM__MoveWindow
    wm_move.o(i.WM_MoveWindow) refers to gui_task.o(i.GUI_Unlock) for GUI_Unlock
    wm_move.o(i.WM__MoveTo) refers to gui_alloc.o(i.GUI_ALLOC_LockH) for GUI_ALLOC_LockH
    wm_move.o(i.WM__MoveTo) refers to gui_alloc.o(i.GUI_ALLOC_UnlockH) for GUI_ALLOC_UnlockH
    wm_move.o(i.WM__MoveTo) refers to wm_move.o(i.WM__MoveWindow) for WM__MoveWindow
    wm_move.o(i.WM__MoveWindow) refers to gui_alloc.o(i.GUI_ALLOC_LockH) for GUI_ALLOC_LockH
    wm_move.o(i.WM__MoveWindow) refers to gui_moverect.o(i.GUI_MoveRect) for GUI_MoveRect
    wm_move.o(i.WM__MoveWindow) refers to gui_alloc.o(i.GUI_ALLOC_UnlockH) for GUI_ALLOC_UnlockH
    wm_move.o(i.WM__MoveWindow) refers to wm_move.o(i._MoveDescendents) for _MoveDescendents
    wm_move.o(i.WM__MoveWindow) refers to wm.o(i.WM__InvalidateParent) for WM__InvalidateParent
    wm_move.o(i.WM__MoveWindow) refers to wm__sendmessage.o(i.WM__SendMessage) for WM__SendMessage
    wm_move.o(i._MoveDescendents) refers to gui_alloc.o(i.GUI_ALLOC_LockH) for GUI_ALLOC_LockH
    wm_move.o(i._MoveDescendents) refers to gui_moverect.o(i.GUI_MoveRect) for GUI_MoveRect
    wm_move.o(i._MoveDescendents) refers to gui_alloc.o(i.GUI_ALLOC_UnlockH) for GUI_ALLOC_UnlockH
    wm_move.o(i._MoveDescendents) refers to wm__sendmessage.o(i.WM__SendMessage) for WM__SendMessage
    wm_movechildto.o(i.WM_MoveChildTo) refers to gui_task.o(i.GUI_Lock) for GUI_Lock
    wm_movechildto.o(i.WM_MoveChildTo) refers to wm_getparent.o(i.WM_GetParent) for WM_GetParent
    wm_movechildto.o(i.WM_MoveChildTo) refers to gui_alloc.o(i.GUI_ALLOC_LockH) for GUI_ALLOC_LockH
    wm_movechildto.o(i.WM_MoveChildTo) refers to gui_alloc.o(i.GUI_ALLOC_UnlockH) for GUI_ALLOC_UnlockH
    wm_movechildto.o(i.WM_MoveChildTo) refers to wm_move.o(i.WM__MoveWindow) for WM__MoveWindow
    wm_movechildto.o(i.WM_MoveChildTo) refers to gui_task.o(i.GUI_Unlock) for GUI_Unlock
    wm_notifyparent.o(i.WM_NotifyParent) refers to wm_sendtoparent.o(i.WM_SendToParent) for WM_SendToParent
    wm_resizewindow.o(i.WM_ResizeWindow) refers to gui_task.o(i.GUI_Lock) for GUI_Lock
    wm_resizewindow.o(i.WM_ResizeWindow) refers to gui_alloc.o(i.GUI_ALLOC_LockH) for GUI_ALLOC_LockH
    wm_resizewindow.o(i.WM_ResizeWindow) refers to wm.o(i.WM__InvalidateDrawAndDescs) for WM__InvalidateDrawAndDescs
    wm_resizewindow.o(i.WM_ResizeWindow) refers to gui_mergerect.o(i.GUI_MergeRect) for GUI_MergeRect
    wm_resizewindow.o(i.WM_ResizeWindow) refers to wm.o(i.WM__InvalidateRectEx) for WM__InvalidateRectEx
    wm_resizewindow.o(i.WM_ResizeWindow) refers to wm__updatechildpositions.o(i.WM__UpdateChildPositions) for WM__UpdateChildPositions
    wm_resizewindow.o(i.WM_ResizeWindow) refers to gui__intersectrect.o(i.GUI__IntersectRect) for GUI__IntersectRect
    wm_resizewindow.o(i.WM_ResizeWindow) refers to wm.o(i.WM__SendMsgNoData) for WM__SendMsgNoData
    wm_resizewindow.o(i.WM_ResizeWindow) refers to gui_alloc.o(i.GUI_ALLOC_UnlockH) for GUI_ALLOC_UnlockH
    wm_resizewindow.o(i.WM_ResizeWindow) refers to gui_task.o(i.GUI_Unlock) for GUI_Unlock
    wm_screen2win.o(i.WM_Screen2hWin) refers to gui_task.o(i.GUI_Lock) for GUI_Lock
    wm_screen2win.o(i.WM_Screen2hWin) refers to wm_screen2win.o(i._Screen2hWinStop) for _Screen2hWinStop
    wm_screen2win.o(i.WM_Screen2hWin) refers to gui_task.o(i.GUI_Unlock) for GUI_Unlock
    wm_screen2win.o(i.WM_Screen2hWinEx) refers to gui_task.o(i.GUI_Lock) for GUI_Lock
    wm_screen2win.o(i.WM_Screen2hWinEx) refers to wm_screen2win.o(i._Screen2hWinStop) for _Screen2hWinStop
    wm_screen2win.o(i.WM_Screen2hWinEx) refers to gui_task.o(i.GUI_Unlock) for GUI_Unlock
    wm_screen2win.o(i._Screen2hWin) refers to gui_alloc.o(i.GUI_ALLOC_LockH) for GUI_ALLOC_LockH
    wm_screen2win.o(i._Screen2hWin) refers to wm_screen2win.o(i.WM__IsInWindow) for WM__IsInWindow
    wm_screen2win.o(i._Screen2hWin) refers to gui_alloc.o(i.GUI_ALLOC_UnlockH) for GUI_ALLOC_UnlockH
    wm_screen2win.o(i._Screen2hWin) refers to gui_alloc.o(i.GUI_ALLOC_h2p) for GUI_ALLOC_h2p
    wm_screen2win.o(i._Screen2hWinStop) refers to wm_getdesktopwindowex.o(i.WM_GetDesktopWindowEx) for WM_GetDesktopWindowEx
    wm_screen2win.o(i._Screen2hWinStop) refers to wm_screen2win.o(i._Screen2hWin) for _Screen2hWin
    wm_screen2win.o(i._Screen2hWinStop) refers to wm.o(.data) for WM__TouchedLayer
    wm_sendtoparent.o(i.WM_SendToParent) refers to gui_task.o(i.GUI_Lock) for GUI_Lock
    wm_sendtoparent.o(i.WM_SendToParent) refers to wm_getparent.o(i.WM_GetParent) for WM_GetParent
    wm_sendtoparent.o(i.WM_SendToParent) refers to wm__sendmessage.o(i.WM__SendMessage) for WM__SendMessage
    wm_sendtoparent.o(i.WM_SendToParent) refers to gui_task.o(i.GUI_Unlock) for GUI_Unlock
    wm_setcapture.o(i.WM_ReleaseCapture) refers to gui_task.o(i.GUI_Lock) for GUI_Lock
    wm_setcapture.o(i.WM_ReleaseCapture) refers to wm_setcapture.o(i.WM__ReleaseCapture) for WM__ReleaseCapture
    wm_setcapture.o(i.WM_ReleaseCapture) refers to gui_task.o(i.GUI_Unlock) for GUI_Unlock
    wm_setcapture.o(i.WM_SetCapture) refers to gui_task.o(i.GUI_Lock) for GUI_Lock
    wm_setcapture.o(i.WM_SetCapture) refers to wm_setcapture.o(i.WM__ReleaseCapture) for WM__ReleaseCapture
    wm_setcapture.o(i.WM_SetCapture) refers to gui_task.o(i.GUI_Unlock) for GUI_Unlock
    wm_setcapture.o(i.WM_SetCapture) refers to wm.o(.data) for WM__ahCapture
    wm_setcapture.o(i.WM_SetCapture) refers to wm.o(.data) for WM__CaptureReleaseAuto
    wm_setcapture.o(i.WM__ReleaseCapture) refers to wm__sendmessage.o(i.WM__SendMessage) for WM__SendMessage
    wm_setcapture.o(i.WM__ReleaseCapture) refers to wm.o(.data) for WM__ahCapture
    wm_setcapturemove.o(i.WM_SetCaptureMove) refers to wm_hascaptured.o(i.WM_HasCaptured) for WM_HasCaptured
    wm_setcapturemove.o(i.WM_SetCaptureMove) refers to wm_getwindowrect.o(i.WM_GetWindowRectEx) for WM_GetWindowRectEx
    wm_setcapturemove.o(i.WM_SetCaptureMove) refers to wm_getparent.o(i.WM_GetParent) for WM_GetParent
    wm_setcapturemove.o(i.WM_SetCaptureMove) refers to gui_moverect.o(i.GUI_MoveRect) for GUI_MoveRect
    wm_setcapturemove.o(i.WM_SetCaptureMove) refers to gui__reducerect.o(i.GUI__ReduceRect) for GUI__ReduceRect
    wm_setcapturemove.o(i.WM_SetCaptureMove) refers to gui_rectsintersect.o(i.GUI_RectsIntersect) for GUI_RectsIntersect
    wm_setcapturemove.o(i.WM_SetCaptureMove) refers to wm_move.o(i.WM_MoveWindow) for WM_MoveWindow
    wm_setcapturemove.o(i.WM_SetCaptureMove) refers to wm_setcapture.o(i.WM_SetCapture) for WM_SetCapture
    wm_setcapturemove.o(i.WM_SetCaptureMove) refers to wm_setcapturemove.o(.data) for .data
    wm_setfocusonnextchild.o(i.WM_SetFocusOnNextChild) refers to gui_task.o(i.GUI_Lock) for GUI_Lock
    wm_setfocusonnextchild.o(i.WM_SetFocusOnNextChild) refers to wm_setfocusonnextchild.o(i._SetFocusOnNextChild) for _SetFocusOnNextChild
    wm_setfocusonnextchild.o(i.WM_SetFocusOnNextChild) refers to gui_task.o(i.GUI_Unlock) for GUI_Unlock
    wm_setfocusonnextchild.o(i._GetNextChild) refers to gui_alloc.o(i.GUI_ALLOC_h2p) for GUI_ALLOC_h2p
    wm_setfocusonnextchild.o(i._SetFocusOnNextChild) refers to wm__getfocussedchild.o(i.WM__GetFocussedChild) for WM__GetFocussedChild
    wm_setfocusonnextchild.o(i._SetFocusOnNextChild) refers to wm_setfocusonnextchild.o(i._GetNextChild) for _GetNextChild
    wm_setfocusonnextchild.o(i._SetFocusOnNextChild) refers to wm_isfocussable.o(i.WM_IsFocussable) for WM_IsFocussable
    wm_setfocusonnextchild.o(i._SetFocusOnNextChild) refers to wm.o(i.WM__GetTopLevelLayer) for WM__GetTopLevelLayer
    wm_setfocusonnextchild.o(i._SetFocusOnNextChild) refers to wm_setfocus.o(i.WM_SetFocus) for WM_SetFocus
    wm_setfocusonnextchild.o(i._SetFocusOnNextChild) refers to wm.o(.data) for WM__TouchedLayer
    wm_setfocusonprevchild.o(i.WM_SetFocusOnPrevChild) refers to gui_task.o(i.GUI_Lock) for GUI_Lock
    wm_setfocusonprevchild.o(i.WM_SetFocusOnPrevChild) refers to wm__getfocussedchild.o(i.WM__GetFocussedChild) for WM__GetFocussedChild
    wm_setfocusonprevchild.o(i.WM_SetFocusOnPrevChild) refers to wm_setfocusonprevchild.o(i._GetPrevChild) for _GetPrevChild
    wm_setfocusonprevchild.o(i.WM_SetFocusOnPrevChild) refers to wm_isfocussable.o(i.WM_IsFocussable) for WM_IsFocussable
    wm_setfocusonprevchild.o(i.WM_SetFocusOnPrevChild) refers to wm_setfocus.o(i.WM_SetFocus) for WM_SetFocus
    wm_setfocusonprevchild.o(i.WM_SetFocusOnPrevChild) refers to gui_task.o(i.GUI_Unlock) for GUI_Unlock
    wm_setfocusonprevchild.o(i._GetPrevChild) refers to wm__getprevsibling.o(i.WM__GetPrevSibling) for WM__GetPrevSibling
    wm_setfocusonprevchild.o(i._GetPrevChild) refers to wm__getlastsibling.o(i.WM__GetLastSibling) for WM__GetLastSibling
    wm_setscrollbar.o(i.WM_SetScrollbarH) refers to gui_task.o(i.GUI_Lock) for GUI_Lock
    wm_setscrollbar.o(i.WM_SetScrollbarH) refers to wm_setscrollbar.o(i.WM__SetScrollbarH) for WM__SetScrollbarH
    wm_setscrollbar.o(i.WM_SetScrollbarH) refers to gui_task.o(i.GUI_Unlock) for GUI_Unlock
    wm_setscrollbar.o(i.WM_SetScrollbarV) refers to gui_task.o(i.GUI_Lock) for GUI_Lock
    wm_setscrollbar.o(i.WM_SetScrollbarV) refers to wm_setscrollbar.o(i.WM__SetScrollbarV) for WM__SetScrollbarV
    wm_setscrollbar.o(i.WM_SetScrollbarV) refers to gui_task.o(i.GUI_Unlock) for GUI_Unlock
    wm_setscrollbar.o(i.WM__SetScrollbarH) refers to wm_setscrollbar.o(i._SetScrollbar) for _SetScrollbar
    wm_setscrollbar.o(i.WM__SetScrollbarV) refers to wm_setscrollbar.o(i._SetScrollbar) for _SetScrollbar
    wm_setscrollbar.o(i._SetScrollbar) refers to wm_getdialogitem.o(i.WM_GetDialogItem) for WM_GetDialogItem
    wm_setscrollbar.o(i._SetScrollbar) refers to gui_alloc.o(i.GUI_ALLOC_LockH) for GUI_ALLOC_LockH
    wm_setscrollbar.o(i._SetScrollbar) refers to gui_alloc.o(i.GUI_ALLOC_UnlockH) for GUI_ALLOC_UnlockH
    wm_setscrollbar.o(i._SetScrollbar) refers to scrollbar_create.o(i.SCROLLBAR_CreateAttached) for SCROLLBAR_CreateAttached
    wm_setscrollbar.o(i._SetScrollbar) refers to wm_hide.o(i.WM_HideWindow) for WM_HideWindow
    wm_setscrollbar.o(i._SetScrollbar) refers to wm.o(i.WM__DeleteSecure) for WM__DeleteSecure
    wm_setscrollstate.o(i.WM_SetScrollState) refers to wm.o(i.WM_SendMessage) for WM_SendMessage
    wm_setusercliprect.o(i.WM_SetUserClipRect) refers to gui_task.o(i.GUI_Lock) for GUI_Lock
    wm_setusercliprect.o(i.WM_SetUserClipRect) refers to wm.o(i.WM__ActivateClipRect) for WM__ActivateClipRect
    wm_setusercliprect.o(i.WM_SetUserClipRect) refers to gui_task.o(i.GUI_Unlock) for GUI_Unlock
    wm_setusercliprect.o(i.WM_SetUserClipRect) refers to gui_core.o(.data) for GUI_pContext
    wm_timer.o(i.WM_CreateTimer) refers to gui_task.o(i.GUI_Lock) for GUI_Lock
    wm_timer.o(i.WM_CreateTimer) refers to gui_alloc_alloczero.o(i.GUI_ALLOC_AllocZero) for GUI_ALLOC_AllocZero
    wm_timer.o(i.WM_CreateTimer) refers to gui_time.o(i.GUI_GetTime) for GUI_GetTime
    wm_timer.o(i.WM_CreateTimer) refers to gui_timer.o(i.GUI_TIMER_Create) for GUI_TIMER_Create
    wm_timer.o(i.WM_CreateTimer) refers to gui_alloc.o(i.GUI_ALLOC_LockH) for GUI_ALLOC_LockH
    wm_timer.o(i.WM_CreateTimer) refers to gui_alloc.o(i.GUI_ALLOC_UnlockH) for GUI_ALLOC_UnlockH
    wm_timer.o(i.WM_CreateTimer) refers to gui_timer.o(i.GUI_TIMER_SetPeriod) for GUI_TIMER_SetPeriod
    wm_timer.o(i.WM_CreateTimer) refers to gui_alloc.o(i.GUI_ALLOC_Free) for GUI_ALLOC_Free
    wm_timer.o(i.WM_CreateTimer) refers to gui_task.o(i.GUI_Unlock) for GUI_Unlock
    wm_timer.o(i.WM_CreateTimer) refers to wm_timer.o(i._cbTimer) for _cbTimer
    wm_timer.o(i.WM_DeleteTimer) refers to gui_task.o(i.GUI_Lock) for GUI_Lock
    wm_timer.o(i.WM_DeleteTimer) refers to gui_alloc.o(i.GUI_ALLOC_LockH) for GUI_ALLOC_LockH
    wm_timer.o(i.WM_DeleteTimer) refers to gui_timer.o(i.GUI_TIMER_Delete) for GUI_TIMER_Delete
    wm_timer.o(i.WM_DeleteTimer) refers to gui_alloc.o(i.GUI_ALLOC_UnlockH) for GUI_ALLOC_UnlockH
    wm_timer.o(i.WM_DeleteTimer) refers to gui_alloc.o(i.GUI_ALLOC_Free) for GUI_ALLOC_Free
    wm_timer.o(i.WM_DeleteTimer) refers to gui_task.o(i.GUI_Unlock) for GUI_Unlock
    wm_timer.o(i.WM_GetTimerId) refers to gui_task.o(i.GUI_Lock) for GUI_Lock
    wm_timer.o(i.WM_GetTimerId) refers to gui_alloc.o(i.GUI_ALLOC_LockH) for GUI_ALLOC_LockH
    wm_timer.o(i.WM_GetTimerId) refers to gui_alloc.o(i.GUI_ALLOC_UnlockH) for GUI_ALLOC_UnlockH
    wm_timer.o(i.WM_GetTimerId) refers to gui_task.o(i.GUI_Unlock) for GUI_Unlock
    wm_timer.o(i.WM_RestartTimer) refers to gui_task.o(i.GUI_Lock) for GUI_Lock
    wm_timer.o(i.WM_RestartTimer) refers to gui_alloc.o(i.GUI_ALLOC_LockH) for GUI_ALLOC_LockH
    wm_timer.o(i.WM_RestartTimer) refers to gui_timer.o(i.GUI_TIMER_SetPeriod) for GUI_TIMER_SetPeriod
    wm_timer.o(i.WM_RestartTimer) refers to gui_timer.o(i.GUI_TIMER_Restart) for GUI_TIMER_Restart
    wm_timer.o(i.WM_RestartTimer) refers to gui_alloc.o(i.GUI_ALLOC_UnlockH) for GUI_ALLOC_UnlockH
    wm_timer.o(i.WM_RestartTimer) refers to gui_task.o(i.GUI_Unlock) for GUI_Unlock
    wm_timer.o(i.WM__DeleteAssocTimer) refers to gui_task.o(i.GUI_Lock) for GUI_Lock
    wm_timer.o(i.WM__DeleteAssocTimer) refers to gui_timer.o(i.GUI_TIMER__GetFirstTimer) for GUI_TIMER__GetFirstTimer
    wm_timer.o(i.WM__DeleteAssocTimer) refers to gui_timer.o(i.GUI_TIMER_GetFlag) for GUI_TIMER_GetFlag
    wm_timer.o(i.WM__DeleteAssocTimer) refers to gui_alloc.o(i.GUI_ALLOC_h2p) for GUI_ALLOC_h2p
    wm_timer.o(i.WM__DeleteAssocTimer) refers to gui_timer.o(i.GUI_TIMER__GetNextTimerLin) for GUI_TIMER__GetNextTimerLin
    wm_timer.o(i.WM__DeleteAssocTimer) refers to wm_timer.o(i.WM_DeleteTimer) for WM_DeleteTimer
    wm_timer.o(i.WM__DeleteAssocTimer) refers to gui_task.o(i.GUI_Unlock) for GUI_Unlock
    wm_timer.o(i._cbTimer) refers to gui_alloc.o(i.GUI_ALLOC_h2p) for GUI_ALLOC_h2p
    wm_timer.o(i._cbTimer) refers to wm.o(i.WM_SendMessage) for WM_SendMessage
    wm_touch.o(i.WM_HandlePID) refers to gui_pid.o(i.GUI_PID_IsEmpty) for GUI_PID_IsEmpty
    wm_touch.o(i.WM_HandlePID) refers to gui_pid.o(i.GUI_PID_GetState) for GUI_PID_GetState
    wm_touch.o(i.WM_HandlePID) refers to gui_task.o(i.GUI_Lock) for GUI_Lock
    wm_touch.o(i.WM_HandlePID) refers to wm_criticalhandle.o(i.WM__AddCriticalHandle) for WM__AddCriticalHandle
    wm_touch.o(i.WM_HandlePID) refers to gui_selectlayer.o(i.GUI_GetLayerPosEx) for GUI_GetLayerPosEx
    wm_touch.o(i.WM_HandlePID) refers to gui_curs1.o(i.GUI_CURSOR_SetPositionEx) for GUI_CURSOR_SetPositionEx
    wm_touch.o(i.WM_HandlePID) refers to wm_screen2win.o(i.WM_Screen2hWin) for WM_Screen2hWin
    wm_touch.o(i.WM_HandlePID) refers to wm_touch.o(i.WM__IsInModalArea) for WM__IsInModalArea
    wm_touch.o(i.WM_HandlePID) refers to wm__isenabled.o(i.WM__IsEnabled) for WM__IsEnabled
    wm_touch.o(i.WM_HandlePID) refers to wm_touch.o(i.WM__SendTouchMessage) for WM__SendTouchMessage
    wm_touch.o(i.WM_HandlePID) refers to gui_alloc.o(i.GUI_ALLOC_LockH) for GUI_ALLOC_LockH
    wm_touch.o(i.WM_HandlePID) refers to gui_alloc.o(i.GUI_ALLOC_UnlockH) for GUI_ALLOC_UnlockH
    wm_touch.o(i.WM_HandlePID) refers to wm__sendmessageifenabled.o(i.WM__SendMessageIfEnabled) for WM__SendMessageIfEnabled
    wm_touch.o(i.WM_HandlePID) refers to wm_iswindow.o(i.WM_IsWindow) for WM_IsWindow
    wm_touch.o(i.WM_HandlePID) refers to wm_setcapture.o(i.WM_ReleaseCapture) for WM_ReleaseCapture
    wm_touch.o(i.WM_HandlePID) refers to wm_pid__getprevstate.o(i.WM_PID__SetPrevState) for WM_PID__SetPrevState
    wm_touch.o(i.WM_HandlePID) refers to wm_criticalhandle.o(i.WM__RemoveCriticalHandle) for WM__RemoveCriticalHandle
    wm_touch.o(i.WM_HandlePID) refers to gui_task.o(i.GUI_Unlock) for GUI_Unlock
    wm_touch.o(i.WM_HandlePID) refers to wm_touch.o(.bss) for .bss
    wm_touch.o(i.WM_HandlePID) refers to wm.o(.data) for WM__TouchedLayer
    wm_touch.o(i.WM_HandlePID) refers to gui_core.o(.data) for GUI_OrgX
    wm_touch.o(i.WM_HandlePID) refers to gui_core.o(.data) for GUI_OrgY
    wm_touch.o(i.WM_HandlePID) refers to wm_touch.o(.data) for .data
    wm_touch.o(i.WM_HandlePID) refers to wm.o(.data) for WM__CaptureReleaseAuto
    wm_touch.o(i.WM__IsInModalArea) refers to wm__isancestor.o(i.WM__IsAncestor) for WM__IsAncestor
    wm_touch.o(i.WM__IsInModalArea) refers to wm_touch.o(.data) for .data
    wm_touch.o(i.WM__IsInModalArea) refers to wm.o(.data) for WM__ahDesktopWin
    wm_touch.o(i.WM__IsInModalArea) refers to wm_touch.o(.bss) for .bss
    wm_touch.o(i.WM__SendPIDMessage) refers to wm_getparent.o(i.WM_GetParent) for WM_GetParent
    wm_touch.o(i.WM__SendPIDMessage) refers to wm__sendmessageifenabled.o(i.WM__SendMessageIfEnabled) for WM__SendMessageIfEnabled
    wm_touch.o(i.WM__SendPIDMessage) refers to wm_iswindow.o(i.WM_IsWindow) for WM_IsWindow
    wm_touch.o(i.WM__SendTouchMessage) refers to gui_alloc.o(i.GUI_ALLOC_LockH) for GUI_ALLOC_LockH
    wm_touch.o(i.WM__SendTouchMessage) refers to gui_alloc.o(i.GUI_ALLOC_UnlockH) for GUI_ALLOC_UnlockH
    wm_touch.o(i.WM__SendTouchMessage) refers to wm_touch.o(i.WM__SendPIDMessage) for WM__SendPIDMessage
    wm_touch.o(i.WM__SetLastTouched) refers to wm_touch.o(.bss) for .bss
    wm_touch.o(i.WM__SetLastTouched) refers to wm.o(.data) for WM__TouchedLayer
    wm_touch.o(i.WM__SetMotionCallback) refers to wm_touch.o(.data) for .data
    wm_touch.o(i.WM__SetToolTipCallback) refers to wm_touch.o(.data) for .data
    gui__strcmp.o(i.GUI__strcmp_hp) refers to gui_alloc.o(i.GUI_ALLOC_LockH) for GUI_ALLOC_LockH
    gui__strcmp.o(i.GUI__strcmp_hp) refers to gui__strcmp.o(i.GUI__strcmp) for GUI__strcmp
    gui__strcmp.o(i.GUI__strcmp_hp) refers to gui_alloc.o(i.GUI_ALLOC_UnlockH) for GUI_ALLOC_UnlockH
    gui_alloc_allocinit.o(i.GUI_ALLOC_AllocInit) refers to gui_task.o(i.GUI_Lock) for GUI_Lock
    gui_alloc_allocinit.o(i.GUI_ALLOC_AllocInit) refers to gui_alloc.o(i.GUI_ALLOC_AllocNoInit) for GUI_ALLOC_AllocNoInit
    gui_alloc_allocinit.o(i.GUI_ALLOC_AllocInit) refers to gui_alloc.o(i.GUI_ALLOC_LockH) for GUI_ALLOC_LockH
    gui_alloc_allocinit.o(i.GUI_ALLOC_AllocInit) refers to rt_memcpy_v6.o(.text) for __aeabi_memcpy
    gui_alloc_allocinit.o(i.GUI_ALLOC_AllocInit) refers to gui__memset.o(i.GUI__memset) for GUI__memset
    gui_alloc_allocinit.o(i.GUI_ALLOC_AllocInit) refers to gui_alloc.o(i.GUI_ALLOC_UnlockH) for GUI_ALLOC_UnlockH
    gui_alloc_allocinit.o(i.GUI_ALLOC_AllocInit) refers to gui_task.o(i.GUI_Unlock) for GUI_Unlock
    gui_cursorheaderm.o(.constdata) refers to gui_cursorheadermpx.o(.constdata) for GUI_PixelsHeaderM
    gui_cursorheaderm.o(.constdata) refers to gui_cursorpal.o(.constdata) for GUI_CursorPal
    gui_cursorheaderm.o(.constdata) refers to gui_cursorheaderm.o(.constdata) for _BitmapHeaderM
    gui_drawpoint.o(i.GL_DrawPoint) refers to gui_circ.o(i.GL_FillCircle) for GL_FillCircle
    gui_drawpoint.o(i.GL_DrawPoint) refers to gui_core.o(.data) for GUI_pContext
    gui_drawpoint.o(i.GUI_DrawPoint) refers to gui_task.o(i.GUI_Lock) for GUI_Lock
    gui_drawpoint.o(i.GUI_DrawPoint) refers to wm.o(i.WM__InitIVRSearch) for WM__InitIVRSearch
    gui_drawpoint.o(i.GUI_DrawPoint) refers to gui_drawpoint.o(i.GL_DrawPoint) for GL_DrawPoint
    gui_drawpoint.o(i.GUI_DrawPoint) refers to wm.o(i.WM__GetNextIVR) for WM__GetNextIVR
    gui_drawpoint.o(i.GUI_DrawPoint) refers to gui_task.o(i.GUI_Unlock) for GUI_Unlock
    gui_drawpoint.o(i.GUI_DrawPoint) refers to gui_core.o(.data) for GUI_pContext
    gui_getorg.o(i.GUI_GetOrg) refers to gui_task.o(i.GUI_Lock) for GUI_Lock
    gui_getorg.o(i.GUI_GetOrg) refers to gui_getorg.o(i.GUI__GetOrg) for GUI__GetOrg
    gui_getorg.o(i.GUI_GetOrg) refers to gui_task.o(i.GUI_Unlock) for GUI_Unlock
    gui_getorg.o(i.GUI__GetOrg) refers to gui_core.o(.data) for GUI_OrgX
    gui_getorg.o(i.GUI__GetOrg) refers to gui_core.o(.data) for GUI_OrgY
    guicc_0.o(i.LCD_SetLUT) refers to guicc_0.o(i.LCD_SetLUTEx) for LCD_SetLUTEx
    guicc_0.o(i.LCD_SetLUT) refers to gui_core.o(.data) for GUI_pContext
    guicc_0.o(i.LCD_SetLUTEx) refers to lcd_set.o(i.LCD_SetLUTEntryEx) for LCD_SetLUTEntryEx
    guicc_0.o(i._Color2Index_0) refers to lcd_getex.o(i.LCD_GetNumColors) for LCD_GetNumColors
    guicc_0.o(i._Color2Index_0) refers to lcd_getex.o(i.LCD_GetPalette) for LCD_GetPalette
    guicc_0.o(i._Color2Index_0) refers to gui_calccolordist.o(i.GUI_CalcColorDist) for GUI_CalcColorDist
    guicc_0.o(i._GetIndexMask_0) refers to lcd_getex.o(i.LCD_GetNumColors) for LCD_GetNumColors
    guicc_0.o(i._Index2Color_0) refers to lcd_getex.o(i.LCD_GetNumColors) for LCD_GetNumColors
    guicc_0.o(i._Index2Color_0) refers to lcd_getex.o(i.LCD_GetPalette) for LCD_GetPalette
    guicc_0.o(.constdata) refers to guicc_0.o(i._Color2Index_0) for _Color2Index_0
    guicc_0.o(.constdata) refers to guicc_0.o(i._Index2Color_0) for _Index2Color_0
    guicc_0.o(.constdata) refers to guicc_0.o(i._GetIndexMask_0) for _GetIndexMask_0
    lcd_getnumdisplays.o(i.LCD_GetNumLayers) refers to gui_device.o(i.GUI_DEVICE__GetpDriver) for GUI_DEVICE__GetpDriver
    lcd_getp.o(i.GUI_GetPixelIndex) refers to gui_task.o(i.GUI_Lock) for GUI_Lock
    lcd_getp.o(i.GUI_GetPixelIndex) refers to lcd_getp.o(i.LCD_GetPixelIndex) for LCD_GetPixelIndex
    lcd_getp.o(i.GUI_GetPixelIndex) refers to gui_task.o(i.GUI_Unlock) for GUI_Unlock
    lcd_getp.o(i.LCD_GetPixelIndex) refers to gui_core.o(.data) for GUI_pContext
    lcd_readrect.o(i.GUI_ReadRect) refers to lcd_readrect.o(i.GUI_ReadRectEx) for GUI_ReadRectEx
    lcd_readrect.o(i.GUI_ReadRect) refers to lcd_getex.o(i.LCD_GetBitsPerPixel) for LCD_GetBitsPerPixel
    lcd_readrect.o(i.GUI_ReadRect) refers to gui__expandpixelindices.o(i.GUI__ExpandPixelIndices) for GUI__ExpandPixelIndices
    lcd_readrect.o(i.GUI_ReadRectEx) refers to lcd_readrect.o(i.LCD_ReadRectEx) for LCD_ReadRectEx
    lcd_readrect.o(i.GUI_ReadRectEx) refers to gui_core.o(.data) for GUI_pContext
    lcd_readrect.o(i.LCD_ReadRect) refers to lcd_readrect.o(i.LCD_ReadRectEx) for LCD_ReadRectEx
    lcd_readrect.o(i.LCD_ReadRect) refers to gui_core.o(.data) for GUI_pContext
    lcd_readrect.o(i.LCD_ReadRectEx) refers to lcd_getex.o(i.GUI_GetBitsPerPixelEx) for GUI_GetBitsPerPixelEx
    lcd_readrect.o(i.LCD_ReadRectEx) refers to gui_core.o(.data) for GUI_pContext
    lcd_readrect.o(i.LCD_ReadRectNoClip) refers to lcd_readrect.o(i.LCD_ReadRectEx) for LCD_ReadRectEx
    lcd_selectlcd.o(i.LCD_SelectLCD) refers to gui_device.o(i.GUI_DEVICE_Unlink) for GUI_DEVICE_Unlink
    lcd_selectlcd.o(i.LCD_SelectLCD) refers to lcd.o(i.LCD_SetClipRectMax) for LCD_SetClipRectMax
    lcd_selectlcd.o(i.LCD_SelectLCD) refers to gui_core.o(.data) for GUI_pContext
    guidev_clear.o(i.GUI_MEMDEV_Clear) refers to gui_task.o(i.GUI_Lock) for GUI_Lock
    guidev_clear.o(i.GUI_MEMDEV_Clear) refers to gui_alloc.o(i.GUI_ALLOC_LockH) for GUI_ALLOC_LockH
    guidev_clear.o(i.GUI_MEMDEV_Clear) refers to gui_alloc.o(i.GUI_ALLOC_UnlockH) for GUI_ALLOC_UnlockH
    guidev_clear.o(i.GUI_MEMDEV_Clear) refers to gui_task.o(i.GUI_Unlock) for GUI_Unlock
    guidev_clear.o(i.GUI_MEMDEV_Clear) refers to gui_core.o(.data) for GUI_pContext
    guidev_reduceysize.o(i.GUI_MEMDEV_ReduceYSize) refers to gui_task.o(i.GUI_Lock) for GUI_Lock
    guidev_reduceysize.o(i.GUI_MEMDEV_ReduceYSize) refers to gui_alloc.o(i.GUI_ALLOC_LockH) for GUI_ALLOC_LockH
    guidev_reduceysize.o(i.GUI_MEMDEV_ReduceYSize) refers to gui_alloc.o(i.GUI_ALLOC_UnlockH) for GUI_ALLOC_UnlockH
    guidev_reduceysize.o(i.GUI_MEMDEV_ReduceYSize) refers to gui_task.o(i.GUI_Unlock) for GUI_Unlock
    guidev_reduceysize.o(i.GUI_MEMDEV_ReduceYSize) refers to gui_core.o(.data) for GUI_pContext
    gui_array_resizeitem.o(i.GUI_ARRAY_ResizeItemLocked) refers to gui_alloc_alloczero.o(i.GUI_ALLOC_AllocZero) for GUI_ALLOC_AllocZero
    gui_array_resizeitem.o(i.GUI_ARRAY_ResizeItemLocked) refers to gui_alloc.o(i.GUI_ALLOC_LockH) for GUI_ALLOC_LockH
    gui_array_resizeitem.o(i.GUI_ARRAY_ResizeItemLocked) refers to gui_array.o(i.GUI_ARRAY__GetpItemLocked) for GUI_ARRAY__GetpItemLocked
    gui_array_resizeitem.o(i.GUI_ARRAY_ResizeItemLocked) refers to rt_memcpy_v6.o(.text) for __aeabi_memcpy
    gui_array_resizeitem.o(i.GUI_ARRAY_ResizeItemLocked) refers to gui_alloc.o(i.GUI_ALLOC_UnlockH) for GUI_ALLOC_UnlockH
    gui_array_resizeitem.o(i.GUI_ARRAY_ResizeItemLocked) refers to gui_array.o(i.GUI_ARRAY__SethItem) for GUI_ARRAY__SethItem
    gui_array_resizeitem.o(i.GUI_ARRAY_ResizeItemLocked) refers to gui_alloc.o(i.GUI_ALLOC_FreePtr) for GUI_ALLOC_FreePtr
    listview_getitemtext.o(i.LISTVIEW_GetItemText) refers to rt_memclr.o(.text) for __aeabi_memclr
    listview_getitemtext.o(i.LISTVIEW_GetItemText) refers to gui_task.o(i.GUI_Lock) for GUI_Lock
    listview_getitemtext.o(i.LISTVIEW_GetItemText) refers to gui_alloc.o(i.GUI_ALLOC_LockH) for GUI_ALLOC_LockH
    listview_getitemtext.o(i.LISTVIEW_GetItemText) refers to listview_getnumcolumns.o(i.LISTVIEW__GetNumColumns) for LISTVIEW__GetNumColumns
    listview_getitemtext.o(i.LISTVIEW_GetItemText) refers to listview_getnumrows.o(i.LISTVIEW__GetNumRows) for LISTVIEW__GetNumRows
    listview_getitemtext.o(i.LISTVIEW_GetItemText) refers to gui_array.o(i.GUI_ARRAY_GetpItemLocked) for GUI_ARRAY_GetpItemLocked
    listview_getitemtext.o(i.LISTVIEW_GetItemText) refers to strncpy.o(.text) for strncpy
    listview_getitemtext.o(i.LISTVIEW_GetItemText) refers to gui_alloc.o(i.GUI_ALLOC_UnlockH) for GUI_ALLOC_UnlockH
    listview_getitemtext.o(i.LISTVIEW_GetItemText) refers to gui_task.o(i.GUI_Unlock) for GUI_Unlock
    listview_getitemtext.o(i.LISTVIEW_GetItemTextLen) refers to gui_task.o(i.GUI_Lock) for GUI_Lock
    listview_getitemtext.o(i.LISTVIEW_GetItemTextLen) refers to gui_alloc.o(i.GUI_ALLOC_LockH) for GUI_ALLOC_LockH
    listview_getitemtext.o(i.LISTVIEW_GetItemTextLen) refers to listview_getnumcolumns.o(i.LISTVIEW__GetNumColumns) for LISTVIEW__GetNumColumns
    listview_getitemtext.o(i.LISTVIEW_GetItemTextLen) refers to listview_getnumrows.o(i.LISTVIEW__GetNumRows) for LISTVIEW__GetNumRows
    listview_getitemtext.o(i.LISTVIEW_GetItemTextLen) refers to gui_alloc.o(i.GUI_ALLOC_UnlockH) for GUI_ALLOC_UnlockH
    listview_getitemtext.o(i.LISTVIEW_GetItemTextLen) refers to listview.o(i.LISTVIEW__GetpRow) for LISTVIEW__GetpRow
    listview_getitemtext.o(i.LISTVIEW_GetItemTextLen) refers to gui_array.o(i.GUI_ARRAY_GetpItemLocked) for GUI_ARRAY_GetpItemLocked
    listview_getitemtext.o(i.LISTVIEW_GetItemTextLen) refers to strlen.o(.text) for strlen
    listview_getitemtext.o(i.LISTVIEW_GetItemTextLen) refers to gui_task.o(i.GUI_Unlock) for GUI_Unlock
    listview_getitemtext.o(i.LISTVIEW_GetItemTextSorted) refers to listview_getitemtext.o(i.LISTVIEW__GetRowSorted) for LISTVIEW__GetRowSorted
    listview_getitemtext.o(i.LISTVIEW_GetItemTextSorted) refers to listview_getitemtext.o(i.LISTVIEW_GetItemText) for LISTVIEW_GetItemText
    listview_getitemtext.o(i.LISTVIEW__GetRowSorted) refers to gui_alloc.o(i.GUI_ALLOC_LockH) for GUI_ALLOC_LockH
    listview_getitemtext.o(i.LISTVIEW__GetRowSorted) refers to gui_alloc.o(i.GUI_ALLOC_UnlockH) for GUI_ALLOC_UnlockH
    scrollbar_create.o(i.SCROLLBAR_Create) refers to scrollbar.o(i.SCROLLBAR_CreateEx) for SCROLLBAR_CreateEx
    scrollbar_create.o(i.SCROLLBAR_CreateAttached) refers to scrollbar.o(i.SCROLLBAR_CreateEx) for SCROLLBAR_CreateEx
    scrollbar_create.o(i.SCROLLBAR_CreateAttached) refers to wm_notifyparent.o(i.WM_NotifyParent) for WM_NotifyParent
    wm__getfirstsibling.o(i.WM__GetFirstSibling) refers to wm_getparent.o(i.WM_GetParent) for WM_GetParent
    wm__getfirstsibling.o(i.WM__GetFirstSibling) refers to gui_alloc.o(i.GUI_ALLOC_h2p) for GUI_ALLOC_h2p
    wm__getfocussedchild.o(i.WM__GetFocussedChild) refers to wm__ischild.o(i.WM__IsChild) for WM__IsChild
    wm__getfocussedchild.o(i.WM__GetFocussedChild) refers to wm.o(.data) for WM__ahWinFocus
    wm__getlastsibling.o(i.WM__GetLastSibling) refers to gui_alloc.o(i.GUI_ALLOC_h2p) for GUI_ALLOC_h2p
    wm__sendmessageifenabled.o(i.WM__SendMessageIfEnabled) refers to wm__isenabled.o(i.WM__IsEnabled) for WM__IsEnabled
    wm__sendmessageifenabled.o(i.WM__SendMessageIfEnabled) refers to wm__sendmessage.o(i.WM__SendMessage) for WM__SendMessage
    wm_foreachdesc.o(i.WM_ForEachDesc) refers to gui_task.o(i.GUI_Lock) for GUI_Lock
    wm_foreachdesc.o(i.WM_ForEachDesc) refers to wm__foreachdesc.o(i.WM__ForEachDesc) for WM__ForEachDesc
    wm_foreachdesc.o(i.WM_ForEachDesc) refers to gui_task.o(i.GUI_Unlock) for GUI_Unlock
    wm_getdesktopwindowex.o(i.WM_GetDesktopWindowEx) refers to wm.o(.data) for WM__ahDesktopWin
    wm_getflags.o(i.WM_GetFlags) refers to gui_task.o(i.GUI_Lock) for GUI_Lock
    wm_getflags.o(i.WM_GetFlags) refers to gui_alloc.o(i.GUI_ALLOC_h2p) for GUI_ALLOC_h2p
    wm_getflags.o(i.WM_GetFlags) refers to gui_task.o(i.GUI_Unlock) for GUI_Unlock
    wm_getinsiderect.o(i.WM_GetInsideRect) refers to wm_getinsiderect.o(i.WM_GetInsideRectEx) for WM_GetInsideRectEx
    wm_getinsiderect.o(i.WM_GetInsideRect) refers to gui_core.o(.data) for GUI_pContext
    wm_getinsiderect.o(i.WM_GetInsideRectEx) refers to wm.o(i.WM_SendMessage) for WM_SendMessage
    wm_getscrollpartner.o(i.WM_GetScrollPartner) refers to wm_getid.o(i.WM_GetId) for WM_GetId
    wm_getscrollpartner.o(i.WM_GetScrollPartner) refers to wm_getparent.o(i.WM_GetParent) for WM_GetParent
    wm_getscrollpartner.o(i.WM_GetScrollPartner) refers to wm_getdialogitem.o(i.WM_GetDialogItem) for WM_GetDialogItem
    wm_onkey.o(i.WM_OnKey) refers to gui_task.o(i.GUI_Lock) for GUI_Lock
    wm_onkey.o(i.WM_OnKey) refers to wm__sendmessage.o(i.WM__SendMessage) for WM__SendMessage
    wm_onkey.o(i.WM_OnKey) refers to gui_task.o(i.GUI_Unlock) for GUI_Unlock
    wm_onkey.o(i.WM_OnKey) refers to wm.o(.data) for WM__ahWinFocus
    wm_pid__getprevstate.o(i.WM_PID__GetPrevState) refers to wm_pid__getprevstate.o(.bss) for .bss
    wm_pid__getprevstate.o(i.WM_PID__SetPrevState) refers to wm_pid__getprevstate.o(.bss) for .bss
    wm__foreachdesc.o(i.WM__ForEachDesc) refers to gui_alloc.o(i.GUI_ALLOC_h2p) for GUI_ALLOC_h2p
    wm__ischild.o(i.WM__IsChild) refers to gui_alloc.o(i.GUI_ALLOC_LockH) for GUI_ALLOC_LockH
    wm__ischild.o(i.WM__IsChild) refers to gui_alloc.o(i.GUI_ALLOC_UnlockH) for GUI_ALLOC_UnlockH
    use_no_semi_2.o(.text) refers (Special) to use_no_semi.o(.text) for __use_no_semihosting_swi
    __2printf.o(.text) refers to _printf_char_file.o(.text) for _printf_char_file
    __2printf.o(.text) refers to usart.o(.data) for __stdout
    __2sprintf.o(.text) refers to _printf_char_common.o(.text) for _printf_char_common
    __2sprintf.o(.text) refers to _sputc.o(.text) for _sputc
    noretval__2printf.o(.text) refers to _printf_char_file.o(.text) for _printf_char_file
    noretval__2printf.o(.text) refers to usart.o(.data) for __stdout
    noretval__2sprintf.o(.text) refers to _printf_char_common.o(.text) for _printf_char_common
    noretval__2sprintf.o(.text) refers to _sputc.o(.text) for _sputc
    __printf.o(.text) refers to _printf_percent.o(.ARM.Collect$$_printf_percent$$00000000) for _printf_percent
    _printf_str.o(.text) refers (Special) to _printf_char.o(.text) for _printf_cs_common
    _printf_str.o(.text) refers (Weak) to _printf_pad.o(.text) for _printf_pre_padding
    _printf_str.o(.text) refers (Weak) to _printf_pad.o(.text) for _printf_post_padding
    _printf_dec.o(.text) refers to _printf_intcommon.o(.text) for _printf_int_common
    _printf_hex_ll.o(.text) refers to _printf_intcommon.o(.text) for _printf_int_common
    _printf_hex_ll.o(.text) refers to _printf_hex_ll.o(.constdata) for .constdata
    _printf_hex_int.o(.text) refers to _printf_intcommon.o(.text) for _printf_int_common
    _printf_hex_int.o(.text) refers to _printf_hex_int.o(.constdata) for .constdata
    _printf_hex_int_ll.o(.text) refers to _printf_intcommon.o(.text) for _printf_int_common
    _printf_hex_int_ll.o(.text) refers to _printf_hex_int_ll.o(.constdata) for .constdata
    _printf_hex_ptr.o(.text) refers to _printf_intcommon.o(.text) for _printf_int_common
    _printf_hex_ptr.o(.text) refers to _printf_hex_ptr.o(.constdata) for .constdata
    _printf_hex_int_ptr.o(.text) refers to _printf_intcommon.o(.text) for _printf_int_common
    _printf_hex_int_ptr.o(.text) refers to _printf_hex_int_ptr.o(.constdata) for .constdata
    _printf_hex_ll_ptr.o(.text) refers to _printf_intcommon.o(.text) for _printf_int_common
    _printf_hex_ll_ptr.o(.text) refers to _printf_hex_ll_ptr.o(.constdata) for .constdata
    _printf_hex_int_ll_ptr.o(.text) refers to _printf_intcommon.o(.text) for _printf_int_common
    _printf_hex_int_ll_ptr.o(.text) refers to _printf_hex_int_ll_ptr.o(.constdata) for .constdata
    __printf_flags.o(.text) refers to _printf_percent.o(.ARM.Collect$$_printf_percent$$00000000) for _printf_percent
    __printf_flags.o(.text) refers to __printf_flags.o(.constdata) for .constdata
    __printf_ss.o(.text) refers to _printf_percent.o(.ARM.Collect$$_printf_percent$$00000000) for _printf_percent
    __printf_flags_ss.o(.text) refers to _printf_percent.o(.ARM.Collect$$_printf_percent$$00000000) for _printf_percent
    __printf_flags_ss.o(.text) refers to __printf_flags_ss.o(.constdata) for .constdata
    __printf_wp.o(.text) refers to __printf_wp.o(i._is_digit) for _is_digit
    __printf_wp.o(.text) refers to _printf_percent.o(.ARM.Collect$$_printf_percent$$00000000) for _printf_percent
    __printf_flags_wp.o(.text) refers to __printf_wp.o(i._is_digit) for _is_digit
    __printf_flags_wp.o(.text) refers to _printf_percent.o(.ARM.Collect$$_printf_percent$$00000000) for _printf_percent
    __printf_flags_wp.o(.text) refers to __printf_flags_wp.o(.constdata) for .constdata
    __printf_ss_wp.o(.text) refers to __printf_wp.o(i._is_digit) for _is_digit
    __printf_ss_wp.o(.text) refers to _printf_percent.o(.ARM.Collect$$_printf_percent$$00000000) for _printf_percent
    __printf_flags_ss_wp.o(.text) refers to __printf_wp.o(i._is_digit) for _is_digit
    __printf_flags_ss_wp.o(.text) refers to _printf_percent.o(.ARM.Collect$$_printf_percent$$00000000) for _printf_percent
    __printf_flags_ss_wp.o(.text) refers to __printf_flags_ss_wp.o(.constdata) for .constdata
    _printf_c.o(.ARM.Collect$$_printf_percent$$00000013) refers (Weak) to _printf_char.o(.text) for _printf_char
    _printf_s.o(.ARM.Collect$$_printf_percent$$00000014) refers (Weak) to _printf_char.o(.text) for _printf_string
    _printf_x.o(.ARM.Collect$$_printf_percent$$0000000C) refers (Weak) to _printf_hex_int.o(.text) for _printf_int_hex
    _printf_i.o(.ARM.Collect$$_printf_percent$$00000008) refers (Weak) to _printf_dec.o(.text) for _printf_int_dec
    _printf_d.o(.ARM.Collect$$_printf_percent$$00000009) refers (Weak) to _printf_dec.o(.text) for _printf_int_dec
    _printf_u.o(.ARM.Collect$$_printf_percent$$0000000A) refers (Weak) to _printf_dec.o(.text) for _printf_int_dec
    _printf_percent.o(.ARM.Collect$$_printf_percent$$00000000) refers (Special) to _printf_percent_end.o(.ARM.Collect$$_printf_percent$$00000017) for _printf_percent_end
    rand.o(.emb_text) refers (Special) to libinit2.o(.ARM.Collect$$libinit$$0000000D) for __rt_lib_init_rand_2
    rand.o(.emb_text) refers to rand.o(.text) for _rand_init
    rand.o(.emb_text) refers to rand.o(.bss) for _random_number_data
    rand.o(.text) refers (Special) to libinit2.o(.ARM.Collect$$libinit$$0000000D) for __rt_lib_init_rand_2
    rand.o(.text) refers to rand.o(.bss) for .bss
    rand.o(.bss) refers (Special) to libinit2.o(.ARM.Collect$$libinit$$0000000D) for __rt_lib_init_rand_2
    rt_memcpy_v6.o(.text) refers to rt_memcpy_w.o(.text) for __aeabi_memcpy4
    rt_memmove_v6.o(.text) refers to rt_memcpy_v6.o(.text) for __aeabi_memcpy
    rt_memmove_v6.o(.text) refers to rt_memmove_w.o(.text) for __memmove_aligned
    aeabi_memset.o(.text) refers to rt_memclr.o(.text) for _memset
    rt_memclr.o(.text) refers to rt_memclr_w.o(.text) for _memset_w
    strncpy.o(.text) refers to rt_memclr.o(.text) for __aeabi_memclr
    __main.o(!!!main) refers to __rtentry.o(.ARM.Collect$$rtentry$$00000000) for __rt_entry
    d2f.o(x$fpl$d2f) refers (Special) to usenofp.o(x$fpl$usenofp) for __I$use$fp
    d2f.o(x$fpl$d2f) refers to fretinf.o(x$fpl$fretinf) for __fpl_fretinf
    d2f.o(x$fpl$d2f) refers to dnaninf.o(x$fpl$dnaninf) for __fpl_dnaninf
    daddsub_clz.o(x$fpl$dadd) refers (Special) to usenofp.o(x$fpl$usenofp) for __I$use$fp
    daddsub_clz.o(x$fpl$dadd) refers to daddsub_clz.o(x$fpl$dsub) for _dsub1
    daddsub_clz.o(x$fpl$dadd) refers to dretinf.o(x$fpl$dretinf) for __fpl_dretinf
    daddsub_clz.o(x$fpl$dadd) refers to dnaninf.o(x$fpl$dnaninf) for __fpl_dnaninf
    daddsub_clz.o(x$fpl$drsb) refers (Special) to usenofp.o(x$fpl$usenofp) for __I$use$fp
    daddsub_clz.o(x$fpl$drsb) refers to daddsub_clz.o(x$fpl$dadd) for _dadd1
    daddsub_clz.o(x$fpl$drsb) refers to daddsub_clz.o(x$fpl$dsub) for _dsub1
    daddsub_clz.o(x$fpl$dsub) refers (Special) to usenofp.o(x$fpl$usenofp) for __I$use$fp
    daddsub_clz.o(x$fpl$dsub) refers to daddsub_clz.o(x$fpl$dadd) for _dadd1
    daddsub_clz.o(x$fpl$dsub) refers to dnaninf.o(x$fpl$dnaninf) for __fpl_dnaninf
    ddiv.o(x$fpl$drdiv) refers (Special) to usenofp.o(x$fpl$usenofp) for __I$use$fp
    ddiv.o(x$fpl$drdiv) refers to ddiv.o(x$fpl$ddiv) for ddiv_entry
    ddiv.o(x$fpl$ddiv) refers (Special) to usenofp.o(x$fpl$usenofp) for __I$use$fp
    ddiv.o(x$fpl$ddiv) refers to dretinf.o(x$fpl$dretinf) for __fpl_dretinf
    ddiv.o(x$fpl$ddiv) refers to dnaninf.o(x$fpl$dnaninf) for __fpl_dnaninf
    dfix.o(x$fpl$dfix) refers (Special) to usenofp.o(x$fpl$usenofp) for __I$use$fp
    dfix.o(x$fpl$dfix) refers to dnaninf.o(x$fpl$dnaninf) for __fpl_dnaninf
    dfix.o(x$fpl$dfixr) refers (Special) to usenofp.o(x$fpl$usenofp) for __I$use$fp
    dfix.o(x$fpl$dfixr) refers to dnaninf.o(x$fpl$dnaninf) for __fpl_dnaninf
    dfixu.o(x$fpl$dfixu) refers (Special) to usenofp.o(x$fpl$usenofp) for __I$use$fp
    dfixu.o(x$fpl$dfixu) refers to dnaninf.o(x$fpl$dnaninf) for __fpl_dnaninf
    dfixu.o(x$fpl$dfixur) refers (Special) to usenofp.o(x$fpl$usenofp) for __I$use$fp
    dfixu.o(x$fpl$dfixur) refers to dnaninf.o(x$fpl$dnaninf) for __fpl_dnaninf
    dflt_clz.o(x$fpl$dfltu) refers (Special) to usenofp.o(x$fpl$usenofp) for __I$use$fp
    dflt_clz.o(x$fpl$dflt) refers (Special) to usenofp.o(x$fpl$usenofp) for __I$use$fp
    dflt_clz.o(x$fpl$dfltn) refers (Special) to usenofp.o(x$fpl$usenofp) for __I$use$fp
    dleqf.o(x$fpl$dleqf) refers (Special) to usenofp.o(x$fpl$usenofp) for __I$use$fp
    dleqf.o(x$fpl$dleqf) refers to dnaninf.o(x$fpl$dnaninf) for __fpl_dnaninf
    dleqf.o(x$fpl$dleqf) refers to dcmpi.o(x$fpl$dcmpinf) for __fpl_dcmp_Inf
    dmul.o(x$fpl$dmul) refers (Special) to usenofp.o(x$fpl$usenofp) for __I$use$fp
    dmul.o(x$fpl$dmul) refers to dretinf.o(x$fpl$dretinf) for __fpl_dretinf
    dmul.o(x$fpl$dmul) refers to dnaninf.o(x$fpl$dnaninf) for __fpl_dnaninf
    drleqf.o(x$fpl$drleqf) refers (Special) to usenofp.o(x$fpl$usenofp) for __I$use$fp
    drleqf.o(x$fpl$drleqf) refers to dleqf.o(x$fpl$dleqf) for __fpl_dcmple_InfNaN
    f2d.o(x$fpl$f2d) refers (Special) to usenofp.o(x$fpl$usenofp) for __I$use$fp
    f2d.o(x$fpl$f2d) refers to fnaninf.o(x$fpl$fnaninf) for __fpl_fnaninf
    f2d.o(x$fpl$f2d) refers to dretinf.o(x$fpl$dretinf) for __fpl_dretinf
    faddsub_clz.o(x$fpl$fadd) refers (Special) to usenofp.o(x$fpl$usenofp) for __I$use$fp
    faddsub_clz.o(x$fpl$fadd) refers to faddsub_clz.o(x$fpl$fsub) for _fsub1
    faddsub_clz.o(x$fpl$fadd) refers to fretinf.o(x$fpl$fretinf) for __fpl_fretinf
    faddsub_clz.o(x$fpl$fadd) refers to fnaninf.o(x$fpl$fnaninf) for __fpl_fnaninf
    faddsub_clz.o(x$fpl$frsb) refers (Special) to usenofp.o(x$fpl$usenofp) for __I$use$fp
    faddsub_clz.o(x$fpl$frsb) refers to faddsub_clz.o(x$fpl$fadd) for _fadd1
    faddsub_clz.o(x$fpl$frsb) refers to faddsub_clz.o(x$fpl$fsub) for _fsub1
    faddsub_clz.o(x$fpl$fsub) refers (Special) to usenofp.o(x$fpl$usenofp) for __I$use$fp
    faddsub_clz.o(x$fpl$fsub) refers to faddsub_clz.o(x$fpl$fadd) for _fadd1
    faddsub_clz.o(x$fpl$fsub) refers to fnaninf.o(x$fpl$fnaninf) for __fpl_fnaninf
    fdiv.o(x$fpl$frdiv) refers (Special) to usenofp.o(x$fpl$usenofp) for __I$use$fp
    fdiv.o(x$fpl$frdiv) refers to fdiv.o(x$fpl$fdiv) for _fdiv1
    fdiv.o(x$fpl$fdiv) refers (Special) to usenofp.o(x$fpl$usenofp) for __I$use$fp
    fdiv.o(x$fpl$fdiv) refers to fretinf.o(x$fpl$fretinf) for __fpl_fretinf
    fdiv.o(x$fpl$fdiv) refers to fnaninf.o(x$fpl$fnaninf) for __fpl_fnaninf
    feqf.o(x$fpl$feqf) refers (Special) to usenofp.o(x$fpl$usenofp) for __I$use$fp
    feqf.o(x$fpl$feqf) refers to fnaninf.o(x$fpl$fnaninf) for __fpl_fnaninf
    feqf.o(x$fpl$feqf) refers to fcmpi.o(x$fpl$fcmpinf) for __fpl_fcmp_Inf
    ffix.o(x$fpl$ffix) refers (Special) to usenofp.o(x$fpl$usenofp) for __I$use$fp
    ffix.o(x$fpl$ffix) refers to fnaninf.o(x$fpl$fnaninf) for __fpl_fnaninf
    ffix.o(x$fpl$ffixr) refers (Special) to usenofp.o(x$fpl$usenofp) for __I$use$fp
    ffix.o(x$fpl$ffixr) refers to fnaninf.o(x$fpl$fnaninf) for __fpl_fnaninf
    ffixu.o(x$fpl$ffixu) refers (Special) to usenofp.o(x$fpl$usenofp) for __I$use$fp
    ffixu.o(x$fpl$ffixu) refers to fnaninf.o(x$fpl$fnaninf) for __fpl_fnaninf
    ffixu.o(x$fpl$ffixur) refers (Special) to usenofp.o(x$fpl$usenofp) for __I$use$fp
    ffixu.o(x$fpl$ffixur) refers to fnaninf.o(x$fpl$fnaninf) for __fpl_fnaninf
    fflt_clz.o(x$fpl$ffltu) refers (Special) to usenofp.o(x$fpl$usenofp) for __I$use$fp
    fflt_clz.o(x$fpl$fflt) refers (Special) to usenofp.o(x$fpl$usenofp) for __I$use$fp
    fflt_clz.o(x$fpl$ffltn) refers (Special) to usenofp.o(x$fpl$usenofp) for __I$use$fp
    fmul.o(x$fpl$fmul) refers (Special) to usenofp.o(x$fpl$usenofp) for __I$use$fp
    fmul.o(x$fpl$fmul) refers to fretinf.o(x$fpl$fretinf) for __fpl_fretinf
    fmul.o(x$fpl$fmul) refers to fnaninf.o(x$fpl$fnaninf) for __fpl_fnaninf
    ceil.o(i.__softfp_ceil) refers (Special) to usenofp.o(x$fpl$usenofp) for __I$use$fp
    ceil.o(i.__softfp_ceil) refers to ceil.o(i.ceil) for ceil
    ceil.o(i.ceil) refers (Special) to usenofp.o(x$fpl$usenofp) for __I$use$fp
    ceil.o(i.ceil) refers to daddsub_clz.o(x$fpl$dadd) for __aeabi_dadd
    ceil.o(i.ceil) refers to drleqf.o(x$fpl$drleqf) for __aeabi_cdrcmple
    ceil.o(i.ceil) refers to daddsub_clz.o(x$fpl$drsb) for __aeabi_drsub
    floor.o(i.__softfp_floor) refers (Special) to usenofp.o(x$fpl$usenofp) for __I$use$fp
    floor.o(i.__softfp_floor) refers to floor.o(i.floor) for floor
    floor.o(i.floor) refers (Special) to usenofp.o(x$fpl$usenofp) for __I$use$fp
    floor.o(i.floor) refers to daddsub_clz.o(x$fpl$dadd) for __aeabi_dadd
    floor.o(i.floor) refers to drleqf.o(x$fpl$drleqf) for __aeabi_cdrcmple
    floor.o(i.floor) refers to daddsub_clz.o(x$fpl$drsb) for __aeabi_drsub
    sqrt.o(i.__softfp_sqrt) refers (Special) to usenofp.o(x$fpl$usenofp) for __I$use$fp
    sqrt.o(i.__softfp_sqrt) refers to dsqrt_noumaal.o(x$fpl$dsqrt) for _dsqrt
    sqrt.o(i.__softfp_sqrt) refers to _rserrno.o(.text) for __set_errno
    sqrt.o(i.sqrt) refers (Special) to usenofp.o(x$fpl$usenofp) for __I$use$fp
    sqrt.o(i.sqrt) refers to dsqrt_noumaal.o(x$fpl$dsqrt) for _dsqrt
    sqrt.o(i.sqrt) refers to _rserrno.o(.text) for __set_errno
    sqrt_x.o(i.____softfp_sqrt$lsc) refers (Special) to usenofp.o(x$fpl$usenofp) for __I$use$fp
    sqrt_x.o(i.____softfp_sqrt$lsc) refers to dleqf.o(x$fpl$dleqf) for __aeabi_cdcmple
    sqrt_x.o(i.____softfp_sqrt$lsc) refers to _rserrno.o(.text) for __set_errno
    sqrt_x.o(i.____softfp_sqrt$lsc) refers to dsqrt_noumaal.o(x$fpl$dsqrt) for _dsqrt
    sqrt_x.o(i.__sqrt$lsc) refers (Special) to usenofp.o(x$fpl$usenofp) for __I$use$fp
    sqrt_x.o(i.__sqrt$lsc) refers to dleqf.o(x$fpl$dleqf) for __aeabi_cdcmple
    sqrt_x.o(i.__sqrt$lsc) refers to _rserrno.o(.text) for __set_errno
    sqrt_x.o(i.__sqrt$lsc) refers to dsqrt_noumaal.o(x$fpl$dsqrt) for _dsqrt
    __rtentry.o(.ARM.Collect$$rtentry$$00000000) refers (Special) to __rtentry2.o(.ARM.Collect$$rtentry$$0000000A) for __rt_entry_li
    __rtentry.o(.ARM.Collect$$rtentry$$00000000) refers (Special) to __rtentry2.o(.ARM.Collect$$rtentry$$0000000D) for __rt_entry_main
    __rtentry.o(.ARM.Collect$$rtentry$$00000000) refers (Special) to __rtentry2.o(.ARM.Collect$$rtentry$$0000000C) for __rt_entry_postli_1
    __rtentry.o(.ARM.Collect$$rtentry$$00000000) refers (Special) to __rtentry2.o(.ARM.Collect$$rtentry$$00000009) for __rt_entry_postsh_1
    __rtentry.o(.ARM.Collect$$rtentry$$00000000) refers (Special) to __rtentry2.o(.ARM.Collect$$rtentry$$00000002) for __rt_entry_presh_1
    __rtentry.o(.ARM.Collect$$rtentry$$00000000) refers (Special) to __rtentry4.o(.ARM.Collect$$rtentry$$00000004) for __rt_entry_sh
    aeabi_ldiv0_sigfpe.o(.text) refers to rt_div0.o(.text) for __rt_div0
    _rserrno.o(.text) refers to rt_errno_addr_intlibspace.o(.text) for __aeabi_errno_addr
    _printf_intcommon.o(.text) refers (Weak) to _printf_pad.o(.text) for _printf_pre_padding
    _printf_intcommon.o(.text) refers (Weak) to _printf_pad.o(.text) for _printf_pre_padding
    _printf_intcommon.o(.text) refers (Weak) to _printf_pad.o(.text) for _printf_post_padding
    _printf_char_common.o(.text) refers to __printf_flags_ss_wp.o(.text) for __printf
    _printf_char.o(.text) refers (Weak) to _printf_str.o(.text) for _printf_str
    _printf_char_file.o(.text) refers to _printf_char_common.o(.text) for _printf_char_common
    _printf_char_file.o(.text) refers to ferror.o(.text) for ferror
    _printf_char_file.o(.text) refers to usart.o(.text) for fputc
    rt_memmove_w.o(.text) refers to rt_memcpy_w.o(.text) for __aeabi_memcpy4
    libinit2.o(.ARM.Collect$$libinit$$0000000D) refers (Weak) to rand.o(.text) for _rand_init
    libinit2.o(.ARM.Collect$$libinit$$00000010) refers to libinit2.o(.ARM.Collect$$libinit$$0000000F) for .ARM.Collect$$libinit$$0000000F
    libinit2.o(.ARM.Collect$$libinit$$00000012) refers to libinit2.o(.ARM.Collect$$libinit$$0000000F) for .ARM.Collect$$libinit$$0000000F
    libinit2.o(.ARM.Collect$$libinit$$00000014) refers to libinit2.o(.ARM.Collect$$libinit$$0000000F) for .ARM.Collect$$libinit$$0000000F
    libinit2.o(.ARM.Collect$$libinit$$00000016) refers to libinit2.o(.ARM.Collect$$libinit$$0000000F) for .ARM.Collect$$libinit$$0000000F
    libinit2.o(.ARM.Collect$$libinit$$00000018) refers to libinit2.o(.ARM.Collect$$libinit$$0000000F) for .ARM.Collect$$libinit$$0000000F
    libinit2.o(.ARM.Collect$$libinit$$00000026) refers to argv_veneer.o(.emb_text) for __ARM_argv_veneer
    libinit2.o(.ARM.Collect$$libinit$$00000027) refers to argv_veneer.o(.emb_text) for __ARM_argv_veneer
    dcmpi.o(x$fpl$dcmpinf) refers (Special) to usenofp.o(x$fpl$usenofp) for __I$use$fp
    dnaninf.o(x$fpl$dnaninf) refers (Special) to usenofp.o(x$fpl$usenofp) for __I$use$fp
    dretinf.o(x$fpl$dretinf) refers (Special) to usenofp.o(x$fpl$usenofp) for __I$use$fp
    dsqrt_noumaal.o(x$fpl$dsqrt) refers (Special) to usenofp.o(x$fpl$usenofp) for __I$use$fp
    dsqrt_noumaal.o(x$fpl$dsqrt) refers to dnaninf.o(x$fpl$dnaninf) for __fpl_dnaninf
    fcmpi.o(x$fpl$fcmpinf) refers (Special) to usenofp.o(x$fpl$usenofp) for __I$use$fp
    fnaninf.o(x$fpl$fnaninf) refers (Special) to usenofp.o(x$fpl$usenofp) for __I$use$fp
    fretinf.o(x$fpl$fretinf) refers (Special) to usenofp.o(x$fpl$usenofp) for __I$use$fp
    __rtentry2.o(.ARM.Collect$$rtentry$$00000008) refers to boardinit2.o(.text) for _platform_post_stackheap_init
    __rtentry2.o(.ARM.Collect$$rtentry$$0000000A) refers to libinit.o(.ARM.Collect$$libinit$$00000000) for __rt_lib_init
    __rtentry2.o(.ARM.Collect$$rtentry$$0000000B) refers to boardinit3.o(.text) for _platform_post_lib_init
    __rtentry2.o(.ARM.Collect$$rtentry$$0000000D) refers to main.o(.text) for main
    __rtentry2.o(.ARM.Collect$$rtentry$$0000000D) refers to exit.o(.text) for exit
    __rtentry2.o(.ARM.exidx) refers to __rtentry2.o(.ARM.Collect$$rtentry$$00000001) for .ARM.Collect$$rtentry$$00000001
    __rtentry2.o(.ARM.exidx) refers to __rtentry2.o(.ARM.Collect$$rtentry$$00000008) for .ARM.Collect$$rtentry$$00000008
    __rtentry2.o(.ARM.exidx) refers to __rtentry2.o(.ARM.Collect$$rtentry$$0000000A) for .ARM.Collect$$rtentry$$0000000A
    __rtentry2.o(.ARM.exidx) refers to __rtentry2.o(.ARM.Collect$$rtentry$$0000000B) for .ARM.Collect$$rtentry$$0000000B
    __rtentry2.o(.ARM.exidx) refers to __rtentry2.o(.ARM.Collect$$rtentry$$0000000D) for .ARM.Collect$$rtentry$$0000000D
    __rtentry4.o(.ARM.Collect$$rtentry$$00000004) refers to sys_stackheap_outer.o(.text) for __user_setup_stackheap
    __rtentry4.o(.ARM.exidx) refers to __rtentry4.o(.ARM.Collect$$rtentry$$00000004) for .ARM.Collect$$rtentry$$00000004
    rt_div0.o(.text) refers to defsig_fpe_outer.o(.text) for __rt_SIGFPE
    rt_errno_addr.o(.text) refers to rt_errno_addr.o(.bss) for __aeabi_errno_addr_data
    rt_errno_addr_intlibspace.o(.text) refers to libspace.o(.bss) for __libspace_start
    argv_veneer.o(.emb_text) refers to no_argv.o(.text) for __ARM_get_argv
    libspace.o(.text) refers to libspace.o(.bss) for __libspace_start
    sys_stackheap_outer.o(.text) refers to libspace.o(.text) for __user_perproc_libspace
    sys_stackheap_outer.o(.text) refers to startup_stm32f10x_hd.o(.text) for __user_initial_stackheap
    exit.o(.text) refers to rtexit.o(.ARM.Collect$$rtexit$$00000000) for __rt_exit
    defsig_fpe_outer.o(.text) refers to defsig_fpe_inner.o(.text) for __rt_SIGFPE_inner
    defsig_fpe_outer.o(.text) refers to defsig_exit.o(.text) for __sig_exit
    defsig_fpe_formal.o(.text) refers to rt_raise.o(.text) for __rt_raise
    _get_argv_nomalloc.o(.text) refers (Special) to hrguard.o(.text) for __heap_region$guard
    _get_argv_nomalloc.o(.text) refers to defsig_rtmem_outer.o(.text) for __rt_SIGRTMEM
    _get_argv_nomalloc.o(.text) refers to sys_command.o(.text) for _sys_command_string
    libinit.o(.ARM.Collect$$libinit$$00000000) refers (Special) to libinit2.o(.ARM.Collect$$libinit$$0000002E) for __rt_lib_init_alloca_1
    libinit.o(.ARM.Collect$$libinit$$00000000) refers (Special) to libinit2.o(.ARM.Collect$$libinit$$0000002C) for __rt_lib_init_argv_1
    libinit.o(.ARM.Collect$$libinit$$00000000) refers (Special) to libinit2.o(.ARM.Collect$$libinit$$0000001B) for __rt_lib_init_atexit_1
    libinit.o(.ARM.Collect$$libinit$$00000000) refers (Special) to libinit2.o(.ARM.Collect$$libinit$$00000021) for __rt_lib_init_clock_1
    libinit.o(.ARM.Collect$$libinit$$00000000) refers (Special) to libinit2.o(.ARM.Collect$$libinit$$00000032) for __rt_lib_init_cpp_1
    libinit.o(.ARM.Collect$$libinit$$00000000) refers (Special) to libinit2.o(.ARM.Collect$$libinit$$00000030) for __rt_lib_init_exceptions_1
    libinit.o(.ARM.Collect$$libinit$$00000000) refers (Special) to libinit2.o(.ARM.Collect$$libinit$$00000002) for __rt_lib_init_fp_1
    libinit.o(.ARM.Collect$$libinit$$00000000) refers (Special) to libinit2.o(.ARM.Collect$$libinit$$0000001F) for __rt_lib_init_fp_trap_1
    libinit.o(.ARM.Collect$$libinit$$00000000) refers (Special) to libinit2.o(.ARM.Collect$$libinit$$00000023) for __rt_lib_init_getenv_1
    libinit.o(.ARM.Collect$$libinit$$00000000) refers (Special) to libinit2.o(.ARM.Collect$$libinit$$0000000A) for __rt_lib_init_heap_1
    libinit.o(.ARM.Collect$$libinit$$00000000) refers (Special) to libinit2.o(.ARM.Collect$$libinit$$00000011) for __rt_lib_init_lc_collate_1
    libinit.o(.ARM.Collect$$libinit$$00000000) refers (Special) to libinit2.o(.ARM.Collect$$libinit$$00000013) for __rt_lib_init_lc_ctype_1
    libinit.o(.ARM.Collect$$libinit$$00000000) refers (Special) to libinit2.o(.ARM.Collect$$libinit$$00000015) for __rt_lib_init_lc_monetary_1
    libinit.o(.ARM.Collect$$libinit$$00000000) refers (Special) to libinit2.o(.ARM.Collect$$libinit$$00000017) for __rt_lib_init_lc_numeric_1
    libinit.o(.ARM.Collect$$libinit$$00000000) refers (Special) to libinit2.o(.ARM.Collect$$libinit$$00000019) for __rt_lib_init_lc_time_1
    libinit.o(.ARM.Collect$$libinit$$00000000) refers (Special) to libinit2.o(.ARM.Collect$$libinit$$00000004) for __rt_lib_init_preinit_1
    libinit.o(.ARM.Collect$$libinit$$00000000) refers (Special) to libinit2.o(.ARM.Collect$$libinit$$0000000E) for __rt_lib_init_rand_1
    libinit.o(.ARM.Collect$$libinit$$00000000) refers (Special) to libinit2.o(.ARM.Collect$$libinit$$00000033) for __rt_lib_init_return
    libinit.o(.ARM.Collect$$libinit$$00000000) refers (Special) to libinit2.o(.ARM.Collect$$libinit$$0000001D) for __rt_lib_init_signal_1
    libinit.o(.ARM.Collect$$libinit$$00000000) refers (Special) to libinit2.o(.ARM.Collect$$libinit$$00000025) for __rt_lib_init_stdio_1
    libinit.o(.ARM.Collect$$libinit$$00000000) refers (Special) to libinit2.o(.ARM.Collect$$libinit$$0000000C) for __rt_lib_init_user_alloc_1
    sys_command.o(.text) refers (Special) to use_no_semi.o(.text) for __I$use$semihosting
    sys_command.o(.text) refers (Special) to indicate_semi.o(.text) for __semihosting_library_function
    rtexit.o(.ARM.Collect$$rtexit$$00000000) refers (Special) to rtexit2.o(.ARM.Collect$$rtexit$$00000004) for __rt_exit_exit
    rtexit.o(.ARM.Collect$$rtexit$$00000000) refers (Special) to rtexit2.o(.ARM.Collect$$rtexit$$00000003) for __rt_exit_ls
    rtexit.o(.ARM.Collect$$rtexit$$00000000) refers (Special) to rtexit2.o(.ARM.Collect$$rtexit$$00000002) for __rt_exit_prels_1
    rtexit.o(.ARM.exidx) refers (Special) to rtexit2.o(.ARM.Collect$$rtexit$$00000004) for __rt_exit_exit
    rtexit.o(.ARM.exidx) refers (Special) to rtexit2.o(.ARM.Collect$$rtexit$$00000003) for __rt_exit_ls
    rtexit.o(.ARM.exidx) refers (Special) to rtexit2.o(.ARM.Collect$$rtexit$$00000002) for __rt_exit_prels_1
    rtexit.o(.ARM.exidx) refers to rtexit.o(.ARM.Collect$$rtexit$$00000000) for .ARM.Collect$$rtexit$$00000000
    rt_raise.o(.text) refers to __raise.o(.text) for __raise
    rt_raise.o(.text) refers to usart.o(.text) for _sys_exit
    defsig_exit.o(.text) refers to usart.o(.text) for _sys_exit
    defsig_fpe_inner.o(.text) refers to defsig_general.o(.text) for __default_signal_display
    defsig_rtmem_outer.o(.text) refers to defsig_rtmem_inner.o(.text) for __rt_SIGRTMEM_inner
    defsig_rtmem_outer.o(.text) refers to defsig_exit.o(.text) for __sig_exit
    defsig_rtmem_formal.o(.text) refers to rt_raise.o(.text) for __rt_raise
    rtexit2.o(.ARM.Collect$$rtexit$$00000003) refers to libshutdown.o(.ARM.Collect$$libshutdown$$00000000) for __rt_lib_shutdown
    rtexit2.o(.ARM.Collect$$rtexit$$00000004) refers to usart.o(.text) for _sys_exit
    rtexit2.o(.ARM.exidx) refers to rtexit2.o(.ARM.Collect$$rtexit$$00000001) for .ARM.Collect$$rtexit$$00000001
    rtexit2.o(.ARM.exidx) refers to rtexit2.o(.ARM.Collect$$rtexit$$00000003) for .ARM.Collect$$rtexit$$00000003
    rtexit2.o(.ARM.exidx) refers to rtexit2.o(.ARM.Collect$$rtexit$$00000004) for .ARM.Collect$$rtexit$$00000004
    __raise.o(.text) refers to defsig.o(CL$$defsig) for __default_signal_handler
    defsig_general.o(.text) refers to sys_wrch.o(.text) for _ttywrch
    defsig_rtmem_inner.o(.text) refers to defsig_general.o(.text) for __default_signal_display
    sys_wrch.o(.text) refers (Special) to use_no_semi.o(.text) for __I$use$semihosting
    sys_wrch.o(.text) refers (Special) to indicate_semi.o(.text) for __semihosting_library_function
    defsig.o(CL$$defsig) refers to defsig_fpe_inner.o(.text) for __rt_SIGFPE_inner
    defsig.o(CL$$defsig) refers to defsig_rtmem_inner.o(.text) for __rt_SIGRTMEM_inner
    libshutdown.o(.ARM.Collect$$libshutdown$$00000000) refers (Special) to libshutdown2.o(.ARM.Collect$$libshutdown$$00000006) for __rt_lib_shutdown_fp_trap_1
    libshutdown.o(.ARM.Collect$$libshutdown$$00000000) refers (Special) to libshutdown2.o(.ARM.Collect$$libshutdown$$0000000E) for __rt_lib_shutdown_heap_1
    libshutdown.o(.ARM.Collect$$libshutdown$$00000000) refers (Special) to libshutdown2.o(.ARM.Collect$$libshutdown$$0000000F) for __rt_lib_shutdown_return
    libshutdown.o(.ARM.Collect$$libshutdown$$00000000) refers (Special) to libshutdown2.o(.ARM.Collect$$libshutdown$$00000009) for __rt_lib_shutdown_signal_1
    libshutdown.o(.ARM.Collect$$libshutdown$$00000000) refers (Special) to libshutdown2.o(.ARM.Collect$$libshutdown$$00000003) for __rt_lib_shutdown_stdio_1
    libshutdown.o(.ARM.Collect$$libshutdown$$00000000) refers (Special) to libshutdown2.o(.ARM.Collect$$libshutdown$$0000000B) for __rt_lib_shutdown_user_alloc_1
    defsig_abrt_inner.o(.text) refers to defsig_general.o(.text) for __default_signal_display
    defsig_rtred_inner.o(.text) refers to defsig_general.o(.text) for __default_signal_display
    defsig_stak_inner.o(.text) refers to defsig_general.o(.text) for __default_signal_display
    defsig_pvfn_inner.o(.text) refers to defsig_general.o(.text) for __default_signal_display
    defsig_cppl_inner.o(.text) refers to defsig_general.o(.text) for __default_signal_display
    defsig_segv_inner.o(.text) refers to defsig_general.o(.text) for __default_signal_display
    defsig_other.o(.text) refers to defsig_general.o(.text) for __default_signal_display


==============================================================================

Removing Unused input sections from the image.

    Removing flash.o(.text), (900 bytes).
    Removing flash.o(.bss), (4096 bytes).
    Removing flash.o(.data), (2 bytes).
    Removing spi.o(.text), (264 bytes).
    Removing stm32f10x_crc.o(.text), (72 bytes).
    Removing stm32f10x_spi.o(.text), (780 bytes).
    Removing stm32f10x_exti.o(.text), (284 bytes).
    Removing core_cm3.o(.emb_text), (32 bytes).
    Removing sys.o(.emb_text), (6 bytes).
    Removing sys.o(.text), (12 bytes).
    Removing gui_x_touch_analog.o(.text), (112 bytes).
    Removing guidemo_bargraph.o(.text), (2 bytes).
    Removing guidemo_fading.o(.text), (2 bytes).
    Removing guidemo_iconview.o(.text), (2 bytes).
    Removing guidemo_imageflow.o(.text), (2 bytes).
    Removing guidemo_skinning.o(.text), (2 bytes).
    Removing guidemo_speedometer.o(.text), (2 bytes).
    Removing guidemo_start.o(.text), (18 bytes).
    Removing guidemo_touch.o(.text), (268 bytes).
    Removing guidemo_washingmachine.o(.text), (2 bytes).
    Removing guidemo_zoomandrotate.o(.text), (2 bytes).
    Removing cpu_c.o(.text), (1916 bytes).
    Removing lib_math.o(.text), (128 bytes).
    Removing lib_math.o(.data), (4 bytes).
    Removing os_app_hooks.o(.text), (200 bytes).
    Removing guiaa_circle.o(i.GL_FillEllipseAA_HiRes), (40 bytes).
    Removing guiaa_circle.o(i.GUI_AA_FillEllipse), (132 bytes).
    Removing guiaa_circle.o(i._FillEllipse), (212 bytes).
    Removing guiaa_lib.o(i.GUI_AA_GetFactor), (16 bytes).
    Removing guiaa_lib.o(i.GUI_AA_SetDrawMode), (44 bytes).
    Removing gui_alloc.o(i.GUI_ALLOC_GetMaxUsedBytes), (12 bytes).
    Removing gui_alloc.o(i.GUI_ALLOC_GetMemInfo), (48 bytes).
    Removing gui_alloc.o(i.GUI_ALLOC_GetNumFreeBlocks), (12 bytes).
    Removing gui_alloc.o(i.GUI_ALLOC_GetNumUsedBlocks), (16 bytes).
    Removing gui_alloc.o(i.GUI_ALLOC_GetNumUsedBytes), (16 bytes).
    Removing gui_alloc.o(i.GUI_ALLOC_SetMaxPercentage), (24 bytes).
    Removing gui_alloc.o(i.GUI_ALLOC_SuppressPeak), (16 bytes).
    Removing gui_alloc.o(i.GUI_ALLOC_p2h), (6 bytes).
    Removing gui_charpext.o(i.GUIPROP_EXT_DispChar), (156 bytes).
    Removing gui_circ.o(i.GL_DrawEllipse), (208 bytes).
    Removing gui_circ.o(i.GL_FillEllipse), (126 bytes).
    Removing gui_circ.o(i.GUI_DrawEllipse), (148 bytes).
    Removing gui_circ.o(i.GUI_FillCircle), (64 bytes).
    Removing gui_circ.o(i.GUI_FillEllipse), (108 bytes).
    Removing gui_core.o(i.GUI_Exit), (36 bytes).
    Removing gui_core.o(i.GUI_IsInitialized), (12 bytes).
    Removing gui_core.o(i.GUI_SetFuncGetpPalConvTable), (12 bytes).
    Removing gui_core.o(.data), (4 bytes).
    Removing gui_core.o(.data), (4 bytes).
    Removing gui_curs1.o(i.GUI_CURSOR_GetState), (16 bytes).
    Removing gui_curs1.o(i.GUI_CURSOR_SetBitmap), (16 bytes).
    Removing gui_curs1.o(i.GUI_CURSOR_SetBitmapEx), (88 bytes).
    Removing gui_curs1.o(i.GUI_CURSOR__GetSpriteEx), (28 bytes).
    Removing gui_curs1.o(i.GUI_CURSOR__SetSpriteEx), (24 bytes).
    Removing gui_dispchar.o(i.GUI_DispChar), (22 bytes).
    Removing gui_drawbitmap.o(i.GUI_PreserveTrans), (48 bytes).
    Removing gui_drawbitmap_8888.o(i.GUI_SetAlphaMask8888), (32 bytes).
    Removing gui_drawbitmap_8888.o(i._DrawBitmap_M8888I), (40 bytes).
    Removing gui_drawbitmap_8888.o(i._SetPixelAlphaMask), (84 bytes).
    Removing gui_drawbitmap_8888.o(.constdata), (16 bytes).
    Removing gui_enablealpha.o(i.GUI_RestoreUserAlpha), (28 bytes).
    Removing gui_enablealpha.o(i.GUI_SetUserAlpha), (32 bytes).
    Removing gui_encext.o(i.GUIPROP_EXT__SetfpClearLine), (12 bytes).
    Removing gui_getcolor.o(i.GUI_GetBkColorIndex), (20 bytes).
    Removing gui_getcolor.o(i.GUI_GetColorIndex), (20 bytes).
    Removing gui_getdisppos.o(i.GUI_GetDispPosX), (28 bytes).
    Removing gui_goto.o(i.GUI_GotoX), (24 bytes).
    Removing gui_pid.o(i.GUI_PID_GetCurrentState), (24 bytes).
    Removing gui_pid.o(i.GUI_PID_IsEmpty), (24 bytes).
    Removing gui_pid.o(i.GUI_PID_IsPressed), (20 bytes).
    Removing gui_pid.o(i.GUI_PID_StoreState), (28 bytes).
    Removing gui_pid.o(i.GUI_PID__SetHook), (12 bytes).
    Removing gui_pid.o(i._DecPointer), (20 bytes).
    Removing gui_pid.o(i._StoreState), (104 bytes).
    Removing gui_setcolorindex.o(i.GUI_SetBkColorIndex), (36 bytes).
    Removing gui_sprite.o(i.GUI_SPRITE_CreateEx), (12 bytes).
    Removing gui_sprite.o(i.GUI_SPRITE_CreateHidden), (24 bytes).
    Removing gui_sprite.o(i.GUI_SPRITE_CreateHiddenEx), (12 bytes).
    Removing gui_sprite.o(i.GUI_SPRITE_GetState), (42 bytes).
    Removing gui_sprite.o(i.GUI_SPRITE_SetBitmap), (90 bytes).
    Removing gui_sprite.o(i.GUI_SPRITE__SetCallback), (38 bytes).
    Removing gui_sprite.o(i._SetBitmap), (532 bytes).
    Removing gui_touch.o(i.GUI_TOUCH_SetCalibration), (12 bytes).
    Removing gui_touch.o(i.GUI_TOUCH_StoreStateEx), (72 bytes).
    Removing gui_touch.o(.data), (4 bytes).
    Removing gui_touch_driveranalog.o(i.GUI_TOUCH_Exec), (156 bytes).
    Removing gui_val.o(i.GUI_DispDecMin), (20 bytes).
    Removing gui_val.o(i.GUI_DispDecSpace), (54 bytes).
    Removing gui_val.o(i.GUI_DispSDec), (6 bytes).
    Removing guicc_m565.o(i.GUICC_M565_SetCustColorConv), (12 bytes).
    Removing lcd_getex.o(i.LCD_GetBitsPerPixelMax), (6 bytes).
    Removing lcd_getex.o(i.LCD_GetDevFunc), (24 bytes).
    Removing lcd_getex.o(i.LCD_GetMirrorX), (16 bytes).
    Removing lcd_getex.o(i.LCD_GetMirrorXEx), (6 bytes).
    Removing lcd_getex.o(i.LCD_GetMirrorY), (16 bytes).
    Removing lcd_getex.o(i.LCD_GetMirrorYEx), (6 bytes).
    Removing lcd_getex.o(i.LCD_GetSwapXY), (16 bytes).
    Removing lcd_getex.o(i.LCD_GetSwapXYEx), (6 bytes).
    Removing lcd_getex.o(i.LCD_GetVXSize), (16 bytes).
    Removing lcd_getex.o(i.LCD_GetVYSizeMax), (6 bytes).
    Removing lcd_getex.o(i.LCD_GetXMag), (16 bytes).
    Removing lcd_getex.o(i.LCD_GetXMagEx), (6 bytes).
    Removing lcd_getex.o(i.LCD_GetYMag), (16 bytes).
    Removing lcd_getex.o(i.LCD_GetYMagEx), (6 bytes).
    Removing lcd_getex.o(i.LCD_GetpfColor2IndexEx), (16 bytes).
    Removing lcd_getex.o(i.LCD_GetpfIndex2ColorEx), (16 bytes).
    Removing lcd_info.o(i.LCD_GetDevCapEx), (4 bytes).
    Removing lcd_rle4.o(i.LCD__RLE4_SetFunc), (80 bytes).
    Removing lcd_rle4.o(i._DrawBitmap_RLE4Ex), (128 bytes).
    Removing lcd_rle4.o(i._GetByte_GetData), (56 bytes).
    Removing lcd_rle4.o(i._OnExit), (20 bytes).
    Removing lcd_rle4.o(.constdata), (16 bytes).
    Removing lcd_rle8.o(i.LCD__RLE8_SetFunc), (80 bytes).
    Removing lcd_rle8.o(i._DrawBitmap_RLE8Ex), (132 bytes).
    Removing lcd_rle8.o(i._GetByte_GetData), (56 bytes).
    Removing lcd_rle8.o(i._OnExit), (20 bytes).
    Removing lcd_rle8.o(.constdata), (16 bytes).
    Removing lcd_set.o(i.LCD_GetPos), (20 bytes).
    Removing lcd_set.o(i.LCD_GetPosEx), (44 bytes).
    Removing lcd_set.o(i.LCD_Refresh), (16 bytes).
    Removing lcd_set.o(i.LCD_RefreshEx), (36 bytes).
    Removing lcd_set.o(i.LCD_SetAlpha), (16 bytes).
    Removing lcd_set.o(i.LCD_SetAlphaEx), (40 bytes).
    Removing lcd_set.o(i.LCD_SetAlphaMode), (16 bytes).
    Removing lcd_set.o(i.LCD_SetAlphaModeEx), (40 bytes).
    Removing lcd_set.o(i.LCD_SetChroma), (20 bytes).
    Removing lcd_set.o(i.LCD_SetChromaEx), (44 bytes).
    Removing lcd_set.o(i.LCD_SetChromaMode), (16 bytes).
    Removing lcd_set.o(i.LCD_SetChromaModeEx), (40 bytes).
    Removing lcd_set.o(i.LCD_SetDevFunc), (44 bytes).
    Removing lcd_set.o(i.LCD_SetLUTEntry), (20 bytes).
    Removing lcd_set.o(i.LCD_SetPos), (20 bytes).
    Removing lcd_set.o(i.LCD_SetSize), (20 bytes).
    Removing lcd_set.o(i.LCD_SetVRAMAddr), (16 bytes).
    Removing lcd_set.o(i.LCD_SetVRAMAddrEx), (40 bytes).
    Removing lcd_set.o(i.LCD_SetVSize), (20 bytes).
    Removing lcd_set.o(i.LCD_SetVis), (16 bytes).
    Removing f6x8.o(.constdata), (36 bytes).
    Removing guidev.o(i.GUI_MEMDEV_Create), (12 bytes).
    Removing guidev.o(i.GUI_MEMDEV_MarkDirty), (82 bytes).
    Removing guidev_createfixed.o(i.GUI_MEMDEV_CreateFixed32), (56 bytes).
    Removing guidev_moveandfade.o(i.GUI_MEMDEV_FadeInDevices), (6 bytes).
    Removing guidev_moveandfade.o(i.GUI_MEMDEV_FadeOutDevices), (6 bytes).
    Removing guidev_moveandfade.o(i.GUI_MEMDEV_SetTimePerFrame), (12 bytes).
    Removing guidev_moveandfade.o(i.GUI_MEMDEV__FadeDevice), (14 bytes).
    Removing guidev_moveandfade.o(i.GUI_MEMDEV__FadeDeviceEx), (100 bytes).
    Removing guidev_moveandfade.o(i._FadeDevices), (276 bytes).
    Removing guidev_perspective.o(i.GUI_MEMDEV__DrawSizedAt), (74 bytes).
    Removing guidev_write.o(i.GUI_MEMDEV_WriteOpaque), (12 bytes).
    Removing guidev_write.o(i.GUI_MEMDEV_WriteOpaqueAt), (104 bytes).
    Removing button.o(i.BUTTON_CreateEx), (28 bytes).
    Removing button.o(i.BUTTON_GetUserData), (6 bytes).
    Removing button.o(i.BUTTON_GetpWidget), (20 bytes).
    Removing button.o(i.BUTTON_SetFont), (40 bytes).
    Removing button.o(i.BUTTON_SetReactOnTouch), (20 bytes).
    Removing button.o(i.BUTTON_SetState), (4 bytes).
    Removing button.o(i.BUTTON_SetTextOffset), (46 bytes).
    Removing button.o(i.BUTTON_SetUserData), (6 bytes).
    Removing button_skin.o(i.BUTTON_SetSkin), (48 bytes).
    Removing button_skinflex.o(i.BUTTON_GetSkinFlexProps), (24 bytes).
    Removing button_skinflex.o(i.BUTTON_SetSkinFlexProps), (28 bytes).
    Removing dialog.o(i.DIALOG_GetBkColor), (12 bytes).
    Removing dialog.o(i.DIALOG_SetBkColor), (16 bytes).
    Removing dialog.o(i.GUI_EndDialog), (36 bytes).
    Removing dialog.o(i.GUI_ExecCreatedDialog), (36 bytes).
    Removing dialog.o(i.GUI_ExecDialogBox), (22 bytes).
    Removing dialog.o(i.GUI_GetDialogStatusPtr), (26 bytes).
    Removing dialog.o(i.GUI_SetDialogStatusPtr), (22 bytes).
    Removing dialog.o(.data), (4 bytes).
    Removing framewin.o(i.FRAMEWIN_CreateEx), (40 bytes).
    Removing framewin.o(i.FRAMEWIN_GetUserData), (6 bytes).
    Removing framewin.o(i.FRAMEWIN_SetMoveable), (50 bytes).
    Removing framewin.o(i.FRAMEWIN_SetUserData), (6 bytes).
    Removing framewin.o(i.FRAMEWIN__UpdatePositions), (110 bytes).
    Removing framewin_default.o(i.FRAMEWIN_GetDefaultBarColor), (24 bytes).
    Removing framewin_default.o(i.FRAMEWIN_GetDefaultBorderSize), (12 bytes).
    Removing framewin_default.o(i.FRAMEWIN_GetDefaultClientColor), (12 bytes).
    Removing framewin_default.o(i.FRAMEWIN_GetDefaultFont), (12 bytes).
    Removing framewin_default.o(i.FRAMEWIN_GetDefaultTextColor), (24 bytes).
    Removing framewin_default.o(i.FRAMEWIN_GetDefaultTitleHeight), (12 bytes).
    Removing framewin_default.o(i.FRAMEWIN_SetDefaultBorderSize), (12 bytes).
    Removing framewin_default.o(i.FRAMEWIN_SetDefaultClientColor), (12 bytes).
    Removing framewin_default.o(i.FRAMEWIN_SetDefaultTextColor), (20 bytes).
    Removing framewin_default.o(i.FRAMEWIN_SetDefaultTitleHeight), (12 bytes).
    Removing framewin_setcolors.o(i.FRAMEWIN_SetBarColor), (50 bytes).
    Removing framewin_setcolors.o(i.FRAMEWIN_SetClientColor), (46 bytes).
    Removing framewin_setcolors.o(i.FRAMEWIN_SetTextColorEx), (50 bytes).
    Removing framewin_skin.o(i.FRAMEWIN_SetSkin), (128 bytes).
    Removing graph.o(i.GRAPH_GetScrollValue), (56 bytes).
    Removing graph.o(i.GRAPH_GetUserData), (6 bytes).
    Removing graph.o(i.GRAPH_SetAutoScrollbar), (102 bytes).
    Removing graph.o(i.GRAPH_SetGridFixedX), (72 bytes).
    Removing graph.o(i.GRAPH_SetLineStyle), (22 bytes).
    Removing graph.o(i.GRAPH_SetLineStyleH), (56 bytes).
    Removing graph.o(i.GRAPH_SetLineStyleV), (56 bytes).
    Removing graph.o(i.GRAPH_SetScrollValue), (112 bytes).
    Removing graph.o(i.GRAPH_SetUserData), (6 bytes).
    Removing graph.o(i.GRAPH_SetUserDraw), (42 bytes).
    Removing graph.o(i.GRAPH_SetVSizeX), (66 bytes).
    Removing graph.o(i.GRAPH_SetVSizeY), (66 bytes).
    Removing graph_data_yt.o(i.GRAPH_DATA_YT_Clear), (40 bytes).
    Removing graph_data_yt.o(i.GRAPH_DATA_YT_MirrorX), (50 bytes).
    Removing graph_data_yt.o(i.GRAPH_DATA_YT_SetAlign), (50 bytes).
    Removing graph_data_yt.o(i.GRAPH_DATA_YT_SetOffY), (46 bytes).
    Removing graph_scale.o(i.GRAPH_SCALE_SetFactor), (60 bytes).
    Removing graph_scale.o(i.GRAPH_SCALE_SetFont), (52 bytes).
    Removing graph_scale.o(i.GRAPH_SCALE_SetNumDecs), (52 bytes).
    Removing graph_scale.o(i.GRAPH_SCALE_SetTextColor), (52 bytes).
    Removing graph_scale.o(i.GRAPH_SCALE_SetTickDist), (52 bytes).
    Removing header_skin.o(i.HEADER_SetSkin), (48 bytes).
    Removing header_skinflex.o(i.HEADER_GetSkinFlexProps), (20 bytes).
    Removing header_skinflex.o(i.HEADER_SetSkinFlexProps), (24 bytes).
    Removing listview.o(i.LISTVIEW_EnableCellSelect), (58 bytes).
    Removing listview.o(i.LISTVIEW_GetUserData), (6 bytes).
    Removing listview.o(i.LISTVIEW_SetHeaderHeight), (44 bytes).
    Removing listview.o(i.LISTVIEW_SetUserData), (6 bytes).
    Removing listview.o(i.LISTVIEW__SetSelCol), (114 bytes).
    Removing listview_setautoscroll.o(i.LISTVIEW_SetAutoScrollH), (6 bytes).
    Removing listview_setitemcolor.o(i.LISTVIEW_SetItemTextColor), (152 bytes).
    Removing listview_setsort.o(i.LISTVIEW_DisableSort), (96 bytes).
    Removing listview_setsort.o(i.LISTVIEW_GetSelUnsorted), (48 bytes).
    Removing listview_setsort.o(i.LISTVIEW_SetSelUnsorted), (36 bytes).
    Removing progbar.o(i.PROGBAR_CreateEx), (28 bytes).
    Removing progbar.o(i.PROGBAR_GetMinMax), (46 bytes).
    Removing progbar.o(i.PROGBAR_GetUserData), (6 bytes).
    Removing progbar.o(i.PROGBAR_GetValue), (38 bytes).
    Removing progbar.o(i.PROGBAR_SetUserData), (6 bytes).
    Removing progbar_skin.o(i.PROGBAR_SetSkin), (48 bytes).
    Removing progbar_skinflex.o(i.PROGBAR_GetSkinFlexProps), (20 bytes).
    Removing progbar_skinflex.o(i.PROGBAR_SetSkinFlexProps), (24 bytes).
    Removing scrollbar_skin.o(i.SCROLLBAR_SetSkin), (60 bytes).
    Removing scrollbar_skinflex.o(i.SCROLLBAR_GetSkinFlexProps), (24 bytes).
    Removing scrollbar_skinflex.o(i.SCROLLBAR_SetSkinFlexProps), (28 bytes).
    Removing scrollbar_skinflex.o(.constdata), (8 bytes).
    Removing slider.o(i.SLIDER_CreateEx), (28 bytes).
    Removing slider.o(i.SLIDER_EnableFocusRect), (50 bytes).
    Removing slider.o(i.SLIDER_GetRange), (50 bytes).
    Removing slider.o(i.SLIDER_GetUserData), (6 bytes).
    Removing slider.o(i.SLIDER_SetNumTicks), (44 bytes).
    Removing slider.o(i.SLIDER_SetUserData), (6 bytes).
    Removing slider.o(i.SLIDER_SetWidth), (50 bytes).
    Removing slider_skin.o(i.SLIDER_SetSkin), (52 bytes).
    Removing slider_skinflex.o(i.SLIDER_GetSkinFlexProps), (24 bytes).
    Removing slider_skinflex.o(i.SLIDER_SetSkinFlexProps), (28 bytes).
    Removing slider_skinflex.o(.constdata), (8 bytes).
    Removing text_default.o(i.TEXT_GetDefaultTextColor), (12 bytes).
    Removing text_default.o(i.TEXT_GetDefaultWrapMode), (12 bytes).
    Removing text_default.o(i.TEXT_SetDefaultWrapMode), (16 bytes).
    Removing treeview.o(i.TREEVIEW_CreateEx), (28 bytes).
    Removing treeview.o(i.TREEVIEW_GetUserData), (6 bytes).
    Removing treeview.o(i.TREEVIEW_ITEM_CollapseAll), (80 bytes).
    Removing treeview.o(i.TREEVIEW_ITEM_Delete), (86 bytes).
    Removing treeview.o(i.TREEVIEW_ITEM_Detach), (306 bytes).
    Removing treeview.o(i.TREEVIEW_ITEM_ExpandAll), (80 bytes).
    Removing treeview.o(i.TREEVIEW_ITEM_GetText), (76 bytes).
    Removing treeview.o(i.TREEVIEW_ITEM_GetUserData), (38 bytes).
    Removing treeview.o(i.TREEVIEW_ITEM_SetText), (166 bytes).
    Removing treeview.o(i.TREEVIEW_ITEM_SetUserData), (34 bytes).
    Removing treeview.o(i.TREEVIEW_ScrollToSel), (36 bytes).
    Removing treeview.o(i.TREEVIEW_SetBitmapOffset), (52 bytes).
    Removing treeview.o(i.TREEVIEW_SetBkColor), (6 bytes).
    Removing treeview.o(i.TREEVIEW_SetFont), (130 bytes).
    Removing treeview.o(i.TREEVIEW_SetImage), (50 bytes).
    Removing treeview.o(i.TREEVIEW_SetIndent), (54 bytes).
    Removing treeview.o(i.TREEVIEW_SetLineColor), (6 bytes).
    Removing treeview.o(i.TREEVIEW_SetOwnerDraw), (52 bytes).
    Removing treeview.o(i.TREEVIEW_SetSel), (30 bytes).
    Removing treeview.o(i.TREEVIEW_SetTextColor), (6 bytes).
    Removing treeview.o(i.TREEVIEW_SetTextIndent), (50 bytes).
    Removing treeview.o(i.TREEVIEW_SetUserData), (6 bytes).
    Removing treeview.o(i._SetColor), (74 bytes).
    Removing widget.o(i.WIDGET_GetState), (38 bytes).
    Removing widget.o(i.WIDGET__DrawFocusRect), (32 bytes).
    Removing widget.o(i.WIDGET__DrawHLine), (68 bytes).
    Removing widget.o(i.WIDGET__DrawVLine), (72 bytes).
    Removing widget.o(i.WIDGET__EFFECT_DrawUpRect), (48 bytes).
    Removing widget.o(i.WIDGET__FillRectEx), (28 bytes).
    Removing widget.o(i.WIDGET__GetBkColor), (28 bytes).
    Removing widget.o(i.WIDGET__GetXSize), (32 bytes).
    Removing widget.o(i.WIDGET__GetYSize), (32 bytes).
    Removing widget_effect_simple.o(i.WIDGET_EFFECT_Simple_GetColor), (20 bytes).
    Removing widget_effect_simple.o(i.WIDGET_EFFECT_Simple_GetNumColors), (4 bytes).
    Removing widget_effect_simple.o(i.WIDGET_EFFECT_Simple_SetColor), (16 bytes).
    Removing wm.o(i.WM_CreateWindow), (32 bytes).
    Removing wm.o(i.WM_GetWindowInfo), (108 bytes).
    Removing wm.o(.constdata), (16 bytes).
    Removing wm_makemodal.o(i.WM_GetModalLayer), (12 bytes).
    Removing wm_makemodal.o(i.WM_SetModalLayer), (24 bytes).
    Removing wm_motion.o(i.WM_MOTION_SetDeceleration), (80 bytes).
    Removing wm_motion.o(i.WM_MOTION_SetDefaultPeriod), (16 bytes).
    Removing wm_motion.o(i.WM_MOTION_SetSpeed), (80 bytes).
    Removing wm_motion.o(i.WM_MOTION__CreateContext), (6 bytes).
    Removing wm_motion.o(i.WM_MOTION__DeleteContext), (32 bytes).
    Removing wm_setcreateflags.o(i.WM_SetCreateFlags), (16 bytes).
    Removing wm_settrans.o(i.WM_ClrHasTrans), (60 bytes).
    Removing guiaa_char2.o(i.GUIPROP_AA2_DispChar), (160 bytes).
    Removing guiaa_char2.o(i.GUIPROP_AA2_GetCharDistX), (56 bytes).
    Removing guiaa_char2.o(i.GUIPROP_AA2_GetFontInfo), (6 bytes).
    Removing guiaa_char2.o(i.GUIPROP_AA2_IsInFont), (16 bytes).
    Removing guiaa_char4.o(i.GUIPROP_AA4_DispChar), (160 bytes).
    Removing guiaa_char4.o(i.GUIPROP_AA4_GetCharDistX), (56 bytes).
    Removing guiaa_char4.o(i.GUIPROP_AA4_GetFontInfo), (6 bytes).
    Removing guiaa_char4.o(i.GUIPROP_AA4_IsInFont), (16 bytes).
    Removing guiaa_char4.o(i.GUI_AA_SetpfDrawCharAA4), (32 bytes).
    Removing guiaa_char4.o(i._DrawCharAA4_TransCust), (96 bytes).
    Removing gui__alpha.o(i.GUI_SetFuncAlphaBlending), (12 bytes).
    Removing gui__alpha.o(i.GUI_SetFuncMixColors), (12 bytes).
    Removing gui__alpha.o(i.GUI_SetFuncMixColorsBulk), (12 bytes).
    Removing gui__alpha.o(i.GUI__SetAlphaBufferSize), (16 bytes).
    Removing gui__drawtwinarc.o(i.GUI__FillTrippleArc), (116 bytes).
    Removing gui__drawtwinarc.o(i._FillTrippleArc), (572 bytes).
    Removing gui__drawtwinarc.o(i._GetTrippleArcPara), (116 bytes).
    Removing gui__managecache.o(i.GUI_SetControlHook), (20 bytes).
    Removing gui__managecache.o(i.GUI_SetRefreshHook), (20 bytes).
    Removing gui__managecache.o(i._OnExit), (16 bytes).
    Removing gui__managecache.o(i._RegisterExit), (28 bytes).
    Removing gui_2dlib.o(i.GL_MoveTo), (16 bytes).
    Removing gui_2dlib.o(i.GUI_MoveRel), (40 bytes).
    Removing gui_2dlib.o(i.GUI_MoveTo), (40 bytes).
    Removing gui_drawline.o(i.GL_DrawLine1), (16 bytes).
    Removing gui_drawline.o(i.GL_DrawLineTo), (14 bytes).
    Removing gui_drawline.o(i.GL_DrawLineToEx), (40 bytes).
    Removing gui_drawline.o(i.GUI_DrawLineRel), (68 bytes).
    Removing gui_drawline.o(i.GUI_DrawLineTo), (76 bytes).
    Removing gui_fillpolygon.o(i.GUI_FillPolygon), (116 bytes).
    Removing gui_onkey.o(i.GUI_ClearKeyBuffer), (36 bytes).
    Removing gui_onkey.o(i.GUI_GetKey), (16 bytes).
    Removing gui_onkey.o(i.GUI_GetKeyState), (24 bytes).
    Removing gui_onkey.o(i.GUI_KEY__SetHook), (12 bytes).
    Removing gui_onkey.o(i.GUI_SendKeyMsg), (28 bytes).
    Removing gui_onkey.o(i.GUI_StoreKeyMsg), (48 bytes).
    Removing gui_pen.o(i.GUI_GetPenShape), (24 bytes).
    Removing gui_pen.o(i.GUI_GetPenSize), (24 bytes).
    Removing gui_pen.o(i.GUI_SetPenShape), (28 bytes).
    Removing gui_selectlayer.o(i.GUI_AssignCursorLayer), (44 bytes).
    Removing gui_selectlayer.o(i.GUI_GetLayerPosEx), (38 bytes).
    Removing gui_selectlayer.o(i.GUI_GetSelLayer), (12 bytes).
    Removing gui_selectlayer.o(i.GUI_SetLayerAlphaEx), (28 bytes).
    Removing gui_setdefault.o(i.GUI_SetDefault), (18 bytes).
    Removing gui_task.o(i.GUITASK_GetMaxTask), (12 bytes).
    Removing gui_task.o(i.GUITASK_GetpContext), (44 bytes).
    Removing gui_task.o(i.GUITASK_SetMaxTask), (16 bytes).
    Removing gui_timer.o(i.GUI_TIMER_GetPeriod), (38 bytes).
    Removing gui_timer.o(i.GUI_TIMER_SetDelay), (46 bytes).
    Removing gui_timer.o(i.GUI_TIMER_SetTime), (34 bytes).
    Removing gui_timer.o(i.GUI_TIMER__GetNextTimer), (60 bytes).
    Removing gui_timer.o(i.GUI_TIMER__GetPeriod), (52 bytes).
    Removing gui_timer.o(i.GUI_TIMER__IsActive), (28 bytes).
    Removing gui_touch_calibrate.o(i.GUI_TOUCH_CalibratePoint), (100 bytes).
    Removing gui_touch_calibrate.o(i.GUI_TOUCH_EnableCalibration), (12 bytes).
    Removing gui_touch_calibrate.o(i.GUI_TOUCH_TransformPoint), (156 bytes).
    Removing gui_touch_storestate.o(i.GUI_TOUCH_GetLayer), (12 bytes).
    Removing gui_touch_storestate.o(i.GUI_TOUCH_SetLayer), (12 bytes).
    Removing gui_touch_storestate.o(i.GUI_TOUCH_StoreState), (36 bytes).
    Removing gui_touch_storestate.o(.bss), (12 bytes).
    Removing gui_uc.o(i.GUI_UC_Encode), (36 bytes).
    Removing gui_uc.o(i.GUI_UC_GetCharCode), (32 bytes).
    Removing gui_uc.o(i.GUI_UC_GetCharSize), (32 bytes).
    Removing gui_uc.o(i.GUI_UC__CalcSizeOfChar), (12 bytes).
    Removing gui_uc.o(i.GUI_UC__NumBytes2NumChars), (44 bytes).
    Removing gui_uc_encodenone.o(i.GUI_UC_SetEncodeNone), (28 bytes).
    Removing gui_valf.o(i.GUI_DispFloat), (52 bytes).
    Removing gui_valf.o(i.GUI_DispFloatFix), (6 bytes).
    Removing gui_valf.o(i.GUI_DispSFloatFix), (6 bytes).
    Removing gui_valf.o(i.GUI_DispSFloatMin), (6 bytes).
    Removing gui_waitevent.o(i.GUI_SetSignalEventFunc), (12 bytes).
    Removing gui_waitevent.o(i.GUI_SetWaitEventFunc), (12 bytes).
    Removing gui_waitevent.o(i.GUI_SetWaitEventTimedFunc), (12 bytes).
    Removing gui_waitevent.o(i.GUI_WaitEvent), (96 bytes).
    Removing gui_waitevent.o(i._WaitEvent), (16 bytes).
    Removing guicc_888.o(i._Color2IndexBulk), (18 bytes).
    Removing guicc_888.o(i._Color2Index_888), (6 bytes).
    Removing guicc_888.o(i._GetIndexMask_888), (6 bytes).
    Removing guicc_888.o(i._Index2ColorBulk), (14 bytes).
    Removing guicc_888.o(.constdata), (24 bytes).
    Removing guicc_m8888i_index2color.o(i.LCD_Index2Color_M8888I), (30 bytes).
    Removing lcd_aa.o(i.LCD_AA_MixColors256), (24 bytes).
    Removing lcd_aa.o(i.LCD_SetPixelAA4_NoTrans), (144 bytes).
    Removing lcd_aa.o(i.LCD_SetPixelAA8_NoTrans), (144 bytes).
    Removing lcd_aa.o(i.LCD_SetPixelAA8_Trans), (136 bytes).
    Removing lcd_aa.o(i.LCD__GetPfSetPixel), (68 bytes).
    Removing lcd_color.o(i.LCD_SetMaxNumColors), (24 bytes).
    Removing guidev_staticdevices.o(i.GUI_MEMDEV_CreateStatic), (22 bytes).
    Removing guidev_staticdevices.o(i.GUI_MEMDEV_CreateWindowDevice), (110 bytes).
    Removing guidev_staticdevices.o(i.GUI_MEMDEV_GetStaticDevice), (36 bytes).
    Removing guidev_staticdevices.o(i.GUI_MEMDEV_GetWindowDevice), (28 bytes).
    Removing guidev_staticdevices.o(i.GUI_MEMDEV__CreateStatic), (16 bytes).
    Removing guidev_staticdevices.o(i._AddContent), (160 bytes).
    Removing guidev_staticdevices.o(i._CopyContent), (460 bytes).
    Removing guidev_staticdevices.o(i._CreateStatic), (124 bytes).
    Removing guidev_staticdevices.o(i._GetWindowDevice), (104 bytes).
    Removing guidev_usage.o(i.GUI_USAGE_Select), (40 bytes).
    Removing framewin__updatebuttons.o(i.FRAMEWIN__UpdateButtons), (224 bytes).
    Removing framewin_get.o(i.FRAMEWIN_GetBarColor), (48 bytes).
    Removing framewin_get.o(i.FRAMEWIN_GetBorderSize), (50 bytes).
    Removing framewin_get.o(i.FRAMEWIN_GetBorderSizeEx), (52 bytes).
    Removing framewin_get.o(i.FRAMEWIN_GetFont), (42 bytes).
    Removing framewin_get.o(i.FRAMEWIN_GetText), (78 bytes).
    Removing framewin_get.o(i.FRAMEWIN_GetTextAlign), (40 bytes).
    Removing framewin_get.o(i.FRAMEWIN_GetTitleHeight), (58 bytes).
    Removing gui_array.o(i.GUI_ARRAY__SethItem), (52 bytes).
    Removing header.o(i.HEADER_Create), (32 bytes).
    Removing header.o(i.HEADER_DeleteItem), (68 bytes).
    Removing header.o(i.HEADER_GetUserData), (6 bytes).
    Removing header.o(i.HEADER_SetFont), (62 bytes).
    Removing header.o(i.HEADER_SetHeight), (46 bytes).
    Removing header.o(i.HEADER_SetItemText), (82 bytes).
    Removing header.o(i.HEADER_SetTextAlign), (70 bytes).
    Removing header.o(i.HEADER_SetUserData), (6 bytes).
    Removing listview_deleterow.o(i.LISTVIEW_DeleteRow), (224 bytes).
    Removing listview_deleterow.o(i.LISTVIEW_DeleteRowSorted), (240 bytes).
    Removing listview_disablerow.o(i.LISTVIEW_DisableRow), (6 bytes).
    Removing listview_disablerow.o(i.LISTVIEW_EnableRow), (6 bytes).
    Removing listview_disablerow.o(i._SetRowDisabled), (84 bytes).
    Removing listview_getsel.o(i.LISTVIEW_GetSelCol), (6 bytes).
    Removing listview_setsel.o(i.LISTVIEW_SetSel), (30 bytes).
    Removing listview_setsel.o(i.LISTVIEW_SetSelCol), (30 bytes).
    Removing scrollbar.o(i.SCROLLBAR_GetUserData), (6 bytes).
    Removing scrollbar.o(i.SCROLLBAR_SetNumItems), (46 bytes).
    Removing scrollbar.o(i.SCROLLBAR_SetPageSize), (46 bytes).
    Removing scrollbar.o(i.SCROLLBAR_SetState), (36 bytes).
    Removing scrollbar.o(i.SCROLLBAR_SetUserData), (6 bytes).
    Removing text.o(i.TEXT_CreateEx), (28 bytes).
    Removing text.o(i.TEXT_GetUserData), (6 bytes).
    Removing text.o(i.TEXT_SetUserData), (6 bytes).
    Removing wm_criticalhandle.o(i.WM__RemoveCriticalHandle), (44 bytes).
    Removing wm_getbkcolor.o(i.WM_GetBkColor), (26 bytes).
    Removing wm_getwindowrect.o(i.WM_GetWindowRect), (52 bytes).
    Removing wm_movechildto.o(i.WM_MoveChildTo), (90 bytes).
    Removing wm_screen2win.o(i.WM_Screen2hWinEx), (32 bytes).
    Removing wm_timer.o(i.WM_GetTimerId), (38 bytes).
    Removing wm_touch.o(i.WM_HandlePID), (888 bytes).
    Removing wm_touch.o(i.WM__SendTouchMessage), (54 bytes).
    Removing wm_touch.o(i.WM__SetLastTouched), (32 bytes).
    Removing wm_touch.o(i.WM__SetToolTipCallback), (12 bytes).
    Removing gui_drawpoint.o(i.GUI_DrawPoint), (60 bytes).
    Removing guicc_0.o(i.LCD_SetLUT), (16 bytes).
    Removing guicc_0.o(i.LCD_SetLUTEx), (34 bytes).
    Removing lcd_getp.o(i.GUI_GetPixelIndex), (28 bytes).
    Removing lcd_readrect.o(i.GUI_ReadRect), (56 bytes).
    Removing lcd_readrect.o(i.LCD_ReadRect), (92 bytes).
    Removing lcd_readrect.o(i.LCD_ReadRectNoClip), (32 bytes).
    Removing gui_array_resizeitem.o(i.GUI_ARRAY_ResizeItemLocked), (108 bytes).
    Removing listview_getitemtext.o(i.LISTVIEW_GetItemText), (130 bytes).
    Removing listview_getitemtext.o(i.LISTVIEW_GetItemTextLen), (110 bytes).
    Removing listview_getitemtext.o(i.LISTVIEW_GetItemTextSorted), (32 bytes).
    Removing listview_getitemtext.o(i.LISTVIEW__GetRowSorted), (78 bytes).
    Removing scrollbar_create.o(i.SCROLLBAR_Create), (28 bytes).
    Removing wm_getinsiderect.o(i.WM_GetInsideRect), (16 bytes).
    Removing wm_pid__getprevstate.o(i.WM_PID__GetPrevState), (24 bytes).
    Removing wm_pid__getprevstate.o(i.WM_PID__SetPrevState), (24 bytes).
    Removing wm_pid__getprevstate.o(.bss), (24 bytes).

452 unused section(s) (total 29722 bytes) removed from the image.
