Component: ARM Compiler 5.05 update 1 (build 106) Tool: armlink [4d0efa]

==============================================================================

Section Cross References

    main.o(i.Keyprocess_task) refers to _printf_percent.o(.ARM.Collect$$_printf_percent$$00000000) for _printf_percent
    main.o(i.Keyprocess_task) refers to _printf_d.o(.ARM.Collect$$_printf_percent$$00000009) for _printf_d
    main.o(i.Keyprocess_task) refers to _printf_dec.o(.text) for _printf_int_dec
    main.o(i.Keyprocess_task) refers to os_q.o(i.OSQPend) for OSQPend
    main.o(i.Keyprocess_task) refers to os_flag.o(i.OSFlagPost) for OSFlagPost
    main.o(i.Keyprocess_task) refers to ili93xx.o(i.LCD_ShowxNum) for LCD_ShowxNum
    main.o(i.Keyprocess_task) refers to noretval__2printf.o(.text) for __2printf
    main.o(i.Keyprocess_task) refers to os_tmr.o(i.OSTmrStart) for OSTmrStart
    main.o(i.Keyprocess_task) refers to ili93xx.o(i.LCD_ShowString) for LCD_ShowString
    main.o(i.Keyprocess_task) refers to os_tmr.o(i.OSTmrStop) for OSTmrStop
    main.o(i.Keyprocess_task) refers to main.o(.bss) for KEY_Msg
    main.o(i.Keyprocess_task) refers to main.o(.data) for tmr1sta
    main.o(i.check_msg_queque) refers to _printf_percent.o(.ARM.Collect$$_printf_percent$$00000000) for _printf_percent
    main.o(i.check_msg_queque) refers to _printf_d.o(.ARM.Collect$$_printf_percent$$00000009) for _printf_d
    main.o(i.check_msg_queque) refers to _printf_dec.o(.text) for _printf_int_dec
    main.o(i.check_msg_queque) refers to cpu_a.o(.text) for CPU_SR_Save
    main.o(i.check_msg_queque) refers to cpu_core.o(i.CPU_IntDisMeasStart) for CPU_IntDisMeasStart
    main.o(i.check_msg_queque) refers to os_core.o(i.OS_SchedLockTimeMeasStart) for OS_SchedLockTimeMeasStart
    main.o(i.check_msg_queque) refers to cpu_core.o(i.CPU_IntDisMeasStop) for CPU_IntDisMeasStop
    main.o(i.check_msg_queque) refers to malloc.o(i.mymalloc) for mymalloc
    main.o(i.check_msg_queque) refers to noretval__2sprintf.o(.text) for __2sprintf
    main.o(i.check_msg_queque) refers to ili93xx.o(i.LCD_ShowString) for LCD_ShowString
    main.o(i.check_msg_queque) refers to malloc.o(i.myfree) for myfree
    main.o(i.check_msg_queque) refers to os_core.o(i.OS_SchedLockTimeMeasStop) for OS_SchedLockTimeMeasStop
    main.o(i.check_msg_queque) refers to os_core.o(i.OS_Sched0) for OS_Sched0
    main.o(i.check_msg_queque) refers to os_var.o(.data) for OSSchedLockNestingCtr
    main.o(i.check_msg_queque) refers to main.o(.bss) for DATA_Msg
    main.o(i.flagsprocess_task) refers to _printf_percent.o(.ARM.Collect$$_printf_percent$$00000000) for _printf_percent
    main.o(i.flagsprocess_task) refers to _printf_d.o(.ARM.Collect$$_printf_percent$$00000009) for _printf_d
    main.o(i.flagsprocess_task) refers to _printf_dec.o(.text) for _printf_int_dec
    main.o(i.flagsprocess_task) refers to os_flag.o(i.OSFlagPend) for OSFlagPend
    main.o(i.flagsprocess_task) refers to ili93xx.o(i.LCD_Fill) for LCD_Fill
    main.o(i.flagsprocess_task) refers to noretval__2printf.o(.text) for __2printf
    main.o(i.flagsprocess_task) refers to ili93xx.o(i.LCD_ShowxNum) for LCD_ShowxNum
    main.o(i.flagsprocess_task) refers to main.o(.bss) for EventFlags
    main.o(i.flagsprocess_task) refers to main.o(.data) for lcd_discolor
    main.o(i.main) refers to delay.o(i.delay_init) for delay_init
    main.o(i.main) refers to misc.o(i.NVIC_PriorityGroupConfig) for NVIC_PriorityGroupConfig
    main.o(i.main) refers to usart.o(i.uart_init) for uart_init
    main.o(i.main) refers to led.o(i.LED_Init) for LED_Init
    main.o(i.main) refers to ili93xx.o(i.LCD_Init) for LCD_Init
    main.o(i.main) refers to key.o(i.KEY_Init) for KEY_Init
    main.o(i.main) refers to rtc.o(i.RTC_Init) for RTC_Init
    main.o(i.main) refers to beep.o(i.BEEP_Init) for BEEP_Init
    main.o(i.main) refers to sram.o(i.FSMC_SRAM_Init) for FSMC_SRAM_Init
    main.o(i.main) refers to malloc.o(i.my_mem_init) for my_mem_init
    main.o(i.main) refers to main.o(i.ucos_main_ui) for ucos_main_ui
    main.o(i.main) refers to os_core.o(i.OSInit) for OSInit
    main.o(i.main) refers to cpu_a.o(.text) for CPU_SR_Save
    main.o(i.main) refers to cpu_core.o(i.CPU_IntDisMeasStart) for CPU_IntDisMeasStart
    main.o(i.main) refers to os_core.o(i.OS_SchedLockTimeMeasStart) for OS_SchedLockTimeMeasStart
    main.o(i.main) refers to cpu_core.o(i.CPU_IntDisMeasStop) for CPU_IntDisMeasStop
    main.o(i.main) refers to os_task.o(i.OSTaskCreate) for OSTaskCreate
    main.o(i.main) refers to os_core.o(i.OS_SchedLockTimeMeasStop) for OS_SchedLockTimeMeasStop
    main.o(i.main) refers to os_core.o(i.OS_Sched0) for OS_Sched0
    main.o(i.main) refers to os_core.o(i.OSStart) for OSStart
    main.o(i.main) refers to system_stm32f10x.o(.data) for SystemCoreClock
    main.o(i.main) refers to usmart_config.o(.data) for usmart_dev
    main.o(i.main) refers to os_var.o(.data) for OSSchedLockNestingCtr
    main.o(i.main) refers to main.o(.bss) for START_TASK_STK
[...]
    LCD_ShowChar                             0x08005519   Thumb Code   272  ili93xx.o(i.LCD_ShowChar)
    LCD_ShowNum                              0x08005641   Thumb Code   148  ili93xx.o(i.LCD_ShowNum)
    LCD_ShowString                           0x080056d5   Thumb Code   102  ili93xx.o(i.LCD_ShowString)
    LCD_ShowxNum                             0x0800573b   Thumb Code   190  ili93xx.o(i.LCD_ShowxNum)
    LCD_WR_DATA                              0x080057f9   Thumb Code    18  ili93xx.o(i.LCD_WR_DATA)
    LCD_WR_REG                               0x08005811   Thumb Code    18  ili93xx.o(i.LCD_WR_REG)
    LCD_WriteRAM_Prepare                     0x08005829   Thumb Code    10  ili93xx.o(i.LCD_WriteRAM_Prepare)
    LCD_WriteReg                             0x0800583d   Thumb Code    20  ili93xx.o(i.LCD_WriteReg)
    LED_Init                                 0x08005855   Thumb Code    68  led.o(i.LED_Init)
    MemManage_Handler                        0x080058a1   Thumb Code     4  stm32f10x_it.o(i.MemManage_Handler)
    Mem_Clr                                  0x080058a5   Thumb Code    18  lib_mem.o(i.Mem_Clr)
    Mem_Set                                  0x080058b7   Thumb Code    98  lib_mem.o(i.Mem_Set)
    NMI_Handler                              0x08005919   Thumb Code     2  stm32f10x_it.o(i.NMI_Handler)
    NVIC_Init                                0x0800591d   Thumb Code   100  misc.o(i.NVIC_Init)
    NVIC_PriorityGroupConfig                 0x0800598d   Thumb Code    10  misc.o(i.NVIC_PriorityGroupConfig)
    OSCfg_Init                               0x080059a1   Thumb Code     2  os_cfg_app.o(i.OSCfg_Init)
    OSFlagCreate                             0x080059a5   Thumb Code   210  os_flag.o(i.OSFlagCreate)
    OSFlagPend                               0x08005a89   Thumb Code  1670  os_flag.o(i.OSFlagPend)
    OSFlagPost                               0x08006119   Thumb Code   146  os_flag.o(i.OSFlagPost)
    OSIdleTaskHook                           0x080061b5   Thumb Code    16  os_cpu_c.o(i.OSIdleTaskHook)
    OSInit                                   0x080061c9   Thumb Code   300  os_core.o(i.OSInit)
    OSInitHook                               0x08006355   Thumb Code    42  os_cpu_c.o(i.OSInitHook)
    OSIntEnter                               0x0800638d   Thumb Code    34  os_core.o(i.OSIntEnter)
    OSIntExit                                0x080063b9   Thumb Code   192  os_core.o(i.OSIntExit)
    OSQCreate                                0x0800649d   Thumb Code   224  os_q.o(i.OSQCreate)
    OSQPend                                  0x0800658d   Thumb Code   560  os_q.o(i.OSQPend)
    OSQPost                                  0x080067cd   Thumb Code   176  os_q.o(i.OSQPost)
    OSSched                                  0x08006885   Thumb Code   134  os_core.o(i.OSSched)
    OSSchedLock                              0x0800692d   Thumb Code   112  os_core.o(i.OSSchedLock)
    OSSchedRoundRobinCfg                     0x080069a9   Thumb Code    96  os_core.o(i.OSSchedRoundRobinCfg)
    OSSchedUnlock                            0x08006a15   Thumb Code   148  os_core.o(i.OSSchedUnlock)
    OSStart                                  0x08006ab5   Thumb Code    78  os_core.o(i.OSStart)
    OSStatReset                              0x08006b1d   Thumb Code   316  os_stat.o(i.OSStatReset)
    OSStatTaskCPUUsageInit                   0x08006c85   Thumb Code   228  os_stat.o(i.OSStatTaskCPUUsageInit)
    OSStatTaskHook                           0x08006d85   Thumb Code    16  os_cpu_c.o(i.OSStatTaskHook)
    OSTaskCreate                             0x08006d99   Thumb Code   624  os_task.o(i.OSTaskCreate)
    OSTaskCreateHook                         0x0800702d   Thumb Code    20  os_cpu_c.o(i.OSTaskCreateHook)
    OSTaskDel                                0x08007045   Thumb Code   490  os_task.o(i.OSTaskDel)
    OSTaskDelHook                            0x0800724d   Thumb Code    20  os_cpu_c.o(i.OSTaskDelHook)
    OSTaskResume                             0x08007265   Thumb Code   124  os_task.o(i.OSTaskResume)
    OSTaskReturnHook                         0x080072ed   Thumb Code    20  os_cpu_c.o(i.OSTaskReturnHook)
    OSTaskSemPend                            0x08007305   Thumb Code   578  os_task.o(i.OSTaskSemPend)
    OSTaskStkChk                             0x08007555   Thumb Code   220  os_task.o(i.OSTaskStkChk)
    OSTaskStkInit                            0x08007639   Thumb Code   188  os_cpu_c.o(i.OSTaskStkInit)
    OSTaskSuspend                            0x080076f9   Thumb Code    78  os_task.o(i.OSTaskSuspend)
    OSTaskSwHook                             0x08007759   Thumb Code   146  os_cpu_c.o(i.OSTaskSwHook)
    OSTimeDly                                0x080077fd   Thumb Code   322  os_time.o(i.OSTimeDly)
    OSTimeDlyHMSM                            0x0800794d   Thumb Code   538  os_time.o(i.OSTimeDlyHMSM)
    OSTimeTick                               0x08007b79   Thumb Code    54  os_time.o(i.OSTimeTick)
    OSTimeTickHook                           0x08007bbd   Thumb Code    16  os_cpu_c.o(i.OSTimeTickHook)
    OSTmrCreate                              0x08007bd1   Thumb Code   286  os_tmr.o(i.OSTmrCreate)
    OSTmrStart                               0x08007d01   Thumb Code   170  os_tmr.o(i.OSTmrStart)
    OSTmrStop                                0x08007db5   Thumb Code   246  os_tmr.o(i.OSTmrStop)
    OS_Dbg_Init                              0x08007eb5   Thumb Code   150  os_dbg.o(i.OS_Dbg_Init)
    OS_FlagBlock                             0x08008069   Thumb Code    58  os_flag.o(i.OS_FlagBlock)
    OS_FlagDbgListAdd                        0x080080a9   Thumb Code    38  os_flag.o(i.OS_FlagDbgListAdd)
    OS_FlagInit                              0x080080d9   Thumb Code    14  os_flag.o(i.OS_FlagInit)
    OS_FlagPost                              0x080080f1   Thumb Code   626  os_flag.o(i.OS_FlagPost)
    OS_FlagTaskRdy                           0x0800836d   Thumb Code    86  os_flag.o(i.OS_FlagTaskRdy)
    OS_IdleTask                              0x080083c5   Thumb Code    68  os_core.o(i.OS_IdleTask)
    OS_IdleTaskInit                          0x08008411   Thumb Code    66  os_core.o(i.OS_IdleTaskInit)
    OS_IntQPost                              0x08008481   Thumb Code   224  os_int.o(i.OS_IntQPost)
    OS_IntQRePost                            0x08008585   Thumb Code   360  os_int.o(i.OS_IntQRePost)
    OS_IntQTask                              0x08008729   Thumb Code   182  os_int.o(i.OS_IntQTask)
    OS_IntQTaskInit                          0x080087f1   Thumb Code   206  os_int.o(i.OS_IntQTaskInit)
    OS_MemInit                               0x08008919   Thumb Code    14  os_mem.o(i.OS_MemInit)
    OS_MsgPoolInit                           0x08008931   Thumb Code   110  os_msg.o(i.OS_MsgPoolInit)
    OS_MsgQFreeAll                           0x080089ad   Thumb Code    62  os_msg.o(i.OS_MsgQFreeAll)
    OS_MsgQGet                               0x080089f1   Thumb Code    98  os_msg.o(i.OS_MsgQGet)
    OS_MsgQInit                              0x08008a59   Thumb Code    14  os_msg.o(i.OS_MsgQInit)
    OS_MsgQPut                               0x08008a69   Thumb Code   254  os_msg.o(i.OS_MsgQPut)
    OS_MutexInit                             0x08008b6d   Thumb Code    14  os_mutex.o(i.OS_MutexInit)
    OS_Pend                                  0x08008b85   Thumb Code    98  os_core.o(i.OS_Pend)
    OS_PendDataInit                          0x08008bed   Thumb Code    38  os_core.o(i.OS_PendDataInit)
    OS_PendDbgNameAdd                        0x08008c15   Thumb Code    66  os_core.o(i.OS_PendDbgNameAdd)
    OS_PendDbgNameRemove                     0x08008c71   Thumb Code    30  os_core.o(i.OS_PendDbgNameRemove)
    OS_PendListInit                          0x08008c95   Thumb Code    10  os_core.o(i.OS_PendListInit)
    OS_PendListInsertPrio                    0x08008c9f   Thumb Code   102  os_core.o(i.OS_PendListInsertPrio)
    OS_PendListRemove                        0x08008d05   Thumb Code    48  os_core.o(i.OS_PendListRemove)
    OS_PendListRemove1                       0x08008d35   Thumb Code    66  os_core.o(i.OS_PendListRemove1)
    OS_Post                                  0x08008d77   Thumb Code   192  os_core.o(i.OS_Post)
    OS_Post1                                 0x08008e37   Thumb Code    42  os_core.o(i.OS_Post1)
    OS_PrioGetHighest                        0x08008e61   Thumb Code    36  os_prio.o(i.OS_PrioGetHighest)
    OS_PrioInit                              0x08008e89   Thumb Code    20  os_prio.o(i.OS_PrioInit)
    OS_PrioInsert                            0x08008ea1   Thumb Code    32  os_prio.o(i.OS_PrioInsert)
    OS_PrioRemove                            0x08008ec5   Thumb Code    32  os_prio.o(i.OS_PrioRemove)
    OS_QDbgListAdd                           0x08008ee9   Thumb Code    38  os_q.o(i.OS_QDbgListAdd)
    OS_QInit                                 0x08008f19   Thumb Code    14  os_q.o(i.OS_QInit)
    OS_QPost                                 0x08008f31   Thumb Code   382  os_q.o(i.OS_QPost)
    OS_RdyListInit                           0x080090b9   Thumb Code    32  os_core.o(i.OS_RdyListInit)
    OS_RdyListInsert                         0x080090dd   Thumb Code    40  os_core.o(i.OS_RdyListInsert)
    OS_RdyListInsertHead                     0x08009109   Thumb Code    58  os_core.o(i.OS_RdyListInsertHead)
    OS_RdyListInsertTail                     0x08009149   Thumb Code    56  os_core.o(i.OS_RdyListInsertTail)
    OS_RdyListMoveHeadToTail                 0x08009185   Thumb Code    68  os_core.o(i.OS_RdyListMoveHeadToTail)
    OS_RdyListRemove                         0x080091c9   Thumb Code    86  os_core.o(i.OS_RdyListRemove)
    OS_Sched0                                0x08009225   Thumb Code    72  os_core.o(i.OS_Sched0)
    OS_SchedLockTimeMeasStart                0x08009281   Thumb Code    20  os_core.o(i.OS_SchedLockTimeMeasStart)
    OS_SchedLockTimeMeasStop                 0x0800929d   Thumb Code    44  os_core.o(i.OS_SchedLockTimeMeasStop)
    OS_SchedRoundRobin                       0x080092d9   Thumb Code   218  os_core.o(i.OS_SchedRoundRobin)
    OS_SemInit                               0x080093c5   Thumb Code    14  os_sem.o(i.OS_SemInit)
    OS_SemPost                               0x080093dd   Thumb Code   404  os_sem.o(i.OS_SemPost)
    OS_StatTask                              0x08009575   Thumb Code   878  os_stat.o(i.OS_StatTask)
    OS_StatTaskInit                          0x0800992d   Thumb Code   136  os_stat.o(i.OS_StatTaskInit)
    OS_TaskBlock                             0x080099f9   Thumb Code    56  os_core.o(i.OS_TaskBlock)
    OS_TaskDbgListAdd                        0x08009a31   Thumb Code    42  os_task.o(i.OS_TaskDbgListAdd)
    OS_TaskDbgListRemove                     0x08009a61   Thumb Code    64  os_task.o(i.OS_TaskDbgListRemove)
    OS_TaskInit                              0x08009aa5   Thumb Code    18  os_task.o(i.OS_TaskInit)
    OS_TaskInitTCB                           0x08009ac5   Thumb Code   194  os_task.o(i.OS_TaskInitTCB)
    OS_TaskQPost                             0x08009b95   Thumb Code   606  os_task.o(i.OS_TaskQPost)
    OS_TaskRdy                               0x08009e01   Thumb Code    28  os_core.o(i.OS_TaskRdy)
    OS_TaskResume                            0x08009e1d   Thumb Code   374  os_task.o(i.OS_TaskResume)
    OS_TaskReturn                            0x08009f99   Thumb Code    20  os_task.o(i.OS_TaskReturn)
    OS_TaskSemPost                           0x08009fb1   Thumb Code  1438  os_task.o(i.OS_TaskSemPost)
    OS_TaskSuspend                           0x0800a559   Thumb Code   392  os_task.o(i.OS_TaskSuspend)
    OS_TickListInit                          0x0800a6e9   Thumb Code    32  os_tick.o(i.OS_TickListInit)
    OS_TickListInsert                        0x0800a711   Thumb Code   430  os_tick.o(i.OS_TickListInsert)
    OS_TickListRemove                        0x0800a8cd   Thumb Code    56  os_tick.o(i.OS_TickListRemove)
    OS_TickListResetPeak                     0x0800a905   Thumb Code    28  os_tick.o(i.OS_TickListResetPeak)
    OS_TickListUpdate                        0x0800a929   Thumb Code   520  os_tick.o(i.OS_TickListUpdate)
    OS_TickTask                              0x0800ab49   Thumb Code    38  os_tick.o(i.OS_TickTask)
    OS_TickTaskInit                          0x0800ab75   Thumb Code   128  os_tick.o(i.OS_TickTaskInit)
    OS_TmrDbgListAdd                         0x0800ac2d   Thumb Code    34  os_tmr.o(i.OS_TmrDbgListAdd)
    OS_TmrInit                               0x0800ac55   Thumb Code   206  os_tmr.o(i.OS_TmrInit)
    OS_TmrLink                               0x0800ad7d   Thumb Code   196  os_tmr.o(i.OS_TmrLink)
    OS_TmrResetPeak                          0x0800ae4d   Thumb Code    28  os_tmr.o(i.OS_TmrResetPeak)
    OS_TmrTask                               0x0800ae71   Thumb Code   176  os_tmr.o(i.OS_TmrTask)
    OS_TmrUnlink                             0x0800af31   Thumb Code    72  os_tmr.o(i.OS_TmrUnlink)
    PWR_BackupAccessCmd                      0x0800af81   Thumb Code     6  stm32f10x_pwr.o(i.PWR_BackupAccessCmd)
    RCC_APB1PeriphClockCmd                   0x0800af8d   Thumb Code    26  stm32f10x_rcc.o(i.RCC_APB1PeriphClockCmd)
    RCC_APB2PeriphClockCmd                   0x0800afad   Thumb Code    26  stm32f10x_rcc.o(i.RCC_APB2PeriphClockCmd)
    RCC_BackupResetCmd                       0x0800afcd   Thumb Code     6  stm32f10x_rcc.o(i.RCC_BackupResetCmd)
    RCC_GetClocksFreq                        0x0800afd9   Thumb Code   192  stm32f10x_rcc.o(i.RCC_GetClocksFreq)
    RCC_GetFlagStatus                        0x0800b0ad   Thumb Code    56  stm32f10x_rcc.o(i.RCC_GetFlagStatus)
    RCC_LSEConfig                            0x0800b0e9   Thumb Code    46  stm32f10x_rcc.o(i.RCC_LSEConfig)
    RCC_RTCCLKCmd                            0x0800b11d   Thumb Code     6  stm32f10x_rcc.o(i.RCC_RTCCLKCmd)
    RCC_RTCCLKConfig                         0x0800b129   Thumb Code    12  stm32f10x_rcc.o(i.RCC_RTCCLKConfig)
    RTC_ClearITPendingBit                    0x0800b139   Thumb Code    12  stm32f10x_rtc.o(i.RTC_ClearITPendingBit)
    RTC_EnterConfigMode                      0x0800b149   Thumb Code    14  stm32f10x_rtc.o(i.RTC_EnterConfigMode)
    RTC_ExitConfigMode                       0x0800b15d   Thumb Code    16  stm32f10x_rtc.o(i.RTC_ExitConfigMode)
    RTC_Get                                  0x0800b171   Thumb Code   240  rtc.o(i.RTC_Get)
    RTC_GetCounter                           0x0800b271   Thumb Code    16  stm32f10x_rtc.o(i.RTC_GetCounter)
    RTC_GetITStatus                          0x0800b285   Thumb Code    32  stm32f10x_rtc.o(i.RTC_GetITStatus)
    RTC_Get_Week                             0x0800b2a9   Thumb Code   116  rtc.o(i.RTC_Get_Week)
    RTC_IRQHandler                           0x0800b321   Thumb Code    84  rtc.o(i.RTC_IRQHandler)
    RTC_ITConfig                             0x0800b399   Thumb Code    26  stm32f10x_rtc.o(i.RTC_ITConfig)
    RTC_Init                                 0x0800b3b9   Thumb Code   190  rtc.o(i.RTC_Init)
    RTC_Set                                  0x0800b499   Thumb Code   184  rtc.o(i.RTC_Set)
    RTC_SetCounter                           0x0800b561   Thumb Code    24  stm32f10x_rtc.o(i.RTC_SetCounter)
    RTC_SetPrescaler                         0x0800b57d   Thumb Code    26  stm32f10x_rtc.o(i.RTC_SetPrescaler)
    RTC_WaitForLastTask                      0x0800b59d   Thumb Code    16  stm32f10x_rtc.o(i.RTC_WaitForLastTask)
    RTC_WaitForSynchro                       0x0800b5b1   Thumb Code    30  stm32f10x_rtc.o(i.RTC_WaitForSynchro)
    SVC_Handler                              0x0800b5d5   Thumb Code     2  stm32f10x_it.o(i.SVC_Handler)
    SysTick_CLKSourceConfig                  0x0800b6c1   Thumb Code    40  misc.o(i.SysTick_CLKSourceConfig)
    SysTick_Handler                          0x0800b6e9   Thumb Code    24  delay.o(i.SysTick_Handler)
    SystemInit                               0x0800b705   Thumb Code    78  system_stm32f10x.o(i.SystemInit)
    TIM2_IRQHandler                          0x0800b765   Thumb Code    52  usmart.o(i.TIM2_IRQHandler)
    TIM_Cmd                                  0x0800b79d   Thumb Code    24  stm32f10x_tim.o(i.TIM_Cmd)
    TIM_ITConfig                             0x0800b7b5   Thumb Code    18  stm32f10x_tim.o(i.TIM_ITConfig)
    TIM_TimeBaseInit                         0x0800b7c9   Thumb Code   122  stm32f10x_tim.o(i.TIM_TimeBaseInit)
    Timer2_Init                              0x0800b86d   Thumb Code    90  usmart.o(i.Timer2_Init)
    USART1_IRQHandler                        0x0800b8c9   Thumb Code   130  usart.o(i.USART1_IRQHandler)
    USART_Cmd                                0x0800b959   Thumb Code    24  stm32f10x_usart.o(i.USART_Cmd)
    USART_GetITStatus                        0x0800b971   Thumb Code    84  stm32f10x_usart.o(i.USART_GetITStatus)
    USART_ITConfig                           0x0800b9c5   Thumb Code    74  stm32f10x_usart.o(i.USART_ITConfig)
    USART_Init                               0x0800ba11   Thumb Code   210  stm32f10x_usart.o(i.USART_Init)
    USART_ReceiveData                        0x0800bae9   Thumb Code    10  stm32f10x_usart.o(i.USART_ReceiveData)
    UsageFault_Handler                       0x0800baf3   Thumb Code     4  stm32f10x_it.o(i.UsageFault_Handler)
    _is_digit                                0x0800baf7   Thumb Code    14  __printf_wp.o(i._is_digit)
    _sys_exit                                0x0800bb05   Thumb Code     6  usart.o(i._sys_exit)
    check_msg_queque                         0x0800bb0d   Thumb Code   270  main.o(i.check_msg_queque)
    delay_init                               0x0800bc49   Thumb Code    92  delay.o(i.delay_init)
    delay_ms                                 0x0800bcb9   Thumb Code    66  delay.o(i.delay_ms)
    delay_osschedlock                        0x0800bd09   Thumb Code    10  delay.o(i.delay_osschedlock)
    delay_osschedunlock                      0x0800bd13   Thumb Code    10  delay.o(i.delay_osschedunlock)
    delay_ostimedly                          0x0800bd1d   Thumb Code    16  delay.o(i.delay_ostimedly)
    delay_us                                 0x0800bd2d   Thumb Code    86  delay.o(i.delay_us)
    flagsprocess_task                        0x0800bd89   Thumb Code   112  main.o(i.flagsprocess_task)
    fputc                                    0x0800be29   Thumb Code    24  usart.o(i.fputc)
    fsmc_sram_test_read                      0x0800be45   Thumb Code    20  sram.o(i.fsmc_sram_test_read)
    fsmc_sram_test_write                     0x0800be59   Thumb Code    16  sram.o(i.fsmc_sram_test_write)
    main                                     0x0800be69   Thumb Code   316  main.o(i.main)
    main_task                                0x0800bfd1   Thumb Code    96  main.o(i.main_task)
    msgdis_task                              0x0800c03d   Thumb Code    78  main.o(i.msgdis_task)
    my_mem_free                              0x0800c091   Thumb Code    96  malloc.o(i.my_mem_free)
    my_mem_init                              0x0800c0fd   Thumb Code    54  malloc.o(i.my_mem_init)
    my_mem_malloc                            0x0800c141   Thumb Code   156  malloc.o(i.my_mem_malloc)
    my_mem_perused                           0x0800c1e9   Thumb Code    54  malloc.o(i.my_mem_perused)
    myfree                                   0x0800c229   Thumb Code    30  malloc.o(i.myfree)
    mymalloc                                 0x0800c24d   Thumb Code    34  malloc.o(i.mymalloc)
    mymemset                                 0x0800c275   Thumb Code    20  malloc.o(i.mymemset)
    opt_delay                                0x0800c289   Thumb Code    14  ili93xx.o(i.opt_delay)
    read_addr                                0x0800c297   Thumb Code     6  usmart.o(i.read_addr)
    rtc_task                                 0x0800c29d   Thumb Code   354  main.o(i.rtc_task)
    start_task                               0x0800c459   Thumb Code   516  main.o(i.start_task)
    tmr1_callback                            0x0800c729   Thumb Code   122  main.o(i.tmr1_callback)
    uart_init                                0x0800c7cd   Thumb Code   152  usart.o(i.uart_init)
    ucos_main_ui                             0x0800c86d   Thumb Code   384  main.o(i.ucos_main_ui)
    usmart_cmd_rec                           0x0800cac5   Thumb Code   170  usmart.o(i.usmart_cmd_rec)
    usmart_exe                               0x0800cb75   Thumb Code   632  usmart.o(i.usmart_exe)
    usmart_get_aparm                         0x0800ce49   Thumb Code   200  usmart_str.o(i.usmart_get_aparm)
    usmart_get_cmdname                       0x0800cf11   Thumb Code    54  usmart_str.o(i.usmart_get_cmdname)
    usmart_get_fname                         0x0800cf49   Thumb Code   440  usmart_str.o(i.usmart_get_fname)
    usmart_get_fparam                        0x0800d109   Thumb Code   262  usmart_str.o(i.usmart_get_fparam)
    usmart_get_parmpos                       0x0800d215   Thumb Code    26  usmart_str.o(i.usmart_get_parmpos)
    usmart_get_runtime                       0x0800d235   Thumb Code    58  usmart.o(i.usmart_get_runtime)
    usmart_init                              0x0800d275   Thumb Code    36  usmart.o(i.usmart_init)
    usmart_pow                               0x0800d29d   Thumb Code    22  usmart_str.o(i.usmart_pow)
    usmart_reset_runtime                     0x0800d2b5   Thumb Code    34  usmart.o(i.usmart_reset_runtime)
    usmart_scan                              0x0800d2dd   Thumb Code   120  usmart.o(i.usmart_scan)
    usmart_search_nextc                      0x0800d399   Thumb Code    22  usmart_str.o(i.usmart_search_nextc)
    usmart_str2num                           0x0800d3af   Thumb Code   202  usmart_str.o(i.usmart_str2num)
    usmart_strcmp                            0x0800d479   Thumb Code    34  usmart_str.o(i.usmart_strcmp)
    usmart_strcopy                           0x0800d49b   Thumb Code    22  usmart_str.o(i.usmart_strcopy)
    usmart_strlen                            0x0800d4b1   Thumb Code    24  usmart_str.o(i.usmart_strlen)
    usmart_sys_cmd_exe                       0x0800d4c9   Thumb Code  1554  usmart.o(i.usmart_sys_cmd_exe)
    write_addr                               0x0800dbad   Thumb Code     4  usmart.o(i.write_addr)
    __aeabi_d2uiz                            0x0800dbb1   Thumb Code     0  dfixu.o(x$fpl$dfixu)
    _dfixu                                   0x0800dbb1   Thumb Code    90  dfixu.o(x$fpl$dfixu)
    __aeabi_ui2d                             0x0800dc0b   Thumb Code     0  dflt_clz.o(x$fpl$dfltu)
    _dfltu                                   0x0800dc0b   Thumb Code    38  dflt_clz.o(x$fpl$dfltu)
    __aeabi_dmul                             0x0800dc31   Thumb Code     0  dmul.o(x$fpl$dmul)
    _dmul                                    0x0800dc31   Thumb Code   332  dmul.o(x$fpl$dmul)
    __fpl_dnaninf                            0x0800dd85   Thumb Code   156  dnaninf.o(x$fpl$dnaninf)
    __fpl_dretinf                            0x0800de21   Thumb Code    12  dretinf.o(x$fpl$dretinf)
    __I$use$fp                               0x0800de2c   Number         0  usenofp.o(x$fpl$usenofp)
    asc2_1206                                0x0800de2c   Data        1140  ili93xx.o(.constdata)
    asc2_1608                                0x0800e2a0   Data        1520  ili93xx.o(.constdata)
    asc2_2412                                0x0800e890   Data        3420  ili93xx.o(.constdata)
    table_week                               0x0800f5ec   Data          12  rtc.o(.constdata)
    mon_table                                0x0800f5f8   Data          12  rtc.o(.constdata)
    OSCfg_IdleTaskStkBasePtr                 0x0800f604   Data           4  os_cfg_app.o(.constdata)
    OSCfg_IdleTaskStkLimit                   0x0800f608   Data           4  os_cfg_app.o(.constdata)
    OSCfg_IdleTaskStkSize                    0x0800f60c   Data           4  os_cfg_app.o(.constdata)
    OSCfg_IdleTaskStkSizeRAM                 0x0800f610   Data           4  os_cfg_app.o(.constdata)
    OSCfg_IntQBasePtr                        0x0800f614   Data           4  os_cfg_app.o(.constdata)
    OSCfg_IntQSize                           0x0800f618   Data           2  os_cfg_app.o(.constdata)
    OSCfg_IntQSizeRAM                        0x0800f61c   Data           4  os_cfg_app.o(.constdata)
    OSCfg_IntQTaskStkBasePtr                 0x0800f620   Data           4  os_cfg_app.o(.constdata)
    OSCfg_IntQTaskStkLimit                   0x0800f624   Data           4  os_cfg_app.o(.constdata)
    OSCfg_IntQTaskStkSize                    0x0800f628   Data           4  os_cfg_app.o(.constdata)
    OSCfg_IntQTaskStkSizeRAM                 0x0800f62c   Data           4  os_cfg_app.o(.constdata)
    OSCfg_ISRStkBasePtr                      0x0800f630   Data           4  os_cfg_app.o(.constdata)
    OSCfg_ISRStkSize                         0x0800f634   Data           4  os_cfg_app.o(.constdata)
    OSCfg_ISRStkSizeRAM                      0x0800f638   Data           4  os_cfg_app.o(.constdata)
    OSCfg_MsgPoolSize                        0x0800f63c   Data           2  os_cfg_app.o(.constdata)
    OSCfg_MsgPoolSizeRAM                     0x0800f640   Data           4  os_cfg_app.o(.constdata)
    OSCfg_MsgPoolBasePtr                     0x0800f644   Data           4  os_cfg_app.o(.constdata)
    OSCfg_StatTaskPrio                       0x0800f648   Data           1  os_cfg_app.o(.constdata)
    OSCfg_StatTaskRate_Hz                    0x0800f64c   Data           4  os_cfg_app.o(.constdata)
    OSCfg_StatTaskStkBasePtr                 0x0800f650   Data           4  os_cfg_app.o(.constdata)
    OSCfg_StatTaskStkLimit                   0x0800f654   Data           4  os_cfg_app.o(.constdata)
    OSCfg_StatTaskStkSize                    0x0800f658   Data           4  os_cfg_app.o(.constdata)
    OSCfg_StatTaskStkSizeRAM                 0x0800f65c   Data           4  os_cfg_app.o(.constdata)
    OSCfg_StkSizeMin                         0x0800f660   Data           4  os_cfg_app.o(.constdata)
    OSCfg_TickRate_Hz                        0x0800f664   Data           4  os_cfg_app.o(.constdata)
    OSCfg_TickTaskPrio                       0x0800f668   Data           1  os_cfg_app.o(.constdata)
    OSCfg_TickTaskStkBasePtr                 0x0800f66c   Data           4  os_cfg_app.o(.constdata)
    OSCfg_TickTaskStkLimit                   0x0800f670   Data           4  os_cfg_app.o(.constdata)
    OSCfg_TickTaskStkSize                    0x0800f674   Data           4  os_cfg_app.o(.constdata)
    OSCfg_TickTaskStkSizeRAM                 0x0800f678   Data           4  os_cfg_app.o(.constdata)
    OSCfg_TickWheelSize                      0x0800f67c   Data           2  os_cfg_app.o(.constdata)
    OSCfg_TickWheelSizeRAM                   0x0800f680   Data           4  os_cfg_app.o(.constdata)
    OSCfg_TmrTaskPrio                        0x0800f684   Data           1  os_cfg_app.o(.constdata)
    OSCfg_TmrTaskRate_Hz                     0x0800f688   Data           4  os_cfg_app.o(.constdata)
    OSCfg_TmrTaskStkBasePtr                  0x0800f68c   Data           4  os_cfg_app.o(.constdata)
    OSCfg_TmrTaskStkLimit                    0x0800f690   Data           4  os_cfg_app.o(.constdata)
    OSCfg_TmrTaskStkSize                     0x0800f694   Data           4  os_cfg_app.o(.constdata)
    OSCfg_TmrTaskStkSizeRAM                  0x0800f698   Data           4  os_cfg_app.o(.constdata)
    OSCfg_TmrWheelSize                       0x0800f69c   Data           2  os_cfg_app.o(.constdata)
    OSCfg_TmrWheelSizeRAM                    0x0800f6a0   Data           4  os_cfg_app.o(.constdata)
    OSCfg_DataSizeRAM                        0x0800f6a4   Data           4  os_cfg_app.o(.constdata)
    OSDbg_DbgEn                              0x0800f6a8   Data           1  os_dbg.o(.constdata)
    OSDbg_ArgChkEn                           0x0800f6a9   Data           1  os_dbg.o(.constdata)
    OSDbg_AppHooksEn                         0x0800f6aa   Data           1  os_dbg.o(.constdata)
    OSDbg_EndiannessTest                     0x0800f6ac   Data           4  os_dbg.o(.constdata)
    OSDbg_CalledFromISRChkEn                 0x0800f6b0   Data           1  os_dbg.o(.constdata)
    OSDbg_FlagEn                             0x0800f6b1   Data           1  os_dbg.o(.constdata)
    OSDbg_FlagGrp                            0x0800f6b4   Data          40  os_dbg.o(.constdata)
    OSDbg_FlagDelEn                          0x0800f6dc   Data           1  os_dbg.o(.constdata)
    OSDbg_FlagModeClrEn                      0x0800f6dd   Data           1  os_dbg.o(.constdata)
    OSDbg_FlagPendAbortEn                    0x0800f6de   Data           1  os_dbg.o(.constdata)
    OSDbg_FlagGrpSize                        0x0800f6e0   Data           2  os_dbg.o(.constdata)
    OSDbg_FlagWidth                          0x0800f6e2   Data           2  os_dbg.o(.constdata)
    OSDbg_IntQ                               0x0800f6e4   Data           2  os_dbg.o(.constdata)
    OSDbg_ISRPostDeferredEn                  0x0800f6e6   Data           1  os_dbg.o(.constdata)
    OSDbg_Mem                                0x0800f6e8   Data          32  os_dbg.o(.constdata)
    OSDbg_MemEn                              0x0800f708   Data           1  os_dbg.o(.constdata)
    OSDbg_MemSize                            0x0800f70a   Data           2  os_dbg.o(.constdata)
    OSDbg_MsgEn                              0x0800f70c   Data           1  os_dbg.o(.constdata)
    OSDbg_MsgSize                            0x0800f70e   Data           2  os_dbg.o(.constdata)
    OSDbg_MsgPoolSize                        0x0800f710   Data           2  os_dbg.o(.constdata)
    OSDbg_MsgQSize                           0x0800f712   Data           2  os_dbg.o(.constdata)
    OSDbg_Mutex                              0x0800f714   Data          44  os_dbg.o(.constdata)
    OSDbg_MutexEn                            0x0800f740   Data           1  os_dbg.o(.constdata)
    OSDbg_MutexDelEn                         0x0800f741   Data           1  os_dbg.o(.constdata)
    OSDbg_MutexPendAbortEn                   0x0800f742   Data           1  os_dbg.o(.constdata)
    OSDbg_MutexSize                          0x0800f744   Data           2  os_dbg.o(.constdata)
    OSDbg_ObjTypeChkEn                       0x0800f746   Data           1  os_dbg.o(.constdata)
    OSDbg_PendMultiEn                        0x0800f747   Data           1  os_dbg.o(.constdata)
    OSDbg_PendDataSize                       0x0800f748   Data           2  os_dbg.o(.constdata)
    OSDbg_PendListSize                       0x0800f74a   Data           2  os_dbg.o(.constdata)
    OSDbg_PendObjSize                        0x0800f74c   Data           2  os_dbg.o(.constdata)
    OSDbg_PrioMax                            0x0800f74e   Data           2  os_dbg.o(.constdata)
    OSDbg_PrioTblSize                        0x0800f750   Data           2  os_dbg.o(.constdata)
    OSDbg_PtrSize                            0x0800f752   Data           2  os_dbg.o(.constdata)
    OSDbg_Q                                  0x0800f754   Data          48  os_dbg.o(.constdata)
    OSDbg_QEn                                0x0800f784   Data           1  os_dbg.o(.constdata)
    OSDbg_QDelEn                             0x0800f785   Data           1  os_dbg.o(.constdata)
    OSDbg_QFlushEn                           0x0800f786   Data           1  os_dbg.o(.constdata)
    OSDbg_QPendAbortEn                       0x0800f787   Data           1  os_dbg.o(.constdata)
    OSDbg_QSize                              0x0800f788   Data           2  os_dbg.o(.constdata)
    OSDbg_SchedRoundRobinEn                  0x0800f78a   Data           1  os_dbg.o(.constdata)
    OSDbg_Sem                                0x0800f78c   Data          40  os_dbg.o(.constdata)
    OSDbg_SemEn                              0x0800f7b4   Data           1  os_dbg.o(.constdata)
    OSDbg_SemDelEn                           0x0800f7b5   Data           1  os_dbg.o(.constdata)
    OSDbg_SemPendAbortEn                     0x0800f7b6   Data           1  os_dbg.o(.constdata)
    OSDbg_SemSetEn                           0x0800f7b7   Data           1  os_dbg.o(.constdata)
    OSDbg_SemSize                            0x0800f7b8   Data           2  os_dbg.o(.constdata)
    OSDbg_RdyList                            0x0800f7ba   Data           2  os_dbg.o(.constdata)
    OSDbg_RdyListSize                        0x0800f7bc   Data           4  os_dbg.o(.constdata)
    OSDbg_StkWidth                           0x0800f7c0   Data           1  os_dbg.o(.constdata)
    OSDbg_StatTaskEn                         0x0800f7c1   Data           1  os_dbg.o(.constdata)
    OSDbg_StatTaskStkChkEn                   0x0800f7c2   Data           1  os_dbg.o(.constdata)
    OSDbg_TaskChangePrioEn                   0x0800f7c3   Data           1  os_dbg.o(.constdata)
    OSDbg_TaskDelEn                          0x0800f7c4   Data           1  os_dbg.o(.constdata)
    OSDbg_TaskQEn                            0x0800f7c5   Data           1  os_dbg.o(.constdata)
    OSDbg_TaskQPendAbortEn                   0x0800f7c6   Data           1  os_dbg.o(.constdata)
    OSDbg_TaskProfileEn                      0x0800f7c7   Data           1  os_dbg.o(.constdata)
    OSDbg_TaskRegTblSize                     0x0800f7c8   Data           2  os_dbg.o(.constdata)
    OSDbg_TaskSemPendAbortEn                 0x0800f7ca   Data           1  os_dbg.o(.constdata)
    OSDbg_TaskSuspendEn                      0x0800f7cb   Data           1  os_dbg.o(.constdata)
    OSDbg_TCBSize                            0x0800f7cc   Data           2  os_dbg.o(.constdata)
    OSDbg_TickSpokeSize                      0x0800f7ce   Data           2  os_dbg.o(.constdata)
    OSDbg_TimeDlyHMSMEn                      0x0800f7d0   Data           1  os_dbg.o(.constdata)
    OSDbg_TimeDlyResumeEn                    0x0800f7d1   Data           1  os_dbg.o(.constdata)
    OSDbg_TLS_TblSize                        0x0800f7d2   Data           2  os_dbg.o(.constdata)
    OSDbg_Tmr                                0x0800f7d4   Data          52  os_dbg.o(.constdata)
    OSDbg_TmrEn                              0x0800f808   Data           1  os_dbg.o(.constdata)
    OSDbg_TmrDelEn                           0x0800f809   Data           1  os_dbg.o(.constdata)
    OSDbg_TmrSize                            0x0800f80a   Data           2  os_dbg.o(.constdata)
    OSDbg_TmrSpokeSize                       0x0800f80c   Data           2  os_dbg.o(.constdata)
    OSDbg_VersionNbr                         0x0800f80e   Data           2  os_dbg.o(.constdata)
    OSDbg_DataSize                           0x0800f810   Data           4  os_dbg.o(.constdata)
    memtblsize                               0x0800f814   Data           8  malloc.o(.constdata)
    memblksize                               0x0800f81c   Data           8  malloc.o(.constdata)
    memsize                                  0x0800f824   Data           8  malloc.o(.constdata)
    Region$$Table$$Base                      0x0800faf4   Number         0  anon$$obj.o(Region$$Table)
    Region$$Table$$Limit                     0x0800fb14   Number         0  anon$$obj.o(Region$$Table)
    tmr1sta                                  0x20000000   Data           1  main.o(.data)
    lcd_discolor                             0x20000004   Data          56  main.o(.data)
    SystemCoreClock                          0x20000040   Data           4  system_stm32f10x.o(.data)
    AHBPrescTable                            0x20000044   Data          16  system_stm32f10x.o(.data)
    POINT_COLOR                              0x20000056   Data           2  ili93xx.o(.data)
    BACK_COLOR                               0x20000058   Data           2  ili93xx.o(.data)
    __stdout                                 0x20000060   Data           4  usart.o(.data)
    USART_RX_STA                             0x20000064   Data           2  usart.o(.data)
    CPU_TS_TmrFreq_Hz                        0x2000007c   Data           4  cpu_core.o(.data)
    CPU_IntDisMeasCtr                        0x20000080   Data           2  cpu_core.o(.data)
    CPU_IntDisNestCtr                        0x20000082   Data           2  cpu_core.o(.data)
    CPU_IntDisMeasStart_cnts                 0x20000084   Data           4  cpu_core.o(.data)
    CPU_IntDisMeasStop_cnts                  0x20000088   Data           4  cpu_core.o(.data)
    CPU_IntDisMeasOvrhd_cnts                 0x2000008c   Data           4  cpu_core.o(.data)
    CPU_IntDisMeasMaxCur_cnts                0x20000090   Data           4  cpu_core.o(.data)
    CPU_IntDisMeasMax_cnts                   0x20000094   Data           4  cpu_core.o(.data)
    OSPrioTbl                                0x20000098   Data           4  os_prio.o(.data)
    OS_AppTaskCreateHookPtr                  0x2000009c   Data           4  os_var.o(.data)
    OS_AppTaskDelHookPtr                     0x200000a0   Data           4  os_var.o(.data)
    OS_AppTaskReturnHookPtr                  0x200000a4   Data           4  os_var.o(.data)
    OS_AppIdleTaskHookPtr                    0x200000a8   Data           4  os_var.o(.data)
    OS_AppStatTaskHookPtr                    0x200000ac   Data           4  os_var.o(.data)
    OS_AppTaskSwHookPtr                      0x200000b0   Data           4  os_var.o(.data)
    OS_AppTimeTickHookPtr                    0x200000b4   Data           4  os_var.o(.data)
    OSIdleTaskCtr                            0x200000b8   Data           4  os_var.o(.data)
    OSIntNestingCtr                          0x200000bc   Data           1  os_var.o(.data)
    OSIntDisTimeMax                          0x200000c0   Data           4  os_var.o(.data)
    OSRunning                                0x200000c4   Data           1  os_var.o(.data)
    OSIntQInPtr                              0x200000c8   Data           4  os_var.o(.data)
    OSIntQOutPtr                             0x200000cc   Data           4  os_var.o(.data)
    OSIntQNbrEntries                         0x200000d0   Data           2  os_var.o(.data)
    OSIntQNbrEntriesMax                      0x200000d2   Data           2  os_var.o(.data)
    OSIntQOvfCtr                             0x200000d4   Data           2  os_var.o(.data)
    OSIntQTaskTimeMax                        0x200000d8   Data           4  os_var.o(.data)
    OSFlagDbgListPtr                         0x200000dc   Data           4  os_var.o(.data)
    OSFlagQty                                0x200000e0   Data           2  os_var.o(.data)
    OSMemDbgListPtr                          0x200000e4   Data           4  os_var.o(.data)
    OSMemQty                                 0x200000e8   Data           2  os_var.o(.data)
    OSMutexDbgListPtr                        0x200000ec   Data           4  os_var.o(.data)
    OSMutexQty                               0x200000f0   Data           2  os_var.o(.data)
    OSPrioCur                                0x200000f2   Data           1  os_var.o(.data)
    OSPrioHighRdy                            0x200000f3   Data           1  os_var.o(.data)
    OSPrioSaved                              0x200000f4   Data           1  os_var.o(.data)
    OSQDbgListPtr                            0x200000f8   Data           4  os_var.o(.data)
    OSQQty                                   0x200000fc   Data           2  os_var.o(.data)
    OSSchedLockTimeBegin                     0x20000100   Data           4  os_var.o(.data)
    OSSchedLockTimeMax                       0x20000104   Data           4  os_var.o(.data)
    OSSchedLockTimeMaxCur                    0x20000108   Data           4  os_var.o(.data)
    OSSchedLockNestingCtr                    0x2000010c   Data           1  os_var.o(.data)
    OSSchedRoundRobinDfltTimeQuanta          0x20000110   Data           4  os_var.o(.data)
    OSSchedRoundRobinEn                      0x20000114   Data           1  os_var.o(.data)
    OSSemDbgListPtr                          0x20000118   Data           4  os_var.o(.data)
    OSSemQty                                 0x2000011c   Data           2  os_var.o(.data)
    OSStatResetFlag                          0x2000011e   Data           1  os_var.o(.data)
    OSStatTaskCPUUsage                       0x20000120   Data           2  os_var.o(.data)
    OSStatTaskCPUUsageMax                    0x20000122   Data           2  os_var.o(.data)
    OSStatTaskCtr                            0x20000124   Data           4  os_var.o(.data)
    OSStatTaskCtrMax                         0x20000128   Data           4  os_var.o(.data)
    OSStatTaskCtrRun                         0x2000012c   Data           4  os_var.o(.data)
    OSStatTaskRdy                            0x20000130   Data           1  os_var.o(.data)
    OSStatTaskTimeMax                        0x20000134   Data           4  os_var.o(.data)
    OSTaskCtxSwCtr                           0x20000138   Data           4  os_var.o(.data)
    OSTaskDbgListPtr                         0x2000013c   Data           4  os_var.o(.data)
    OSTaskQty                                0x20000140   Data           2  os_var.o(.data)
    OSTaskRegNextAvailID                     0x20000142   Data           1  os_var.o(.data)
    OSTickCtr                                0x20000144   Data           4  os_var.o(.data)
    OSTickTaskTimeMax                        0x20000148   Data           4  os_var.o(.data)
    OSTmrDbgListPtr                          0x2000014c   Data           4  os_var.o(.data)
    OSTmrQty                                 0x20000150   Data           2  os_var.o(.data)
    OSTmrTaskTimeMax                         0x20000154   Data           4  os_var.o(.data)
    OSTmrTickCtr                             0x20000158   Data           4  os_var.o(.data)
    OSTmrUpdateCnt                           0x2000015c   Data           4  os_var.o(.data)
    OSTmrUpdateCtr                           0x20000160   Data           4  os_var.o(.data)
    OSTCBCurPtr                              0x20000164   Data           4  os_var.o(.data)
    OSTCBHighRdyPtr                          0x20000168   Data           4  os_var.o(.data)
    OS_CPU_ExceptStkBase                     0x2000016c   Data           4  os_cpu_c.o(.data)
    mallco_dev                               0x20000170   Data          28  malloc.o(.data)
    sys_cmd_tab                              0x2000018c   Data          28  usmart.o(.data)
    usmart_nametab                           0x200001a8   Data         120  usmart_config.o(.data)
    usmart_dev                               0x20000220   Data         244  usmart_config.o(.data)
    StartTaskTCB                             0x20000314   Data         200  main.o(.bss)
    START_TASK_STK                           0x200003dc   Data         512  main.o(.bss)
    Main_TaskTCB                             0x200005dc   Data         200  main.o(.bss)
    MAIN_TASK_STK                            0x200006a4   Data         512  main.o(.bss)
    Keyprocess_TaskTCB                       0x200008a4   Data         200  main.o(.bss)
    KEYPROCESS_TASK_STK                      0x2000096c   Data         512  main.o(.bss)
    Msgdis_TaskTCB                           0x20000b6c   Data         200  main.o(.bss)
    MSGDIS_TASK_STK                          0x20000c34   Data         512  main.o(.bss)
    RTC_TaskTCB                              0x20000e34   Data         200  main.o(.bss)
    RTC_TASK_STK                             0x20000efc   Data         512  main.o(.bss)
    Flagsprocess_TaskTCB                     0x200010fc   Data         200  main.o(.bss)
    FLAGSPROCESS_TASK_STK                    0x200011c4   Data         512  main.o(.bss)
    tmr1                                     0x200013c4   Data          52  main.o(.bss)
    KEY_Msg                                  0x200013f8   Data          48  main.o(.bss)
    DATA_Msg                                 0x20001428   Data          48  main.o(.bss)
    EventFlags                               0x20001458   Data          40  main.o(.bss)
    lcddev                                   0x20001480   Data          14  ili93xx.o(.bss)
    calendar                                 0x2000148e   Data          10  rtc.o(.bss)
    USART_RX_BUF                             0x20001498   Data         200  usart.o(.bss)
    CPU_Name                                 0x20001560   Data          16  cpu_core.o(.bss)
    OSCfg_IdleTaskStk                        0x20001570   Data         512  os_cfg_app.o(.bss)
    OSCfg_IntQ                               0x20001770   Data         320  os_cfg_app.o(.bss)
    OSCfg_IntQTaskStk                        0x200018b0   Data         512  os_cfg_app.o(.bss)
    OSCfg_ISRStk                             0x20001ab0   Data         512  os_cfg_app.o(.bss)
    OSCfg_MsgPool                            0x20001cb0   Data        1600  os_cfg_app.o(.bss)
    OSCfg_StatTaskStk                        0x200022f0   Data         512  os_cfg_app.o(.bss)
    OSCfg_TickTaskStk                        0x200024f0   Data         512  os_cfg_app.o(.bss)
    OSCfg_TickWheel                          0x200026f0   Data         136  os_cfg_app.o(.bss)
    OSCfg_TmrTaskStk                         0x20002778   Data         512  os_cfg_app.o(.bss)
    OSCfg_TmrWheel                           0x20002978   Data         136  os_cfg_app.o(.bss)
    OSIdleTaskTCB                            0x20002a00   Data         200  os_var.o(.bss)
    OSIntQTaskTCB                            0x20002ac8   Data         200  os_var.o(.bss)
    OSMsgPool                                0x20002b90   Data          12  os_var.o(.bss)
    OSRdyList                                0x20002b9c   Data         384  os_var.o(.bss)
    OSStatTaskTCB                            0x20002d1c   Data         200  os_var.o(.bss)
    OSTickTaskTCB                            0x20002de4   Data         200  os_var.o(.bss)
    OSTmrTaskTCB                             0x20002eac   Data         200  os_var.o(.bss)
    mem1base                                 0x20002f80   Data       40960  malloc.o(.bss)
    mem1mapbase                              0x2000cf80   Data        2560  malloc.o(.bss)
    __libspace_start                         0x2000d980   Data          96  libspace.o(.bss)
    __temporary_stack_top$libspace           0x2000d9e0   Data           0  libspace.o(.bss)
    mem2base                                 0x68000000   Data       983040  malloc.o(.ARM.__AT_0x68000000)
    mem2mapbase                              0x680f0000   Data       61440  malloc.o(.ARM.__AT_0x680F0000)



==============================================================================

Memory Map of the image

  Image Entry point : 0x0800022d

  Load Region LR_1 (Base: 0x08000000, Size: 0x0000fe28, Max: 0xffffffff, ABSOLUTE, COMPRESSED[0x0000fbfc])

    Execution Region ER_RO (Base: 0x08000000, Size: 0x0000fb14, Max: 0xffffffff, ABSOLUTE)

    Base Addr    Size         Type   Attr      Idx    E Section Name        Object

    0x08000000   0x00000130   Data   RO          865    RESET               startup_stm32f10x_hd.o
    0x08000130   0x00000008   Code   RO         6090  * !!!main             c_w.l(__main.o)
    0x08000138   0x00000034   Code   RO         6290    !!!scatter          c_w.l(__scatter.o)
    0x0800016c   0x0000005a   Code   RO         6288    !!dczerorl2         c_w.l(__dczerorl2.o)
    0x080001c6   0x00000002   PAD
    0x080001c8   0x0000001c   Code   RO         6292    !!handler_zi        c_w.l(__scatter_zi.o)
    0x080001e4   0x00000000   Code   RO         6087    .ARM.Collect$$_printf_percent$$00000000  c_w.l(_printf_percent.o)
    0x080001e4   0x00000006   Code   RO         6085    .ARM.Collect$$_printf_percent$$00000009  c_w.l(_printf_d.o)
    0x080001ea   0x00000006   Code   RO         6086    .ARM.Collect$$_printf_percent$$0000000A  c_w.l(_printf_u.o)
    0x080001f0   0x00000006   Code   RO         6084    .ARM.Collect$$_printf_percent$$0000000C  c_w.l(_printf_x.o)
    0x080001f6   0x00000006   Code   RO         6082    .ARM.Collect$$_printf_percent$$00000013  c_w.l(_printf_c.o)
    0x080001fc   0x00000006   Code   RO         6083    .ARM.Collect$$_printf_percent$$00000014  c_w.l(_printf_s.o)
    0x08000202   0x00000004   Code   RO         6121    .ARM.Collect$$_printf_percent$$00000017  c_w.l(_printf_percent_end.o)
    0x08000206   0x00000002   Code   RO         6163    .ARM.Collect$$libinit$$00000000  c_w.l(libinit.o)
    0x08000208   0x00000000   Code   RO         6176    .ARM.Collect$$libinit$$00000002  c_w.l(libinit2.o)
    0x08000208   0x00000000   Code   RO         6178    .ARM.Collect$$libinit$$00000004  c_w.l(libinit2.o)
    0x08000208   0x00000000   Code   RO         6181    .ARM.Collect$$libinit$$0000000A  c_w.l(libinit2.o)
    0x08000208   0x00000000   Code   RO         6183    .ARM.Collect$$libinit$$0000000C  c_w.l(libinit2.o)
    0x08000208   0x00000000   Code   RO         6185    .ARM.Collect$$libinit$$0000000E  c_w.l(libinit2.o)
    0x08000208   0x00000000   Code   RO         6188    .ARM.Collect$$libinit$$00000011  c_w.l(libinit2.o)
    0x08000208   0x00000000   Code   RO         6190    .ARM.Collect$$libinit$$00000013  c_w.l(libinit2.o)
    0x08000208   0x00000000   Code   RO         6192    .ARM.Collect$$libinit$$00000015  c_w.l(libinit2.o)
    0x08000208   0x00000000   Code   RO         6194    .ARM.Collect$$libinit$$00000017  c_w.l(libinit2.o)
    0x08000208   0x00000000   Code   RO         6196    .ARM.Collect$$libinit$$00000019  c_w.l(libinit2.o)
    0x08000208   0x00000000   Code   RO         6198    .ARM.Collect$$libinit$$0000001B  c_w.l(libinit2.o)
    0x08000208   0x00000000   Code   RO         6200    .ARM.Collect$$libinit$$0000001D  c_w.l(libinit2.o)
    0x08000208   0x00000000   Code   RO         6202    .ARM.Collect$$libinit$$0000001F  c_w.l(libinit2.o)
    0x08000208   0x00000000   Code   RO         6204    .ARM.Collect$$libinit$$00000021  c_w.l(libinit2.o)
    0x08000208   0x00000000   Code   RO         6206    .ARM.Collect$$libinit$$00000023  c_w.l(libinit2.o)
    0x08000208   0x00000000   Code   RO         6208    .ARM.Collect$$libinit$$00000025  c_w.l(libinit2.o)
    0x08000208   0x00000000   Code   RO         6212    .ARM.Collect$$libinit$$0000002C  c_w.l(libinit2.o)
    0x08000208   0x00000000   Code   RO         6214    .ARM.Collect$$libinit$$0000002E  c_w.l(libinit2.o)
    0x08000208   0x00000000   Code   RO         6216    .ARM.Collect$$libinit$$00000030  c_w.l(libinit2.o)
    0x08000208   0x00000000   Code   RO         6218    .ARM.Collect$$libinit$$00000032  c_w.l(libinit2.o)
    0x08000208   0x00000002   Code   RO         6219    .ARM.Collect$$libinit$$00000033  c_w.l(libinit2.o)
    0x0800020a   0x00000002   Code   RO         6245    .ARM.Collect$$libshutdown$$00000000  c_w.l(libshutdown.o)
    0x0800020c   0x00000000   Code   RO         6273    .ARM.Collect$$libshutdown$$00000003  c_w.l(libshutdown2.o)
    0x0800020c   0x00000000   Code   RO         6276    .ARM.Collect$$libshutdown$$00000006  c_w.l(libshutdown2.o)
    0x0800020c   0x00000000   Code   RO         6279    .ARM.Collect$$libshutdown$$00000009  c_w.l(libshutdown2.o)
    0x0800020c   0x00000000   Code   RO         6281    .ARM.Collect$$libshutdown$$0000000B  c_w.l(libshutdown2.o)
    0x0800020c   0x00000000   Code   RO         6284    .ARM.Collect$$libshutdown$$0000000E  c_w.l(libshutdown2.o)
    0x0800020c   0x00000002   Code   RO         6285    .ARM.Collect$$libshutdown$$0000000F  c_w.l(libshutdown2.o)
    0x0800020e   0x00000000   Code   RO         6106    .ARM.Collect$$rtentry$$00000000  c_w.l(__rtentry.o)
    0x0800020e   0x00000000   Code   RO         6128    .ARM.Collect$$rtentry$$00000002  c_w.l(__rtentry2.o)
    0x0800020e   0x00000006   Code   RO         6140    .ARM.Collect$$rtentry$$00000004  c_w.l(__rtentry4.o)
    0x08000214   0x00000000   Code   RO         6130    .ARM.Collect$$rtentry$$00000009  c_w.l(__rtentry2.o)
    0x08000214   0x00000004   Code   RO         6131    .ARM.Collect$$rtentry$$0000000A  c_w.l(__rtentry2.o)
    0x08000218   0x00000000   Code   RO         6133    .ARM.Collect$$rtentry$$0000000C  c_w.l(__rtentry2.o)
    0x08000218   0x00000008   Code   RO         6134    .ARM.Collect$$rtentry$$0000000D  c_w.l(__rtentry2.o)
    0x08000220   0x00000002   Code   RO         6167    .ARM.Collect$$rtexit$$00000000  c_w.l(rtexit.o)
    0x08000222   0x00000000   Code   RO         6221    .ARM.Collect$$rtexit$$00000002  c_w.l(rtexit2.o)
    0x08000222   0x00000004   Code   RO         6222    .ARM.Collect$$rtexit$$00000003  c_w.l(rtexit2.o)
    0x08000226   0x00000006   Code   RO         6223    .ARM.Collect$$rtexit$$00000004  c_w.l(rtexit2.o)
    0x0800022c   0x00000040   Code   RO          866  * .text               startup_stm32f10x_hd.o
    0x0800026c   0x00000034   Code   RO         4042    .text               cpu_a.o
    0x080002a0   0x00000002   Code   RO         6021    .text               c_w.l(use_no_semi_2.o)
    0x080002a2   0x00000002   PAD
    0x080002a4   0x00000018   Code   RO         6029    .text               c_w.l(noretval__2printf.o)
    0x080002bc   0x00000028   Code   RO         6031    .text               c_w.l(noretval__2sprintf.o)
    0x080002e4   0x0000004e   Code   RO         6035    .text               c_w.l(_printf_pad.o)
    0x08000332   0x00000052   Code   RO         6037    .text               c_w.l(_printf_str.o)
    0x08000384   0x00000078   Code   RO         6039    .text               c_w.l(_printf_dec.o)
    0x080003fc   0x00000058   Code   RO         6044    .text               c_w.l(_printf_hex_int.o)
    0x08000454   0x00000188   Code   RO         6079    .text               c_w.l(__printf_flags_ss_wp.o)
    0x080005dc   0x00000006   Code   RO         6088    .text               c_w.l(heapauxi.o)
    0x080005e2   0x00000002   Code   RO         6104    .text               c_w.l(use_no_semi.o)
    0x080005e4   0x000000b2   Code   RO         6111    .text               c_w.l(_printf_intcommon.o)
    0x08000696   0x00000002   PAD
    0x08000698   0x00000030   Code   RO         6113    .text               c_w.l(_printf_char_common.o)
    0x080006c8   0x0000000a   Code   RO         6115    .text               c_w.l(_sputc.o)
    0x080006d2   0x0000002c   Code   RO         6117    .text               c_w.l(_printf_char.o)
    0x080006fe   0x00000002   PAD
    0x08000700   0x00000024   Code   RO         6119    .text               c_w.l(_printf_char_file.o)
    0x08000724   0x00000008   Code   RO         6146    .text               c_w.l(ferror.o)
    0x0800072c   0x0000004a   Code   RO         6150    .text               c_w.l(sys_stackheap_outer.o)
    0x08000776   0x0000000c   Code   RO         6152    .text               c_w.l(exit.o)
    0x08000782   0x00000002   PAD
    0x08000784   0x00000008   Code   RO         6164    .text               c_w.l(libspace.o)
    0x0800078c   0x00000098   Code   RO         5641    CODE                os_cpu_a.o
    0x08000824   0x00000002   Code   RO         5723    i.App_OS_IdleTaskHook  os_app_hooks.o
    0x08000826   0x00000002   PAD
    0x08000828   0x0000008c   Code   RO         5725    i.App_OS_SetAllHooks  os_app_hooks.o
    0x080008b4   0x00000002   Code   RO         5726    i.App_OS_StatTaskHook  os_app_hooks.o
    0x080008b6   0x00000002   Code   RO         5727    i.App_OS_TaskCreateHook  os_app_hooks.o
    0x080008b8   0x00000002   Code   RO         5728    i.App_OS_TaskDelHook  os_app_hooks.o
    0x080008ba   0x00000002   Code   RO         5729    i.App_OS_TaskReturnHook  os_app_hooks.o
    0x080008bc   0x00000002   Code   RO         5730    i.App_OS_TaskSwHook  os_app_hooks.o
    0x080008be   0x00000002   Code   RO         5731    i.App_OS_TimeTickHook  os_app_hooks.o
    0x080008c0   0x00000038   Code   RO          410    i.BEEP_Init         beep.o
    0x080008f8   0x00000010   Code   RO         1648    i.BKP_DeInit        stm32f10x_bkp.o
    0x08000908   0x0000001c   Code   RO         1653    i.BKP_ReadBackupRegister  stm32f10x_bkp.o
    0x08000924   0x0000001c   Code   RO         1657    i.BKP_WriteBackupRegister  stm32f10x_bkp.o
    0x08000940   0x00000010   Code   RO         3837    i.BSP_CPU_ClkFreq   bsp.o
    0x08000950   0x00000004   Code   RO          268    i.BusFault_Handler  stm32f10x_it.o
    0x08000954   0x00000010   Code   RO         3878    i.CPU_Init          cpu_core.o
    0x08000964   0x00000084   Code   RO         3879    i.CPU_IntDisMeasInit  cpu_core.o
    0x080009e8   0x0000001c   Code   RO         3880    i.CPU_IntDisMeasMaxCalc  cpu_core.o
    0x08000a04   0x0000002c   Code   RO         3881    i.CPU_IntDisMeasMaxCurGet  cpu_core.o
    0x08000a30   0x0000002c   Code   RO         3882    i.CPU_IntDisMeasMaxCurReset  cpu_core.o
    0x08000a5c   0x0000002c   Code   RO         3883    i.CPU_IntDisMeasMaxGet  cpu_core.o
    0x08000a88   0x00000034   Code   RO         3884    i.CPU_IntDisMeasStart  cpu_core.o
    0x08000abc   0x00000054   Code   RO         3885    i.CPU_IntDisMeasStop  cpu_core.o
    0x08000b10   0x00000038   Code   RO         3886    i.CPU_NameClr       cpu_core.o
    0x08000b48   0x00000008   Code   RO         3888    i.CPU_NameInit      cpu_core.o
    0x08000b50   0x00000014   Code   RO         3892    i.CPU_TS_Init       cpu_core.o
    0x08000b64   0x0000000c   Code   RO         3894    i.CPU_TS_TmrFreqSet  cpu_core.o
    0x08000b70   0x00000034   Code   RO         3839    i.CPU_TS_TmrInit    bsp.o
    0x08000ba4   0x0000000c   Code   RO         3840    i.CPU_TS_TmrRd      bsp.o
    0x08000bb0   0x00000002   Code   RO          269    i.DebugMon_Handler  stm32f10x_it.o
    0x08000bb2   0x00000002   PAD
    0x08000bb4   0x00000160   Code   RO          422    i.FSMC_SRAM_Init    sram.o
    0x08000d14   0x00000016   Code   RO          423    i.FSMC_SRAM_ReadBuffer  sram.o
    0x08000d2a   0x00000018   Code   RO          424    i.FSMC_SRAM_WriteBuffer  sram.o
    0x08000d42   0x00000116   Code   RO          912    i.GPIO_Init         stm32f10x_gpio.o
    0x08000e58   0x00000012   Code   RO          916    i.GPIO_ReadInputDataBit  stm32f10x_gpio.o
    0x08000e6a   0x00000004   Code   RO          919    i.GPIO_ResetBits    stm32f10x_gpio.o
    0x08000e6e   0x00000004   Code   RO          920    i.GPIO_SetBits      stm32f10x_gpio.o
    0x08000e72   0x00000004   Code   RO          270    i.HardFault_Handler  stm32f10x_it.o
    0x08000e76   0x0000003a   Code   RO          672    i.Is_Leap_Year      rtc.o
    0x08000eb0   0x0000003c   Code   RO          391    i.KEY_Init          key.o
    0x08000eec   0x000000c8   Code   RO          392    i.KEY_Scan          key.o
    0x08000fb4   0x00000154   Code   RO            1    i.Keyprocess_task   main.o
    0x08001108   0x0000001a   Code   RO          462    i.LCD_BGR2RGB       ili93xx.o
    0x08001122   0x00000002   PAD
    0x08001124   0x0000006c   Code   RO          463    i.LCD_Clear         ili93xx.o
    0x08001190   0x000001c0   Code   RO          467    i.LCD_Display_Dir   ili93xx.o
    0x08001350   0x000000b0   Code   RO          468    i.LCD_DrawLine      ili93xx.o
    0x08001400   0x00000024   Code   RO          469    i.LCD_DrawPoint     ili93xx.o
    0x08001424   0x0000003c   Code   RO          470    i.LCD_DrawRectangle  ili93xx.o
    0x08001460   0x0000017c   Code   RO          472    i.LCD_Fast_DrawPoint  ili93xx.o
    0x080015dc   0x000000bc   Code   RO          473    i.LCD_Fill          ili93xx.o
    0x08001698   0x000037cc   Code   RO          474    i.LCD_Init          ili93xx.o
    0x08004e64   0x00000016   Code   RO          475    i.LCD_Pow           ili93xx.o
    0x08004e7a   0x00000002   PAD
    0x08004e7c   0x00000014   Code   RO          476    i.LCD_RD_DATA       ili93xx.o
    0x08004e90   0x00000188   Code   RO          477    i.LCD_ReadPoint     ili93xx.o
    0x08005018   0x00000016   Code   RO          478    i.LCD_ReadReg       ili93xx.o
    0x0800502e   0x00000002   PAD
    0x08005030   0x00000054   Code   RO          479    i.LCD_SSD_BackLightSet  ili93xx.o
    0x08005084   0x000002ec   Code   RO          480    i.LCD_Scan_Dir      ili93xx.o
    0x08005370   0x000001a8   Code   RO          481    i.LCD_SetCursor     ili93xx.o
    0x08005518   0x00000128   Code   RO          483    i.LCD_ShowChar      ili93xx.o
    0x08005640   0x00000094   Code   RO          484    i.LCD_ShowNum       ili93xx.o
    0x080056d4   0x00000066   Code   RO          485    i.LCD_ShowString    ili93xx.o
    0x0800573a   0x000000be   Code   RO          486    i.LCD_ShowxNum      ili93xx.o
    0x080057f8   0x00000018   Code   RO          487    i.LCD_WR_DATA       ili93xx.o
    0x08005810   0x00000018   Code   RO          488    i.LCD_WR_REG        ili93xx.o
    0x08005828   0x00000014   Code   RO          490    i.LCD_WriteRAM_Prepare  ili93xx.o
    0x0800583c   0x00000018   Code   RO          491    i.LCD_WriteReg      ili93xx.o
    0x08005854   0x0000004c   Code   RO          379    i.LED_Init          led.o
    0x080058a0   0x00000004   Code   RO          271    i.MemManage_Handler  stm32f10x_it.o
    0x080058a4   0x00000012   Code   RO         4237    i.Mem_Clr           lib_mem.o
    0x080058b6   0x00000062   Code   RO         4254    i.Mem_Set           lib_mem.o
    0x08005918   0x00000002   Code   RO          272    i.NMI_Handler       stm32f10x_it.o
    0x0800591a   0x00000002   PAD
    0x0800591c   0x00000070   Code   RO          870    i.NVIC_Init         misc.o
    0x0800598c   0x00000014   Code   RO          871    i.NVIC_PriorityGroupConfig  misc.o
    0x080059a0   0x00000002   Code   RO         4508    i.OSCfg_Init        os_cfg_app.o
    0x080059a2   0x00000002   PAD
    0x080059a4   0x000000e4   Code   RO         4792    i.OSFlagCreate      os_flag.o
    0x08005a88   0x00000690   Code   RO         4794    i.OSFlagPend        os_flag.o
    0x08006118   0x0000009c   Code   RO         4797    i.OSFlagPost        os_flag.o
    0x080061b4   0x00000014   Code   RO         5644    i.OSIdleTaskHook    os_cpu_c.o
    0x080061c8   0x0000018c   Code   RO         4531    i.OSInit            os_core.o
    0x08006354   0x00000038   Code   RO         5645    i.OSInitHook        os_cpu_c.o
    0x0800638c   0x0000002c   Code   RO         4532    i.OSIntEnter        os_core.o
    0x080063b8   0x000000e4   Code   RO         4533    i.OSIntExit         os_core.o
    0x0800649c   0x000000f0   Code   RO         5105    i.OSQCreate         os_q.o
    0x0800658c   0x00000240   Code   RO         5108    i.OSQPend           os_q.o
    0x080067cc   0x000000b8   Code   RO         5110    i.OSQPost           os_q.o
    0x08006884   0x000000a8   Code   RO         4534    i.OSSched           os_core.o
    0x0800692c   0x0000007c   Code   RO         4535    i.OSSchedLock       os_core.o
    0x080069a8   0x0000006c   Code   RO         4536    i.OSSchedRoundRobinCfg  os_core.o
    0x08006a14   0x000000a0   Code   RO         4538    i.OSSchedUnlock     os_core.o
    0x08006ab4   0x00000068   Code   RO         4539    i.OSStart           os_core.o
    0x08006b1c   0x00000168   Code   RO         5249    i.OSStatReset       os_stat.o
    0x08006c84   0x00000100   Code   RO         5250    i.OSStatTaskCPUUsageInit  os_stat.o
    0x08006d84   0x00000014   Code   RO         5646    i.OSStatTaskHook    os_cpu_c.o
    0x08006d98   0x00000294   Code   RO         5280    i.OSTaskCreate      os_task.o
    0x0800702c   0x00000018   Code   RO         5647    i.OSTaskCreateHook  os_cpu_c.o
    0x08007044   0x00000208   Code   RO         5281    i.OSTaskDel         os_task.o
    0x0800724c   0x00000018   Code   RO         5648    i.OSTaskDelHook     os_cpu_c.o
    0x08007264   0x00000088   Code   RO         5289    i.OSTaskResume      os_task.o
    0x080072ec   0x00000018   Code   RO         5649    i.OSTaskReturnHook  os_cpu_c.o
    0x08007304   0x00000250   Code   RO         5290    i.OSTaskSemPend     os_task.o
    0x08007554   0x000000e4   Code   RO         5294    i.OSTaskStkChk      os_task.o
    0x08007638   0x000000c0   Code   RO         5650    i.OSTaskStkInit     os_cpu_c.o
    0x080076f8   0x00000060   Code   RO         5295    i.OSTaskSuspend     os_task.o
    0x08007758   0x000000a4   Code   RO         5651    i.OSTaskSwHook      os_cpu_c.o
    0x080077fc   0x00000150   Code   RO         5495    i.OSTimeDly         os_time.o
    0x0800794c   0x0000022c   Code   RO         5496    i.OSTimeDlyHMSM     os_time.o
    0x08007b78   0x00000044   Code   RO         5500    i.OSTimeTick        os_time.o
    0x08007bbc   0x00000014   Code   RO         5652    i.OSTimeTickHook    os_cpu_c.o
    0x08007bd0   0x00000130   Code   RO         5537    i.OSTmrCreate       os_tmr.o
    0x08007d00   0x000000b4   Code   RO         5540    i.OSTmrStart        os_tmr.o
    0x08007db4   0x00000100   Code   RO         5542    i.OSTmrStop         os_tmr.o
    0x08007eb4   0x000001b4   Code   RO         4777    i.OS_Dbg_Init       os_dbg.o
    0x08008068   0x00000040   Code   RO         4798    i.OS_FlagBlock      os_flag.o
    0x080080a8   0x00000030   Code   RO         4800    i.OS_FlagDbgListAdd  os_flag.o
    0x080080d8   0x00000018   Code   RO         4802    i.OS_FlagInit       os_flag.o
    0x080080f0   0x0000027c   Code   RO         4803    i.OS_FlagPost       os_flag.o
    0x0800836c   0x00000056   Code   RO         4804    i.OS_FlagTaskRdy    os_flag.o
    0x080083c2   0x00000002   PAD
    0x080083c4   0x0000004c   Code   RO         4541    i.OS_IdleTask       os_core.o
    0x08008410   0x00000070   Code   RO         4542    i.OS_IdleTaskInit   os_core.o
    0x08008480   0x00000104   Code   RO         4876    i.OS_IntQPost       os_int.o
    0x08008584   0x000001a4   Code   RO         4877    i.OS_IntQRePost     os_int.o
    0x08008728   0x000000c8   Code   RO         4878    i.OS_IntQTask       os_int.o
    0x080087f0   0x00000128   Code   RO         4879    i.OS_IntQTaskInit   os_int.o
    0x08008918   0x00000018   Code   RO         4910    i.OS_MemInit        os_mem.o
    0x08008930   0x0000007c   Code   RO         4942    i.OS_MsgPoolInit    os_msg.o
    0x080089ac   0x00000044   Code   RO         4943    i.OS_MsgQFreeAll    os_msg.o
    0x080089f0   0x00000068   Code   RO         4944    i.OS_MsgQGet        os_msg.o
    0x08008a58   0x0000000e   Code   RO         4945    i.OS_MsgQInit       os_msg.o
    0x08008a66   0x00000002   PAD
    0x08008a68   0x00000104   Code   RO         4946    i.OS_MsgQPut        os_msg.o
    0x08008b6c   0x00000018   Code   RO         4986    i.OS_MutexInit      os_mutex.o
    0x08008b84   0x00000068   Code   RO         4543    i.OS_Pend           os_core.o
    0x08008bec   0x00000026   Code   RO         4546    i.OS_PendDataInit   os_core.o
    0x08008c12   0x00000002   PAD
    0x08008c14   0x0000005c   Code   RO         4547    i.OS_PendDbgNameAdd  os_core.o
    0x08008c70   0x00000024   Code   RO         4548    i.OS_PendDbgNameRemove  os_core.o
    0x08008c94   0x0000000a   Code   RO         4550    i.OS_PendListInit   os_core.o
    0x08008c9e   0x00000066   Code   RO         4552    i.OS_PendListInsertPrio  os_core.o
    0x08008d04   0x00000030   Code   RO         4553    i.OS_PendListRemove  os_core.o
    0x08008d34   0x00000042   Code   RO         4554    i.OS_PendListRemove1  os_core.o
    0x08008d76   0x000000c0   Code   RO         4557    i.OS_Post           os_core.o
    0x08008e36   0x0000002a   Code   RO         4558    i.OS_Post1          os_core.o
    0x08008e60   0x00000028   Code   RO         5068    i.OS_PrioGetHighest  os_prio.o
    0x08008e88   0x00000018   Code   RO         5069    i.OS_PrioInit       os_prio.o
    0x08008ea0   0x00000024   Code   RO         5070    i.OS_PrioInsert     os_prio.o
    0x08008ec4   0x00000024   Code   RO         5071    i.OS_PrioRemove     os_prio.o
    0x08008ee8   0x00000030   Code   RO         5112    i.OS_QDbgListAdd    os_q.o
    0x08008f18   0x00000018   Code   RO         5114    i.OS_QInit          os_q.o
    0x08008f30   0x00000188   Code   RO         5115    i.OS_QPost          os_q.o
    0x080090b8   0x00000024   Code   RO         4559    i.OS_RdyListInit    os_core.o
    0x080090dc   0x0000002c   Code   RO         4560    i.OS_RdyListInsert  os_core.o
    0x08009108   0x00000040   Code   RO         4561    i.OS_RdyListInsertHead  os_core.o
    0x08009148   0x0000003c   Code   RO         4562    i.OS_RdyListInsertTail  os_core.o
    0x08009184   0x00000044   Code   RO         4563    i.OS_RdyListMoveHeadToTail  os_core.o
    0x080091c8   0x0000005c   Code   RO         4564    i.OS_RdyListRemove  os_core.o
    0x08009224   0x0000005c   Code   RO         4565    i.OS_Sched0         os_core.o
    0x08009280   0x0000001c   Code   RO         4566    i.OS_SchedLockTimeMeasStart  os_core.o
    0x0800929c   0x0000003c   Code   RO         4567    i.OS_SchedLockTimeMeasStop  os_core.o
    0x080092d8   0x000000ec   Code   RO         4568    i.OS_SchedRoundRobin  os_core.o
    0x080093c4   0x00000018   Code   RO         5186    i.OS_SemInit        os_sem.o
    0x080093dc   0x00000198   Code   RO         5187    i.OS_SemPost        os_sem.o
    0x08009574   0x000003b8   Code   RO         5251    i.OS_StatTask       os_stat.o
    0x0800992c   0x000000cc   Code   RO         5252    i.OS_StatTaskInit   os_stat.o
    0x080099f8   0x00000038   Code   RO         4569    i.OS_TaskBlock      os_core.o
    0x08009a30   0x00000030   Code   RO         5297    i.OS_TaskDbgListAdd  os_task.o
    0x08009a60   0x00000044   Code   RO         5298    i.OS_TaskDbgListRemove  os_task.o
    0x08009aa4   0x00000020   Code   RO         5299    i.OS_TaskInit       os_task.o
    0x08009ac4   0x000000d0   Code   RO         5300    i.OS_TaskInitTCB    os_task.o
    0x08009b94   0x0000026c   Code   RO         5301    i.OS_TaskQPost      os_task.o
    0x08009e00   0x0000001c   Code   RO         4570    i.OS_TaskRdy        os_core.o
    0x08009e1c   0x0000017c   Code   RO         5302    i.OS_TaskResume     os_task.o
    0x08009f98   0x00000018   Code   RO         5303    i.OS_TaskReturn     os_task.o
    0x08009fb0   0x000005a8   Code   RO         5304    i.OS_TaskSemPost    os_task.o
    0x0800a558   0x00000190   Code   RO         5305    i.OS_TaskSuspend    os_task.o
    0x0800a6e8   0x00000028   Code   RO         5447    i.OS_TickListInit   os_tick.o
    0x0800a710   0x000001bc   Code   RO         5448    i.OS_TickListInsert  os_tick.o
    0x0800a8cc   0x00000038   Code   RO         5449    i.OS_TickListRemove  os_tick.o
    0x0800a904   0x00000024   Code   RO         5450    i.OS_TickListResetPeak  os_tick.o
    0x0800a928   0x00000220   Code   RO         5451    i.OS_TickListUpdate  os_tick.o
    0x0800ab48   0x0000002c   Code   RO         5452    i.OS_TickTask       os_tick.o
    0x0800ab74   0x000000b8   Code   RO         5453    i.OS_TickTaskInit   os_tick.o
    0x0800ac2c   0x00000028   Code   RO         5544    i.OS_TmrDbgListAdd  os_tmr.o
    0x0800ac54   0x00000128   Code   RO         5546    i.OS_TmrInit        os_tmr.o
    0x0800ad7c   0x000000d0   Code   RO         5547    i.OS_TmrLink        os_tmr.o
    0x0800ae4c   0x00000024   Code   RO         5548    i.OS_TmrResetPeak   os_tmr.o
    0x0800ae70   0x000000c0   Code   RO         5549    i.OS_TmrTask        os_tmr.o
    0x0800af30   0x00000050   Code   RO         5550    i.OS_TmrUnlink      os_tmr.o
    0x0800af80   0x0000000c   Code   RO         2755    i.PWR_BackupAccessCmd  stm32f10x_pwr.o
    0x0800af8c   0x00000020   Code   RO         1046    i.RCC_APB1PeriphClockCmd  stm32f10x_rcc.o
    0x0800afac   0x00000020   Code   RO         1048    i.RCC_APB2PeriphClockCmd  stm32f10x_rcc.o
    0x0800afcc   0x0000000c   Code   RO         1051    i.RCC_BackupResetCmd  stm32f10x_rcc.o
    0x0800afd8   0x000000d4   Code   RO         1056    i.RCC_GetClocksFreq  stm32f10x_rcc.o
    0x0800b0ac   0x0000003c   Code   RO         1057    i.RCC_GetFlagStatus  stm32f10x_rcc.o
    0x0800b0e8   0x00000034   Code   RO         1064    i.RCC_LSEConfig     stm32f10x_rcc.o
    0x0800b11c   0x0000000c   Code   RO         1071    i.RCC_RTCCLKCmd     stm32f10x_rcc.o
    0x0800b128   0x00000010   Code   RO         1072    i.RCC_RTCCLKConfig  stm32f10x_rcc.o
    0x0800b138   0x00000010   Code   RO         2816    i.RTC_ClearITPendingBit  stm32f10x_rtc.o
    0x0800b148   0x00000014   Code   RO         2817    i.RTC_EnterConfigMode  stm32f10x_rtc.o
    0x0800b15c   0x00000014   Code   RO         2818    i.RTC_ExitConfigMode  stm32f10x_rtc.o
    0x0800b170   0x00000100   Code   RO          674    i.RTC_Get           rtc.o
    0x0800b270   0x00000014   Code   RO         2819    i.RTC_GetCounter    stm32f10x_rtc.o
    0x0800b284   0x00000024   Code   RO         2822    i.RTC_GetITStatus   stm32f10x_rtc.o
    0x0800b2a8   0x00000078   Code   RO          675    i.RTC_Get_Week      rtc.o
    0x0800b320   0x00000078   Code   RO          676    i.RTC_IRQHandler    rtc.o
    0x0800b398   0x00000020   Code   RO         2823    i.RTC_ITConfig      stm32f10x_rtc.o
    0x0800b3b8   0x000000be   Code   RO          677    i.RTC_Init          rtc.o
    0x0800b476   0x00000020   Code   RO          678    i.RTC_NVIC_Config   rtc.o
    0x0800b496   0x00000002   PAD
    0x0800b498   0x000000c8   Code   RO          679    i.RTC_Set           rtc.o
    0x0800b560   0x0000001c   Code   RO         2825    i.RTC_SetCounter    stm32f10x_rtc.o
    0x0800b57c   0x00000020   Code   RO         2826    i.RTC_SetPrescaler  stm32f10x_rtc.o
    0x0800b59c   0x00000014   Code   RO         2827    i.RTC_WaitForLastTask  stm32f10x_rtc.o
    0x0800b5b0   0x00000024   Code   RO         2828    i.RTC_WaitForSynchro  stm32f10x_rtc.o
    0x0800b5d4   0x00000002   Code   RO          273    i.SVC_Handler       stm32f10x_it.o
    0x0800b5d6   0x00000008   Code   RO          345    i.SetSysClock       system_stm32f10x.o
    0x0800b5de   0x00000002   PAD
    0x0800b5e0   0x000000e0   Code   RO          346    i.SetSysClockTo72   system_stm32f10x.o
    0x0800b6c0   0x00000028   Code   RO          874    i.SysTick_CLKSourceConfig  misc.o
    0x0800b6e8   0x0000001c   Code   RO          733    i.SysTick_Handler   delay.o
    0x0800b704   0x00000060   Code   RO          348    i.SystemInit        system_stm32f10x.o
    0x0800b764   0x00000038   Code   RO         5858    i.TIM2_IRQHandler   usmart.o
    0x0800b79c   0x00000018   Code   RO         3251    i.TIM_Cmd           stm32f10x_tim.o
    0x0800b7b4   0x00000012   Code   RO         3276    i.TIM_ITConfig      stm32f10x_tim.o
    0x0800b7c6   0x00000002   PAD
    0x0800b7c8   0x000000a4   Code   RO         3322    i.TIM_TimeBaseInit  stm32f10x_tim.o
    0x0800b86c   0x0000005a   Code   RO         5859    i.Timer2_Init       usmart.o
    0x0800b8c6   0x00000002   PAD
    0x0800b8c8   0x00000090   Code   RO          812    i.USART1_IRQHandler  usart.o
    0x0800b958   0x00000018   Code   RO         1248    i.USART_Cmd         stm32f10x_usart.o
    0x0800b970   0x00000054   Code   RO         1252    i.USART_GetITStatus  stm32f10x_usart.o
    0x0800b9c4   0x0000004a   Code   RO         1254    i.USART_ITConfig    stm32f10x_usart.o
    0x0800ba0e   0x00000002   PAD
    0x0800ba10   0x000000d8   Code   RO         1255    i.USART_Init        stm32f10x_usart.o
    0x0800bae8   0x0000000a   Code   RO         1262    i.USART_ReceiveData  stm32f10x_usart.o
    0x0800baf2   0x00000004   Code   RO          274    i.UsageFault_Handler  stm32f10x_it.o
    0x0800baf6   0x0000000e   Code   RO         6072    i._is_digit         c_w.l(__printf_wp.o)
    0x0800bb04   0x00000006   Code   RO          813    i._sys_exit         usart.o
    0x0800bb0a   0x00000002   PAD
    0x0800bb0c   0x0000013c   Code   RO            2    i.check_msg_queque  main.o
    0x0800bc48   0x00000070   Code   RO          734    i.delay_init        delay.o
    0x0800bcb8   0x00000050   Code   RO          735    i.delay_ms          delay.o
    0x0800bd08   0x0000000a   Code   RO          736    i.delay_osschedlock  delay.o
    0x0800bd12   0x0000000a   Code   RO          737    i.delay_osschedunlock  delay.o
    0x0800bd1c   0x00000010   Code   RO          738    i.delay_ostimedly   delay.o
    0x0800bd2c   0x0000005c   Code   RO          739    i.delay_us          delay.o
    0x0800bd88   0x000000a0   Code   RO            3    i.flagsprocess_task  main.o
    0x0800be28   0x0000001c   Code   RO          814    i.fputc             usart.o
    0x0800be44   0x00000014   Code   RO          425    i.fsmc_sram_test_read  sram.o
    0x0800be58   0x00000010   Code   RO          426    i.fsmc_sram_test_write  sram.o
    0x0800be68   0x00000168   Code   RO            4    i.main              main.o
    0x0800bfd0   0x0000006c   Code   RO            5    i.main_task         main.o
    0x0800c03c   0x00000054   Code   RO            6    i.msgdis_task       main.o
    0x0800c090   0x0000006c   Code   RO         5788    i.my_mem_free       malloc.o
    0x0800c0fc   0x00000044   Code   RO         5789    i.my_mem_init       malloc.o
    0x0800c140   0x000000a8   Code   RO         5790    i.my_mem_malloc     malloc.o
    0x0800c1e8   0x00000040   Code   RO         5791    i.my_mem_perused    malloc.o
    0x0800c228   0x00000024   Code   RO         5792    i.myfree            malloc.o
    0x0800c24c   0x00000028   Code   RO         5793    i.mymalloc          malloc.o
    0x0800c274   0x00000014   Code   RO         5795    i.mymemset          malloc.o
    0x0800c288   0x0000000e   Code   RO          492    i.opt_delay         ili93xx.o
    0x0800c296   0x00000006   Code   RO         5860    i.read_addr         usmart.o
    0x0800c29c   0x000001bc   Code   RO            7    i.rtc_task          main.o
    0x0800c458   0x000002d0   Code   RO            8    i.start_task        main.o
    0x0800c728   0x000000a4   Code   RO            9    i.tmr1_callback     main.o
    0x0800c7cc   0x000000a0   Code   RO          815    i.uart_init         usart.o
    0x0800c86c   0x00000258   Code   RO           10    i.ucos_main_ui      main.o
    0x0800cac4   0x000000b0   Code   RO         5861    i.usmart_cmd_rec    usmart.o
    0x0800cb74   0x000002d4   Code   RO         5862    i.usmart_exe        usmart.o
    0x0800ce48   0x000000c8   Code   RO         5947    i.usmart_get_aparm  usmart_str.o
    0x0800cf10   0x00000036   Code   RO         5948    i.usmart_get_cmdname  usmart_str.o
    0x0800cf46   0x00000002   PAD
    0x0800cf48   0x000001c0   Code   RO         5949    i.usmart_get_fname  usmart_str.o
    0x0800d108   0x0000010c   Code   RO         5950    i.usmart_get_fparam  usmart_str.o
    0x0800d214   0x00000020   Code   RO         5951    i.usmart_get_parmpos  usmart_str.o
    0x0800d234   0x00000040   Code   RO         5863    i.usmart_get_runtime  usmart.o
    0x0800d274   0x00000028   Code   RO         5864    i.usmart_init       usmart.o
    0x0800d29c   0x00000016   Code   RO         5952    i.usmart_pow        usmart_str.o
    0x0800d2b2   0x00000002   PAD
    0x0800d2b4   0x00000028   Code   RO         5865    i.usmart_reset_runtime  usmart.o
    0x0800d2dc   0x000000bc   Code   RO         5866    i.usmart_scan       usmart.o
    0x0800d398   0x00000016   Code   RO         5953    i.usmart_search_nextc  usmart_str.o
    0x0800d3ae   0x000000ca   Code   RO         5954    i.usmart_str2num    usmart_str.o
    0x0800d478   0x00000022   Code   RO         5955    i.usmart_strcmp     usmart_str.o
    0x0800d49a   0x00000016   Code   RO         5956    i.usmart_strcopy    usmart_str.o
    0x0800d4b0   0x00000018   Code   RO         5957    i.usmart_strlen     usmart_str.o
    0x0800d4c8   0x000006e4   Code   RO         5867    i.usmart_sys_cmd_exe  usmart.o
    0x0800dbac   0x00000004   Code   RO         5868    i.write_addr        usmart.o
    0x0800dbb0   0x0000005a   Code   RO         6092    x$fpl$dfixu         fz_ws.l(dfixu.o)
    0x0800dc0a   0x00000026   Code   RO         6096    x$fpl$dfltu         fz_ws.l(dflt_clz.o)
    0x0800dc30   0x00000154   Code   RO         6102    x$fpl$dmul          fz_ws.l(dmul.o)
    0x0800dd84   0x0000009c   Code   RO         6122    x$fpl$dnaninf       fz_ws.l(dnaninf.o)
    0x0800de20   0x0000000c   Code   RO         6124    x$fpl$dretinf       fz_ws.l(dretinf.o)
    0x0800de2c   0x00000000   Code   RO         6126    x$fpl$usenofp       fz_ws.l(usenofp.o)
    0x0800de2c   0x000017c0   Data   RO          494    .constdata          ili93xx.o
    0x0800f5ec   0x00000018   Data   RO          681    .constdata          rtc.o
    0x0800f604   0x000000a4   Data   RO         4510    .constdata          os_cfg_app.o
    0x0800f6a8   0x0000016c   Data   RO         4778    .constdata          os_dbg.o
    0x0800f814   0x00000018   Data   RO         5800    .constdata          malloc.o
    0x0800f82c   0x00000028   Data   RO         6045    .constdata          c_w.l(_printf_hex_int.o)
    0x0800f854   0x00000011   Data   RO         6080    .constdata          c_w.l(__printf_flags_ss_wp.o)
    0x0800f865   0x00000003   PAD
    0x0800f868   0x00000028   Data   RO         5869    .conststring        usmart.o
    0x0800f890   0x00000263   Data   RO         5934    .conststring        usmart_config.o
    0x0800faf3   0x00000001   PAD
    0x0800faf4   0x00000020   Data   RO         6286    Region$$Table       anon$$obj.o


    Execution Region ER_RW (Base: 0x20000000, Size: 0x00000314, Max: 0xffffffff, ABSOLUTE, COMPRESSED[0x000000e8])

    Base Addr    Size         Type   Attr      Idx    E Section Name        Object

    0x20000000   0x0000003d   Data   RW           12    .data               main.o
    0x2000003d   0x00000003   PAD
    0x20000040   0x00000014   Data   RW          349    .data               system_stm32f10x.o
    0x20000054   0x00000001   Data   RW          393    .data               key.o
    0x20000055   0x00000001   PAD
    0x20000056   0x00000004   Data   RW          495    .data               ili93xx.o
    0x2000005a   0x00000002   Data   RW          682    .data               rtc.o
    0x2000005c   0x00000004   Data   RW          740    .data               delay.o
    0x20000060   0x00000006   Data   RW          817    .data               usart.o
    0x20000066   0x00000014   Data   RW         1076    .data               stm32f10x_rcc.o
    0x2000007a   0x00000002   PAD
    0x2000007c   0x0000001c   Data   RW         3898    .data               cpu_core.o
    0x20000098   0x00000004   Data   RW         5072    .data               os_prio.o
    0x2000009c   0x000000d0   Data   RW         5628    .data               os_var.o
    0x2000016c   0x00000004   Data   RW         5655    .data               os_cpu_c.o
    0x20000170   0x0000001c   Data   RW         5801    .data               malloc.o
    0x2000018c   0x0000001c   Data   RW         5870    .data               usmart.o
    0x200001a8   0x0000016c   Data   RW         5935    .data               usmart_config.o


    Execution Region ER_ZI (Base: 0x20000314, Size: 0x0000dccc, Max: 0xffffffff, ABSOLUTE)

    Base Addr    Size         Type   Attr      Idx    E Section Name        Object

    0x20000314   0x0000116c   Zero   RW           11    .bss                main.o
    0x20001480   0x0000000e   Zero   RW          493    .bss                ili93xx.o
    0x2000148e   0x0000000a   Zero   RW          680    .bss                rtc.o
    0x20001498   0x000000c8   Zero   RW          816    .bss                usart.o
    0x20001560   0x00000010   Zero   RW         3896    .bss                cpu_core.o
    0x20001570   0x00001490   Zero   RW         4509    .bss                os_cfg_app.o
    0x20002a00   0x00000574   Zero   RW         5627    .bss                os_var.o
    0x20002f74   0x0000000c   PAD
    0x20002f80   0x0000aa00   Zero   RW         5799    .bss                malloc.o
    0x2000d980   0x00000060   Zero   RW         6165    .bss                c_w.l(libspace.o)
    0x2000d9e0   0x00000200   Zero   RW          864    HEAP                startup_stm32f10x_hd.o
    0x2000dbe0   0x00000400   Zero   RW          863    STACK               startup_stm32f10x_hd.o



  Load Region LR$$.ARM.__AT_0x68000000 (Base: 0x68000000, Size: 0x00000000, Max: 0x000f0000, ABSOLUTE)

    Execution Region ER$$.ARM.__AT_0x68000000 (Base: 0x68000000, Size: 0x000f0000, Max: 0x000f0000, ABSOLUTE, UNINIT)

    Base Addr    Size         Type   Attr      Idx    E Section Name        Object

    0x68000000   0x000f0000   Zero   RW         5797    .ARM.__AT_0x68000000  malloc.o



  Load Region LR$$.ARM.__AT_0x680F0000 (Base: 0x680f0000, Size: 0x00000000, Max: 0x0000f000, ABSOLUTE)

    Execution Region ER$$.ARM.__AT_0x680F0000 (Base: 0x680f0000, Size: 0x0000f000, Max: 0x0000f000, ABSOLUTE, UNINIT)

    Base Addr    Size         Type   Attr      Idx    E Section Name        Object

    0x680f0000   0x0000f000   Zero   RW         5798    .ARM.__AT_0x680F0000  malloc.o


==============================================================================

Image component sizes


      Code (inc. data)   RO Data    RW Data    ZI Data      Debug   Object Name

        56          6          0          0          0        476   beep.o
        80         14          0          0          0       1462   bsp.o
        52          0          0          0          0        328   cpu_a.o
       540         98          0         28         16      16081   cpu_core.o
       348         44          0          4          0       3681   delay.o
     18260        220       6080          4         14      26630   ili93xx.o
       260         20          0          1          0       1130   key.o
        76          8          0          0          0        483   led.o
       116          0          0          0          0       1820   lib_mem.o
      3296        804          0         61       4460     301461   main.o
       504         60         24         28    1088000       5789   malloc.o
       172         22          0          0          0       1985   misc.o
       154         56          0          0          0       3800   os_app_hooks.o
         2          0        164          0       5264      20882   os_cfg_app.o
      3114        424          0          0          0      20142   os_core.o
       152         32          0          0          0        384   os_cpu_a.o
       544         60          0          4          0       6692   os_cpu_c.o
       436        286        364          0          0       4745   os_dbg.o
      2922         98          0          0          0       7837   os_flag.o
      1176        204          0          0          0       3306   os_int.o
        24         10          0          0          0        825   os_mem.o
       570         32          0          0          0       3918   os_msg.o
        24         10          0          0          0        831   os_mutex.o
       136         16          0          4          0       2690   os_prio.o
      1464         70          0          0          0       5415   os_q.o
       432         14          0          0          0       2114   os_sem.o
      1772        214          0          0          0       3907   os_stat.o
      5460        260          0          0          0      13164   os_task.o
      1348        124          0          0          0       5233   os_tick.o
       960         46          0          0          0       2953   os_time.o
      1592        178          0          0          0       7298   os_tmr.o
         0          0          0        208       1396      19453   os_var.o
       976         72         24          2         10       5446   rtc.o
       434         40          0          0          0       3053   sram.o
        64         26        304          0       1536        784   startup_stm32f10x_hd.o
        72         10          0          0          0       2612   stm32f10x_bkp.o
       304          0          0          0          0       3552   stm32f10x_gpio.o
        22          0          0          0          0       2763   stm32f10x_it.o
        12          6          0          0          0        494   stm32f10x_pwr.o
       428         58          0         20          0       6970   stm32f10x_rcc.o
       260         48          0          0          0       4944   stm32f10x_rtc.o
       206         42          0          0          0       2252   stm32f10x_tim.o
       408          6          0          0          0       4850   stm32f10x_usart.o
         0          0          0          0          0         32   sys.o
       328         28          0         20          0       1997   system_stm32f10x.o
       338         26          0          6        200       4044   usart.o
      3152       1314         40         28          0       7258   usmart.o
         0          0        611        364          0       1624   usmart_config.o
      1328         20          0          0          0       8085   usmart_str.o

    ----------------------------------------------------------------------
     54410       5126       7644        788    1100908     557675   Object Totals
         0          0         32          0          0          0   (incl. Generated)
        36          0          1          6         12          0   (incl. Padding)

    ----------------------------------------------------------------------

      Code (inc. data)   RO Data    RW Data    ZI Data      Debug   Library Member Name

        90          0          0          0          0          0   __dczerorl2.o
         8          0          0          0          0         68   __main.o
       392          4         17          0          0         92   __printf_flags_ss_wp.o
        14          0          0          0          0         68   __printf_wp.o
         0          0          0          0          0          0   __rtentry.o
        12          0          0          0          0          0   __rtentry2.o
         6          0          0          0          0          0   __rtentry4.o
        52          8          0          0          0          0   __scatter.o
        28          0          0          0          0          0   __scatter_zi.o
         6          0          0          0          0          0   _printf_c.o
        44          0          0          0          0        108   _printf_char.o
        48          6          0          0          0         96   _printf_char_common.o
        36          4          0          0          0         80   _printf_char_file.o
         6          0          0          0          0          0   _printf_d.o
       120         16          0          0          0         92   _printf_dec.o
        88          4         40          0          0         88   _printf_hex_int.o
       178          0          0          0          0         88   _printf_intcommon.o
        78          0          0          0          0        108   _printf_pad.o
         0          0          0          0          0          0   _printf_percent.o
         4          0          0          0          0          0   _printf_percent_end.o
         6          0          0          0          0          0   _printf_s.o
        82          0          0          0          0         80   _printf_str.o
         6          0          0          0          0          0   _printf_u.o
         6          0          0          0          0          0   _printf_x.o
        10          0          0          0          0         68   _sputc.o
        12          0          0          0          0         72   exit.o
         8          0          0          0          0         68   ferror.o
         6          0          0          0          0        152   heapauxi.o
         2          0          0          0          0          0   libinit.o
         2          0          0          0          0          0   libinit2.o
         2          0          0          0          0          0   libshutdown.o
         2          0          0          0          0          0   libshutdown2.o
         8          4          0          0         96         68   libspace.o
        24          4          0          0          0         84   noretval__2printf.o
        40          6          0          0          0         84   noretval__2sprintf.o
         2          0          0          0          0          0   rtexit.o
        10          0          0          0          0          0   rtexit2.o
        74          0          0          0          0         80   sys_stackheap_outer.o
         2          0          0          0          0         68   use_no_semi.o
         2          0          0          0          0         68   use_no_semi_2.o
        90          4          0          0          0         92   dfixu.o
        38          0          0          0          0         68   dflt_clz.o
       340         12          0          0          0        104   dmul.o
       156          4          0          0          0         92   dnaninf.o
        12          0          0          0          0         68   dretinf.o
         0          0          0          0          0          0   usenofp.o

    ----------------------------------------------------------------------
      2162         76         60          0         96       2204   Library Totals
        10          0          3          0          0          0   (incl. Padding)

    ----------------------------------------------------------------------

      Code (inc. data)   RO Data    RW Data    ZI Data      Debug   Library Name

      1516         56         57          0         96       1780   c_w.l
       636         20          0          0          0        424   fz_ws.l

    ----------------------------------------------------------------------
      2162         76         60          0         96       2204   Library Totals

    ----------------------------------------------------------------------

==============================================================================


      Code (inc. data)   RO Data    RW Data    ZI Data      Debug   

     56572       5202       7704        788    1101004     544795   Grand Totals
     56572       5202       7704        232    1101004     544795   ELF Image Totals (compressed)
     56572       5202       7704        232          0          0   ROM Totals

==============================================================================

    Total RO  Size (Code + RO Data)                64276 (  62.77kB)
    Total RW  Size (RW Data + ZI Data)           1101792 (1075.97kB)
    Total ROM Size (Code + RO Data + RW Data)      64508 (  63.00kB)

==============================================================================

